
Running 828 tests using 1 worker

[1/828] tests\e2e\01-setup.spec.ts:35:1 › shows welcome step on first launch
[2/828] tests\e2e\01-setup.spec.ts:42:1 › advances to mascot step
[3/828] tests\e2e\01-setup.spec.ts:49:1 › selects Penny mascot then switches back to Buck
[4/828] tests\e2e\01-setup.spec.ts:56:1 › advances to key generation step
[5/828] tests\e2e\01-setup.spec.ts:63:1 › generates a key pair
[6/828] tests\e2e\01-setup.spec.ts:74:1 › copies private key to clipboard
[7/828] tests\e2e\01-setup.spec.ts:85:1 › advances past save-key step
[8/828] tests\e2e\01-setup.spec.ts:92:1 › requires a household name
[9/828] tests\e2e\01-setup.spec.ts:99:1 › fills profile and finalizes setup
[10/828] tests\e2e\01-setup.spec.ts:106:1 › adds a household member on the done screen
[11/828] tests\e2e\01-setup.spec.ts:114:1 › enters the app and lands on dashboard
[12/828] tests\e2e\02-income.spec.ts:39:1 › income page loads with household members card
[13/828] tests\e2e\02-income.spec.ts:44:1 › adds a second household member
[14/828] tests\e2e\02-income.spec.ts:51:1 › shows add-source button after members exist
[15/828] tests\e2e\02-income.spec.ts:55:1 › adds a monthly income source
[16/828] tests\e2e\02-income.spec.ts:76:1 › monthly total updates after adding source
[17/828] tests\e2e\02-income.spec.ts:83:1 › month label shows current month and next button is disabled
[18/828] tests\e2e\02-income.spec.ts:90:1 › prev button navigates to previous month; YTD panel hidden on past months
[19/828] tests\e2e\02-income.spec.ts:111:1 › adds a one-time income source
[20/828] tests\e2e\02-income.spec.ts:129:1 › monthly total shows recurring and one-time breakdown when both are present
[21/828] tests\e2e\02-income.spec.ts:140:1 › one-time source is hidden when viewing a different month
[22/828] tests\e2e\02-income.spec.ts:157:1 › edits an income source
[23/828] tests\e2e\02-income.spec.ts:168:1 › toggles a source inactive
[24/828] tests\e2e\02-income.spec.ts:174:1 › deletes an income source
[25/828] tests\e2e\02-income.spec.ts:183:1 › removes a household member
[26/828] tests\e2e\03-expenses.spec.ts:33:1 › expenses page loads
[27/828] tests\e2e\03-expenses.spec.ts:39:1 › adds a category
[28/828] tests\e2e\03-expenses.spec.ts:49:1 › adds a second category
[29/828] tests\e2e\03-expenses.spec.ts:57:1 › adds a recurring expense
[30/828] tests\e2e\03-expenses.spec.ts:76:1 › adds a one-time expense
[31/828] tests\e2e\03-expenses.spec.ts:90:1 › monthly total reflects recurring expenses only
[32/828] tests\e2e\03-expenses.spec.ts:95:1 › filters by category
[33/828] tests\e2e\03-expenses.spec.ts:106:1 › edits an expense
[34/828] tests\e2e\03-expenses.spec.ts:118:1 › deletes an expense
[35/828] tests\e2e\03-expenses.spec.ts:127:1 › removes a category
[36/828] (retries) tests\e2e\03-expenses.spec.ts:127:1 › removes a category (retry #1)
  1) tests\e2e\03-expenses.spec.ts:127:1 › removes a category ──────────────────────────────────────

    Error: expect(locator).toBeVisible() failed

    Locator: locator('[data-testid="modal-dialog"]')
    Expected: visible
    Timeout: 15000ms
    Error: element(s) not found

    Call log:
      - Expect "toBeVisible" with timeout 15000ms
      - waiting for locator('[data-testid="modal-dialog"]')


      128 |   const pill = page.locator('[data-testid="category-pill"]').filter({ hasText: 'Utilities' });
      129 |   await pill.locator('[data-testid="category-remove"]').click();
    > 130 |   await expect(page.locator('[data-testid="modal-dialog"]')).toBeVisible();
          |                                                              ^
      131 |   await page.click('[data-testid="confirm-ok"]');
      132 |   await expect(pill).not.toBeVisible();
      133 |   await page.screenshot({ path: 'tests/screenshots/expenses-08-category-removed.png' });
        at K:\code\finance-finger\tests\e2e\03-expenses.spec.ts:130:62

    attachment #1: screenshot (image/png) ──────────────────────────────────────────────────────────
    test-results\03-expenses-removes-a-category\test-failed-1.png
    ────────────────────────────────────────────────────────────────────────────────────────────────

    attachment #2: screenshot (image/png) ──────────────────────────────────────────────────────────
    test-results\03-expenses-removes-a-category\test-failed-2.png
    ────────────────────────────────────────────────────────────────────────────────────────────────

    Error Context: test-results\03-expenses-removes-a-category\error-context.md

    Error Context: test-results\03-expenses-removes-a-category\error-context.md

    attachment #5: trace (application/zip) ─────────────────────────────────────────────────────────
    test-results\03-expenses-removes-a-category\trace.zip
    Usage:

        npx playwright show-trace test-results\03-expenses-removes-a-category\trace.zip

    ────────────────────────────────────────────────────────────────────────────────────────────────

    Retry #1 ───────────────────────────────────────────────────────────────────────────────────────

    TimeoutError: locator.click: Timeout 15000ms exceeded.
    Call log:
      - waiting for locator('[data-testid="category-pill"]').filter({ hasText: 'Utilities' }).locator('[data-testid="category-remove"]')


      127 | test('removes a category', async () => {
      128 |   const pill = page.locator('[data-testid="category-pill"]').filter({ hasText: 'Utilities' });
    > 129 |   await pill.locator('[data-testid="category-remove"]').click();
          |                                                         ^
      130 |   await expect(page.locator('[data-testid="modal-dialog"]')).toBeVisible();
      131 |   await page.click('[data-testid="confirm-ok"]');
      132 |   await expect(pill).not.toBeVisible();
        at K:\code\finance-finger\tests\e2e\03-expenses.spec.ts:129:57

    attachment #1: screenshot (image/png) ──────────────────────────────────────────────────────────
    test-results\03-expenses-removes-a-category-retry1\test-finished-2.png
    ────────────────────────────────────────────────────────────────────────────────────────────────

    attachment #2: screenshot (image/png) ──────────────────────────────────────────────────────────
    test-results\03-expenses-removes-a-category-retry1\test-finished-1.png
    ────────────────────────────────────────────────────────────────────────────────────────────────

    Error Context: test-results\03-expenses-removes-a-category-retry1\error-context.md

    Error Context: test-results\03-expenses-removes-a-category-retry1\error-context.md

    attachment #5: trace (application/zip) ─────────────────────────────────────────────────────────
    test-results\03-expenses-removes-a-category-retry1\trace.zip
    Usage:

        npx playwright show-trace test-results\03-expenses-removes-a-category-retry1\trace.zip

    ────────────────────────────────────────────────────────────────────────────────────────────────


[37/828] tests\e2e\03b-expense-bills.spec.ts:60:1 › adds a Utilities category for bill testing
[38/828] tests\e2e\03b-expense-bills.spec.ts:70:1 › due-day field appears when recurring is checked
[39/828] tests\e2e\03b-expense-bills.spec.ts:85:1 › adds a past-due recurring bill (Electric Bill)
[40/828] tests\e2e\03b-expense-bills.spec.ts:103:1 › adds a due-soon recurring bill (Water Bill)
[41/828] tests\e2e\03b-expense-bills.spec.ts:123:1 › past-due bill shows the past-due badge
[42/828] tests\e2e\03b-expense-bills.spec.ts:130:1 › past-due bill row has red left-border styling
[43/828] tests\e2e\03b-expense-bills.spec.ts:137:1 › past-due bill shows the Mark Paid button
[44/828] tests\e2e\03b-expense-bills.spec.ts:144:1 › due-soon bill shows the due-soon badge with clock icon
[45/828] tests\e2e\03b-expense-bills.spec.ts:152:1 › due-soon bill row has amber left-border styling
[46/828] tests\e2e\03b-expense-bills.spec.ts:160:1 › due-soon bill shows the Mark Paid button
[47/828] tests\e2e\03b-expense-bills.spec.ts:168:1 › clicking Mark Paid opens an amount dialog
[48/828] tests\e2e\03b-expense-bills.spec.ts:180:1 › submitting the mark-paid dialog marks the Water Bill as paid
[49/828] tests\e2e\03b-expense-bills.spec.ts:194:1 › paid bill row has green left-border styling
[50/828] tests\e2e\03b-expense-bills.spec.ts:202:1 › Mark Paid button is gone after the bill is paid
[51/828] tests\e2e\03b-expense-bills.spec.ts:208:1 › paid bill date label starts with Paid
[52/828] tests\e2e\03b-expense-bills.spec.ts:216:1 › recurring badge on a bill shows the next due date
[53/828] tests\e2e\03b-expense-bills.spec.ts:224:1 › dashboard shows a payment reminders card for past-due bills
[54/828] tests\e2e\03b-expense-bills.spec.ts:231:1 › paid bill does not appear in the dashboard reminders card
[55/828] tests\e2e\03b-expense-bills.spec.ts:236:1 › reminders card shows a past-due label for the Electric Bill
[56/828] tests\e2e\03b-expense-bills.spec.ts:242:1 › reminders card manage link says View bills when no debt alerts exist
[57/828] tests\e2e\04-debt.spec.ts:30:1 › debt page loads with add button
[58/828] tests\e2e\04-debt.spec.ts:35:1 › adds a credit card debt
[59/828] tests\e2e\04-debt.spec.ts:54:1 › adds a mortgage
[60/828] tests\e2e\04-debt.spec.ts:70:1 › adds a medical debt
[61/828] tests\e2e\04-debt.spec.ts:89:1 › adds an auto loan
[62/828] tests\e2e\04-debt.spec.ts:105:1 › debt total reflects all accounts
[63/828] tests\e2e\04-debt.spec.ts:111:1 › edits the credit card
[64/828] tests\e2e\04-debt.spec.ts:127:1 › strategy tabs are visible
[65/828] tests\e2e\04-debt.spec.ts:134:1 › switches payoff strategy to avalanche
[66/828] tests\e2e\04-debt.spec.ts:140:1 › deletes the medical debt
[67/828] tests\e2e\04b-debt-payments.spec.ts:74:1 › Chase Freedom shows High APR badge (APR ≥ 20%)
[68/828] tests\e2e\04b-debt-payments.spec.ts:80:1 › Chase Freedom has a priority selector for manual payoff ordering
[69/828] tests\e2e\04b-debt-payments.spec.ts:85:1 › Discover Card shows High APR badge but not Priority (balance under $5k)
[70/828] tests\e2e\04b-debt-payments.spec.ts:92:1 › Discover Card does not show Pay first badge (not highest APR)
[71/828] tests\e2e\04b-debt-payments.spec.ts:97:1 › Student Loan shows no APR or priority badges (6.80% APR)
[72/828] tests\e2e\04b-debt-payments.spec.ts:106:1 › Pay button is visible on every debt row
[73/828] tests\e2e\04b-debt-payments.spec.ts:113:1 › Pay modal opens with amount, date, type, and note fields
[74/828] tests\e2e\04b-debt-payments.spec.ts:126:1 › Pay modal pre-fills minimum when configured ($50 fixed on Chase Freedom)
[75/828] tests\e2e\04b-debt-payments.spec.ts:134:1 › records a regular payment and reduces the balance
[76/828] tests\e2e\04b-debt-payments.spec.ts:150:1 › history toggle appears showing 1 after the regular payment
[77/828] tests\e2e\04b-debt-payments.spec.ts:159:1 › expanding history shows the regular payment entry
[78/828] tests\e2e\04b-debt-payments.spec.ts:178:1 › toggle shows ↑ while history is open
[79/828] tests\e2e\04b-debt-payments.spec.ts:183:1 › history panel collapses on second toggle click
[80/828] tests\e2e\04b-debt-payments.spec.ts:194:1 › records an extra payment and reduces balance further
[81/828] tests\e2e\04b-debt-payments.spec.ts:210:1 › history toggle shows 2 after extra payment
[82/828] tests\e2e\04b-debt-payments.spec.ts:215:1 › history lists extra payment first (newest-first) with correct badge
[83/828] tests\e2e\04b-debt-payments.spec.ts:239:1 › deleting extra payment restores balance
[84/828] tests\e2e\04b-debt-payments.spec.ts:258:1 › history toggle drops back to 1 after deletion
[85/828] tests\e2e\04b-debt-payments.spec.ts:265:1 › Pay modal for Discover Card has empty amount (no minimum set)
[86/828] tests\e2e\04b-debt-payments.spec.ts:274:1 › submitting with empty amount shows validation error
[87/828] tests\e2e\04b-debt-payments.spec.ts:282:1 › submitting with zero amount shows validation error
[88/828] tests\e2e\04b-debt-payments.spec.ts:289:1 › cancelling payment modal leaves balance unchanged
[89/828] tests\e2e\04b-debt-payments.spec.ts:300:1 › debt total is correct after payment activity
[90/828] tests\e2e\04b-debt-payments.spec.ts:312:1 › deleting a debt account with payments removes cleanly
[91/828] tests\e2e\04c-debt-charges.spec.ts:95:1 › Intro APR Card shows 0% Intro badge
[92/828] tests\e2e\04c-debt-charges.spec.ts:101:1 › Intro APR Card APR row shows 0% until date then post-intro rate
[93/828] tests\e2e\04c-debt-charges.spec.ts:108:1 › Intro APR Card does not show High APR badge (suppressed by intro badge)
[94/828] tests\e2e\04c-debt-charges.spec.ts:113:1 › Visa Pay Test shows normal APR display (no intro APR)
[95/828] tests\e2e\04c-debt-charges.spec.ts:119:1 › editing Intro APR Card preserves 0% intro checkbox as checked
[96/828] tests\e2e\04c-debt-charges.spec.ts:132:1 › balance-over-time card has horizon toggle with 8 buttons (1Y–30Y)
[97/828] tests\e2e\04c-debt-charges.spec.ts:145:1 › 2Y horizon button is active by default
[98/828] tests\e2e\04c-debt-charges.spec.ts:151:1 › clicking 5Y activates it and deactivates 2Y
[99/828] tests\e2e\04c-debt-charges.spec.ts:158:1 › Horizon Trap Card schedule shows truncation note at 5Y (payment < interest, balance grows)
[100/828] tests\e2e\04c-debt-charges.spec.ts:176:1 › Charges button is visible on card rows
[101/828] tests\e2e\04c-debt-charges.spec.ts:186:1 › charges panel is hidden by default
[102/828] tests\e2e\04c-debt-charges.spec.ts:191:1 › clicking Charges button opens the charges panel
[103/828] tests\e2e\04c-debt-charges.spec.ts:199:1 › empty charges panel shows no charges text and Add charge button
[104/828] tests\e2e\04c-debt-charges.spec.ts:206:1 › clicking Charges button again collapses the panel
[105/828] tests\e2e\04c-debt-charges.spec.ts:215:1 › Add charge modal opens with correct fields
[106/828] tests\e2e\04c-debt-charges.spec.ts:232:1 › add charge modal validates empty merchant
[107/828] tests\e2e\04c-debt-charges.spec.ts:239:1 › add charge modal validates missing amount
[108/828] tests\e2e\04c-debt-charges.spec.ts:247:1 › submitting a valid charge closes modal and persists the charge
[109/828] tests\e2e\04c-debt-charges.spec.ts:268:1 › charges button updates to show count after first charge
[110/828] tests\e2e\04c-debt-charges.spec.ts:276:1 › merchant breakdown pill appears for Amazon after first charge
[111/828] tests\e2e\04c-debt-charges.spec.ts:290:1 › adding second Amazon charge shows combined total in breakdown
[112/828] tests\e2e\04c-debt-charges.spec.ts:314:1 › adding an Etsy charge shows both merchants in breakdown
[113/828] tests\e2e\04c-debt-charges.spec.ts:338:1 › deleting a charge reduces the item count and updates breakdown
[114/828] tests\e2e\04c-debt-charges.spec.ts:355:1 › charges button shows count 2 after deletion
[115/828] tests\e2e\04c-debt-charges.spec.ts:363:1 › recording a debt payment reduces the balance
[116/828] tests\e2e\04c-debt-charges.spec.ts:377:1 › expenses page does not show a phantom expense entry for the debt payment
[117/828] tests\e2e\04c-debt-charges.spec.ts:389:1 › deleting a card account also removes its charges
[118/828] tests\e2e\04d-debt-payment-status.spec.ts:49:1 › adds a credit card with a past-due date
[119/828] tests\e2e\04d-debt-payment-status.spec.ts:64:1 › sets minimum payment on past-due card via edit
[120/828] tests\e2e\04d-debt-payment-status.spec.ts:75:1 › adds a credit card due within the week
[121/828] tests\e2e\04d-debt-payment-status.spec.ts:91:1 › sets minimum payment on due-soon card via edit
[122/828] tests\e2e\04d-debt-payment-status.spec.ts:103:1 › adds a credit card with no due day for partial-payment testing
[123/828] tests\e2e\04d-debt-payment-status.spec.ts:118:1 › sets minimum payment on partial-pay card via edit
[124/828] tests\e2e\04d-debt-payment-status.spec.ts:131:1 › past-due card shows the past-due badge
[125/828] tests\e2e\04d-debt-payment-status.spec.ts:138:1 › past-due card row has red left-border styling
[126/828] tests\e2e\04d-debt-payment-status.spec.ts:145:1 › due-soon card shows the due-soon badge with clock icon
[127/828] tests\e2e\04d-debt-payment-status.spec.ts:153:1 › due-soon card row has amber left-border styling
[128/828] tests\e2e\04d-debt-payment-status.spec.ts:163:1 › recording a payment at the minimum changes status to paid
[129/828] tests\e2e\04d-debt-payment-status.spec.ts:178:1 › paid card row has green left-border styling
[130/828] tests\e2e\04d-debt-payment-status.spec.ts:186:1 › payment history panel shows a paid chip for the current month
[131/828] tests\e2e\04d-debt-payment-status.spec.ts:204:1 › a payment below the minimum shows the partial badge
[132/828] tests\e2e\04d-debt-payment-status.spec.ts:220:1 › dashboard shows a payment reminders card when cards are past due
[133/828] tests\e2e\04d-debt-payment-status.spec.ts:227:1 › past-due account row appears with past-due label in the reminders card
[134/828] tests\e2e\05-dashboard.spec.ts:40:1 › dashboard loads with four summary cards
[135/828] tests\e2e\05-dashboard.spec.ts:48:1 › summary cards show em-dash when no financial data exists
[136/828] tests\e2e\05-dashboard.spec.ts:59:1 › month nav is visible in the page header
[137/828] tests\e2e\05-dashboard.spec.ts:66:1 › next-month button is disabled on the current month
[138/828] tests\e2e\05-dashboard.spec.ts:70:1 › navigates to previous month and back
[139/828] tests\e2e\05-dashboard.spec.ts:88:1 › monthly activity section is visible with log buttons
[140/828] tests\e2e\05-dashboard.spec.ts:96:1 › logs a one-time income item
[141/828] tests\e2e\05-dashboard.spec.ts:110:1 › income summary card shows breakdown after one-time income is logged
[142/828] tests\e2e\05-dashboard.spec.ts:117:1 › logs a one-time expense item
[143/828] tests\e2e\05-dashboard.spec.ts:131:1 › expense summary card shows breakdown after one-time expense is logged
[144/828] tests\e2e\05-dashboard.spec.ts:136:1 › net cash flow card shows both components in breakdown
[145/828] tests\e2e\05-dashboard.spec.ts:144:1 › clicking Custom Range replaces month nav with date inputs
[146/828] tests\e2e\05-dashboard.spec.ts:155:1 › applying a custom range shows the Period Report
[147/828] tests\e2e\05-dashboard.spec.ts:167:1 › period report shows at least one month row and a total row
[148/828] tests\e2e\05-dashboard.spec.ts:173:1 › summary cards show period totals in custom range mode
[149/828] tests\e2e\05-dashboard.spec.ts:179:1 › expanding a month row with items reveals the detail panel
[150/828] tests\e2e\05-dashboard.spec.ts:192:1 › collapsing the expanded month row hides the detail panel
[151/828] tests\e2e\05-dashboard.spec.ts:201:1 › clearing custom range returns to month navigation mode
[152/828] tests\e2e\05-dashboard.spec.ts:211:1 › one-time items are still visible after returning to month mode
[153/828] tests\e2e\06-export-import.spec.ts:136:1 › export modal shows error when no recipient key is provided
[154/828] tests\e2e\06-export-import.spec.ts:153:1 › import modal shows error when message field is empty
[155/828] tests\e2e\06-export-import.spec.ts:168:1 › import modal shows error when private key field is empty
[156/828] tests\e2e\06-export-import.spec.ts:184:1 › import modal shows error when passphrase is empty
[157/828] tests\e2e\06-export-import.spec.ts:201:1 › import modal shows decryption error for wrong passphrase
[158/828] tests\e2e\06-export-import.spec.ts:220:1 › import succeeds with matching private key and passphrase
[159/828] tests\e2e\06-export-import.spec.ts:235:1 › imported member appears in Context B after page reload
[160/828] tests\e2e\06-export-import.spec.ts:257:1 › income source created in Context A appears in Context B after import
[161/828] tests\e2e\06-export-import.spec.ts:268:1 › expense created in Context A appears in Context B after import
[162/828] tests\e2e\06-export-import.spec.ts:279:1 › expense category created in Context A appears in Context B after import
[163/828] tests\e2e\06-export-import.spec.ts:285:1 › bank accounts created in Context A appear in Context B after import
[164/828] tests\e2e\06-export-import.spec.ts:296:1 › account transfer survives the export/import roundtrip: Export Checking balance reflects the $250 transfer out
[165/828] (retries) tests\e2e\06-export-import.spec.ts:296:1 › account transfer survives the export/import roundtrip: Export Checking balance reflects the $250 transfer out (retry #1)
  2) tests\e2e\06-export-import.spec.ts:296:1 › account transfer survives the export/import roundtrip: Export Checking balance reflects the $250 transfer out 

    Error: expect(locator).toContainText(expected) failed

    Locator: locator('[data-testid="account-row"]').filter({ hasText: 'Export Checking' }).locator('[data-testid="account-actual-balance"]')
    Expected substring: "750"
    Received string:    "$1,000.00"
    Timeout: 15000ms

    Call log:
      - Expect "toContainText" with timeout 15000ms
      - waiting for locator('[data-testid="account-row"]').filter({ hasText: 'Export Checking' }).locator('[data-testid="account-actual-balance"]')
        32 × locator resolved to <span class="account-row-balance" data-testid="account-actual-balance">$1,000.00</span>
           - unexpected value "$1,000.00"


      297 |   // Export Checking initial balance $1,000 minus the $250 transfer = $750
      298 |   const checkingRow = pageB.locator('[data-testid="account-row"]').filter({ hasText: 'Export Checking' });
    > 299 |   await expect(checkingRow.locator('[data-testid="account-actual-balance"]')).toContainText('750');
          |                                                                               ^
      300 |   await pageB.screenshot({ path: 'tests/screenshots/ei-08-transfer-roundtrip.png' });
      301 | });
      302 |
        at K:\code\finance-finger\tests\e2e\06-export-import.spec.ts:299:79

    attachment #1: screenshot (image/png) ──────────────────────────────────────────────────────────
    test-results\06-export-import-account-t-06b6a-flects-the-250-transfer-out\test-failed-4.png
    ────────────────────────────────────────────────────────────────────────────────────────────────

    attachment #2: screenshot (image/png) ──────────────────────────────────────────────────────────
    test-results\06-export-import-account-t-06b6a-flects-the-250-transfer-out\test-failed-2.png
    ────────────────────────────────────────────────────────────────────────────────────────────────

    attachment #3: screenshot (image/png) ──────────────────────────────────────────────────────────
    test-results\06-export-import-account-t-06b6a-flects-the-250-transfer-out\test-failed-3.png
    ────────────────────────────────────────────────────────────────────────────────────────────────

    attachment #4: screenshot (image/png) ──────────────────────────────────────────────────────────
    test-results\06-export-import-account-t-06b6a-flects-the-250-transfer-out\test-failed-1.png
    ────────────────────────────────────────────────────────────────────────────────────────────────

    Error Context: test-results\06-export-import-account-t-06b6a-flects-the-250-transfer-out\error-context.md

    Error Context: test-results\06-export-import-account-t-06b6a-flects-the-250-transfer-out\error-context.md

    attachment #7: trace (application/zip) ─────────────────────────────────────────────────────────
    test-results\06-export-import-account-t-06b6a-flects-the-250-transfer-out\trace.zip
    Usage:

        npx playwright show-trace test-results\06-export-import-account-t-06b6a-flects-the-250-transfer-out\trace.zip

    ────────────────────────────────────────────────────────────────────────────────────────────────

    Retry #1 ───────────────────────────────────────────────────────────────────────────────────────

    Error: expect(locator).toContainText(expected) failed

    Locator: locator('[data-testid="account-row"]').filter({ hasText: 'Export Checking' }).locator('[data-testid="account-actual-balance"]')
    Expected substring: "750"
    Timeout: 15000ms
    Error: element(s) not found

    Call log:
      - Expect "toContainText" with timeout 15000ms
      - waiting for locator('[data-testid="account-row"]').filter({ hasText: 'Export Checking' }).locator('[data-testid="account-actual-balance"]')


      297 |   // Export Checking initial balance $1,000 minus the $250 transfer = $750
      298 |   const checkingRow = pageB.locator('[data-testid="account-row"]').filter({ hasText: 'Export Checking' });
    > 299 |   await expect(checkingRow.locator('[data-testid="account-actual-balance"]')).toContainText('750');
          |                                                                               ^
      300 |   await pageB.screenshot({ path: 'tests/screenshots/ei-08-transfer-roundtrip.png' });
      301 | });
      302 |
        at K:\code\finance-finger\tests\e2e\06-export-import.spec.ts:299:79

    attachment #1: screenshot (image/png) ──────────────────────────────────────────────────────────
    test-results\06-export-import-account-t-06b6a-flects-the-250-transfer-out-retry1\test-finished-2.png
    ────────────────────────────────────────────────────────────────────────────────────────────────

    attachment #2: screenshot (image/png) ──────────────────────────────────────────────────────────
    test-results\06-export-import-account-t-06b6a-flects-the-250-transfer-out-retry1\test-finished-4.png
    ────────────────────────────────────────────────────────────────────────────────────────────────

    Error Context: test-results\06-export-import-account-t-06b6a-flects-the-250-transfer-out-retry1\error-context.md

    Error Context: test-results\06-export-import-account-t-06b6a-flects-the-250-transfer-out-retry1\error-context.md

    attachment #5: trace (application/zip) ─────────────────────────────────────────────────────────
    test-results\06-export-import-account-t-06b6a-flects-the-250-transfer-out-retry1\trace.zip
    Usage:

        npx playwright show-trace test-results\06-export-import-account-t-06b6a-flects-the-250-transfer-out-retry1\trace.zip

    ────────────────────────────────────────────────────────────────────────────────────────────────


[166/828] tests\e2e\07-settings.spec.ts:33:1 › settings page renders household section
[167/828] tests\e2e\07-settings.spec.ts:39:1 › household name input shows current value
[168/828] tests\e2e\07-settings.spec.ts:49:1 › can update household name
[169/828] tests\e2e\07-settings.spec.ts:57:1 › updated household name appears on dashboard
[170/828] tests\e2e\07-settings.spec.ts:65:1 › members list is visible
[171/828] tests\e2e\07-settings.spec.ts:69:1 › add-member button is visible
[172/828] tests\e2e\07-settings.spec.ts:75:1 › clicking add-member reveals the add form
[173/828] tests\e2e\07-settings.spec.ts:82:1 › can type a member name
[174/828] tests\e2e\07-settings.spec.ts:87:1 › selecting member type buttons is interactive
[175/828] tests\e2e\07-settings.spec.ts:94:1 › confirming add saves the member and shows them in the list
[176/828] tests\e2e\07-settings.spec.ts:102:1 › add-member button reappears after adding
[177/828] tests\e2e\07-settings.spec.ts:106:1 › added member shows remove button
[178/828] tests\e2e\07-settings.spec.ts:113:1 › cancel on add form hides the form without adding
[179/828] tests\e2e\07-settings.spec.ts:127:1 › can remove a member
[180/828] tests\e2e\08-budget.spec.ts:57:1 › budget page shows empty state when no income or expenses exist
[181/828] tests\e2e\08-budget.spec.ts:66:1 › set up: add a monthly income source
[182/828] tests\e2e\08-budget.spec.ts:86:1 › budget summary shows income after adding a source
[183/828] tests\e2e\08-budget.spec.ts:95:1 › surplus stat shows full income when no expenses
[184/828] tests\e2e\08-budget.spec.ts:101:1 › cash flow card is visible when income exists
[185/828] tests\e2e\08-budget.spec.ts:108:1 › set up: add a recurring expense with a category
[186/828] tests\e2e\08-budget.spec.ts:130:1 › budget summary shows expenses after adding a recurring expense
[187/828] tests\e2e\08-budget.spec.ts:138:1 › surplus is income minus expenses
[188/828] tests\e2e\08-budget.spec.ts:145:1 › category breakdown card is visible with at least one row
[189/828] tests\e2e\08-budget.spec.ts:152:1 › donut chart card is visible
[190/828] tests\e2e\08-budget.spec.ts:158:1 › cash flow card shows income, expenses, and surplus bars
[191/828] tests\e2e\09-expense-thresholds.spec.ts:63:1 › adds a Utilities category for threshold tests
[192/828] tests\e2e\09-expense-thresholds.spec.ts:73:1 › threshold field is hidden before recurring is checked
[193/828] tests\e2e\09-expense-thresholds.spec.ts:81:1 › threshold field appears after checking recurring
[194/828] tests\e2e\09-expense-thresholds.spec.ts:92:1 › can add a recurring bill with a monthly threshold
[195/828] tests\e2e\09-expense-thresholds.spec.ts:113:1 › expense row shows a threshold badge
[196/828] tests\e2e\09-expense-thresholds.spec.ts:119:1 › threshold badge displays the correct target amount
[197/828] tests\e2e\09-expense-thresholds.spec.ts:126:1 › threshold value is preserved when reopening the edit form
[198/828] tests\e2e\09-expense-thresholds.spec.ts:141:1 › clicking Mark Paid opens an amount dialog instead of immediately saving
[199/828] tests\e2e\09-expense-thresholds.spec.ts:149:1 › mark-paid modal pre-fills the usual expense amount
[200/828] tests\e2e\09-expense-thresholds.spec.ts:154:1 › mark-paid modal shows the threshold as a hint
[201/828] tests\e2e\09-expense-thresholds.spec.ts:158:1 › entering an amount over the threshold shows an inline overage warning
[202/828] tests\e2e\09-expense-thresholds.spec.ts:164:1 › overage warning disappears when amount is back within threshold
[203/828] tests\e2e\09-expense-thresholds.spec.ts:175:1 › submitting mark-paid with an over-threshold amount marks the bill paid
[204/828] tests\e2e\09-expense-thresholds.spec.ts:189:1 › Mark Paid button is gone after the first payment
[205/828] tests\e2e\09-expense-thresholds.spec.ts:199:1 › resetting bill date to last month via edit makes Mark Paid reappear
[206/828] tests\e2e\09-expense-thresholds.spec.ts:219:1 › second over-threshold payment triggers the mascot expense-trend alert
[207/828] tests\e2e\09-expense-thresholds.spec.ts:233:1 › mascot trend bubble mentions "Electric Bill"
[208/828] tests\e2e\09-expense-thresholds.spec.ts:237:1 › mascot trend bubble references the threshold or going over budget
[209/828] tests\e2e\09-expense-thresholds.spec.ts:242:1 › mascot trend bubble can be dismissed with the Git button
[210/828] tests\e2e\10-bill-calendar.spec.ts:64:1 › adds a Bills category
[211/828] tests\e2e\10-bill-calendar.spec.ts:72:1 › adds a past-due recurring bill
[212/828] tests\e2e\10-bill-calendar.spec.ts:85:1 › adds a due-soon recurring bill
[213/828] tests\e2e\10-bill-calendar.spec.ts:98:1 › adds an ok (not-yet-due) recurring bill
[214/828] tests\e2e\10-bill-calendar.spec.ts:113:1 › calendar page loads with grid and nav controls
[215/828] tests\e2e\10-bill-calendar.spec.ts:122:1 › month label shows the current month and year
[216/828] tests\e2e\10-bill-calendar.spec.ts:129:1 › grid contains 7 columns and calendar cells
[217/828] tests\e2e\10-bill-calendar.spec.ts:136:1 › past-due bill chip appears with past-due status
[218/828] tests\e2e\10-bill-calendar.spec.ts:142:1 › due-soon bill chip appears with due-soon status
[219/828] tests\e2e\10-bill-calendar.spec.ts:149:1 › ok bill chip appears with ok status
[220/828] tests\e2e\10-bill-calendar.spec.ts:156:1 › summary bar is visible with at least one status count
[221/828] tests\e2e\10-bill-calendar.spec.ts:165:1 › past-due chip is placed on the correct calendar day
[222/828] tests\e2e\10-bill-calendar.spec.ts:173:1 › Mark Paid button exists on an unpaid bill chip
[223/828] tests\e2e\10-bill-calendar.spec.ts:179:1 › clicking Mark Paid changes the chip status to paid
[224/828] tests\e2e\10-bill-calendar.spec.ts:194:1 › next button advances to the next month
[225/828] tests\e2e\10-bill-calendar.spec.ts:206:1 › next month has no bill chips (bills are current-month only)
[226/828] tests\e2e\10-bill-calendar.spec.ts:212:1 › prev button returns to the current month
[227/828] tests\e2e\10b-calendar-paydays.spec.ts:44:1 › set up: add a member and a monthly income source with payday on the 7th
[228/828] tests\e2e\10b-calendar-paydays.spec.ts:67:1 › payday row is hidden when frequency is set to once
[229/828] tests\e2e\10b-calendar-paydays.spec.ts:83:1 › payday row reappears when frequency switches back to monthly
[230/828] tests\e2e\10b-calendar-paydays.spec.ts:99:1 › payday field is pre-filled when editing a source that has a payday
[231/828] tests\e2e\10b-calendar-paydays.spec.ts:113:1 › calendar page loads and shows the current month
[232/828] tests\e2e\10b-calendar-paydays.spec.ts:122:1 › a payday chip appears on day 7 of the current month
[233/828] tests\e2e\10b-calendar-paydays.spec.ts:134:1 › payday chip has the 💰 icon
[234/828] tests\e2e\10b-calendar-paydays.spec.ts:139:1 › payday legend entry is shown in the calendar header
[235/828] tests\e2e\10b-calendar-paydays.spec.ts:145:1 › non-payday cells do not show a payday chip
[236/828] tests\e2e\10b-calendar-paydays.spec.ts:153:1 › set up: add a semimonthly income source with "1st and 15th" schedule
[237/828] tests\e2e\10b-calendar-paydays.spec.ts:171:1 › semimonthly source shows payday chips on both the 1st and the 15th
[238/828] tests\e2e\11-budget-buckets.spec.ts:34:1 › adds monthly income of $4,000
[239/828] tests\e2e\11-budget-buckets.spec.ts:47:1 › adds Groceries category with $600 monthly budget
[240/828] tests\e2e\11-budget-buckets.spec.ts:58:1 › adds an unbudgeted Entertainment category
[241/828] tests\e2e\11-budget-buckets.spec.ts:67:1 › adds a $300 recurring grocery expense
[242/828] tests\e2e\11-budget-buckets.spec.ts:80:1 › budget page shows the buckets section when a category has a budget
[243/828] tests\e2e\11-budget-buckets.spec.ts:86:1 › buckets grid contains the Groceries bucket
[244/828] tests\e2e\11-budget-buckets.spec.ts:93:1 › to-assign counter shows $4,000.50 minus $600 = $3,400.50
[245/828] tests\e2e\11-budget-buckets.spec.ts:100:1 › Entertainment appears as an unbudgeted dashed pill
[246/828] tests\e2e\11-budget-buckets.spec.ts:106:1 › clicking the Groceries bucket opens the budget editor modal
[247/828] tests\e2e\11-budget-buckets.spec.ts:116:1 › clicking the Entertainment pill opens the budget editor modal
[248/828] tests\e2e\11-budget-buckets.spec.ts:122:1 › setting $200 budget on Entertainment converts it to a bucket
[249/828] tests\e2e\11-budget-buckets.spec.ts:134:1 › to-assign counter decreases after setting Entertainment budget
[250/828] tests\e2e\11-budget-buckets.spec.ts:140:1 › Entertainment no longer shows as an unbudgeted pill
[251/828] tests\e2e\11-budget-buckets.spec.ts:145:1 › Groceries bucket reflects spending: 300 of 600 = 50%
[252/828] tests\e2e\12-debt-milestones.spec.ts:35:1 › adds monthly income for DTI calculation
[253/828] tests\e2e\12-debt-milestones.spec.ts:48:1 › adds a credit card debt with a credit limit
[254/828] tests\e2e\12-debt-milestones.spec.ts:74:1 › adds a second debt (personal loan)
[255/828] tests\e2e\12-debt-milestones.spec.ts:95:1 › milestone card is visible on the debt page
[256/828] tests\e2e\12-debt-milestones.spec.ts:100:1 › milestone timeline shows a row for each active debt
[257/828] tests\e2e\12-debt-milestones.spec.ts:105:1 › each milestone row has a payoff date
[258/828] tests\e2e\12-debt-milestones.spec.ts:114:1 › Chase Sapphire is first in the timeline (smaller balance)
[259/828] tests\e2e\12-debt-milestones.spec.ts:119:1 › freedom banner is visible with a debt-free date
[260/828] tests\e2e\12-debt-milestones.spec.ts:130:1 › what-if tip is shown when no extra payment is configured
[261/828] tests\e2e\12-debt-milestones.spec.ts:138:1 › dashboard shows DTI chip after income and debt are added
[262/828] tests\e2e\12-debt-milestones.spec.ts:149:1 › dashboard shows credit utilization chip for the card account
[263/828] tests\e2e\12-debt-milestones.spec.ts:163:1 › milestone rows are sorted by payoff date ascending
[264/828] tests\e2e\13-settings-currency.spec.ts:32:1 › adds monthly income to produce a formatted dollar amount
[265/828] tests\e2e\13-settings-currency.spec.ts:47:1 › dashboard shows income in USD by default
[266/828] tests\e2e\13-settings-currency.spec.ts:59:1 › currency picker is visible on the Settings page
[267/828] tests\e2e\13-settings-currency.spec.ts:66:1 › currency-select defaults to USD
[268/828] tests\e2e\13-settings-currency.spec.ts:74:1 › can change currency to EUR and save
[269/828] tests\e2e\13-settings-currency.spec.ts:82:1 › currency setting persists after navigating away and back
[270/828] tests\e2e\13-settings-currency.spec.ts:92:1 › dashboard shows income formatted with EUR symbol after currency change
[271/828] tests\e2e\13-settings-currency.spec.ts:103:1 › can switch back to USD
[272/828] tests\e2e\14-dashboard-reminders.spec.ts:56:1 › adds monthly income
[273/828] tests\e2e\14-dashboard-reminders.spec.ts:70:1 › adds a past-due recurring bill
[274/828] tests\e2e\14-dashboard-reminders.spec.ts:90:1 › adds a due-soon recurring bill
[275/828] tests\e2e\14-dashboard-reminders.spec.ts:102:1 › adds a credit card with a past-due payment
[276/828] tests\e2e\14-dashboard-reminders.spec.ts:129:1 › payment reminders card is visible on dashboard
[277/828] tests\e2e\14-dashboard-reminders.spec.ts:135:1 › reminder rows are sorted with past-due items first
[278/828] tests\e2e\14-dashboard-reminders.spec.ts:145:1 › past-due items appear before due-soon items
[279/828] tests\e2e\14-dashboard-reminders.spec.ts:166:1 › clicking a bill reminder row navigates to expenses page
[280/828] tests\e2e\14-dashboard-reminders.spec.ts:180:1 › clicking a debt reminder row navigates to debt page
[281/828] tests\e2e\15-reports.spec.ts:69:1 › set up: add a household member and $3,000/month salary with payday on the 15th
[282/828] tests\e2e\15-reports.spec.ts:92:1 › set up: add a category and two one-time expenses in the current month
[283/828] tests\e2e\15-reports.spec.ts:128:1 › reports page loads with range picker and KPI cards
[284/828] tests\e2e\15-reports.spec.ts:135:1 › KPI total spending reflects the two added expenses
[285/828] tests\e2e\15-reports.spec.ts:143:1 › KPI total income shows monthly salary
[286/828] tests\e2e\15-reports.spec.ts:151:1 › leaky bucket card is visible with title
[287/828] tests\e2e\15-reports.spec.ts:156:1 › bucket SVG is rendered
[288/828] tests\e2e\15-reports.spec.ts:160:1 › mascot is visible inside the scene
[289/828] tests\e2e\15-reports.spec.ts:167:1 › month selector is present and defaults to the current month
[290/828] tests\e2e\15-reports.spec.ts:177:1 › prev and next step buttons are present; prev is disabled at day 0
[291/828] tests\e2e\15-reports.spec.ts:184:1 › scrubber starts at 0
[292/828] tests\e2e\15-reports.spec.ts:189:1 › scrubber max equals the number of days in the current month
[293/828] tests\e2e\15-reports.spec.ts:194:1 › timeline has one bar per day of the month
[294/828] tests\e2e\15-reports.spec.ts:201:1 › day 0 label says "Start of month"
[295/828] tests\e2e\15-reports.spec.ts:205:1 › budget stat shows $3,000 at day 0
[296/828] tests\e2e\15-reports.spec.ts:209:1 › spent stat shows $0 at day 0
[297/828] tests\e2e\15-reports.spec.ts:213:1 › balance value shows full budget at day 0
[298/828] tests\e2e\15-reports.spec.ts:217:1 › percentage stat shows 0% at day 0
[299/828] tests\e2e\15-reports.spec.ts:225:1 › seeking to day 1 updates the day label
[300/828] tests\e2e\15-reports.spec.ts:231:1 › day 1 shows a quiet chip when there is no spending
[301/828] tests\e2e\15-reports.spec.ts:236:1 › day 1 stats show no spending and full balance
[302/828] tests\e2e\15-reports.spec.ts:245:1 › seeking to day 5 shows the Grocery Run chip, $200 spent, and $2,800 balance
[303/828] tests\e2e\15-reports.spec.ts:270:1 › seeking to day 15 shows Car Repair, payday chip, $700 cumulative, and $2,300 balance
[304/828] tests\e2e\15-reports.spec.ts:328:1 › water level is at the top (ty ≈ 0) at day 0 — full budget
[305/828] tests\e2e\15-reports.spec.ts:335:1 › water drops by the correct area-proportional amount after the day-5 expense
[306/828] tests\e2e\15-reports.spec.ts:344:1 › water drops further after day-15 expenses and ty is monotonically larger
[307/828] tests\e2e\15-reports.spec.ts:370:1 › clicking next advances the scrubber by one day; clicking prev steps back
[308/828] tests\e2e\15-reports.spec.ts:398:1 › clicking a timeline bar seeks the scrubber to that day
[309/828] tests\e2e\15-reports.spec.ts:408:1 › switching to the previous month re-renders the timeline
[310/828] tests\e2e\15-reports.spec.ts:423:1 › switching back to the current month restores the correct bar count
[311/828] tests\e2e\15-reports.spec.ts:432:1 › remaining stat is non-negative at end of month; balance shows no warning at day 0
[312/828] tests\e2e\16-form-validation.spec.ts:55:1 › set up: add household member for income form tests
[313/828] tests\e2e\16-form-validation.spec.ts:64:1 › set up: add Baseline category so the expense form button appears
[314/828] tests\e2e\16-form-validation.spec.ts:76:1 › set up: add Test Card debt account for charge-form tests
[315/828] tests\e2e\16-form-validation.spec.ts:92:1 › Enter on category name (not last field) does NOT submit — budget input follows it
[316/828] tests\e2e\16-form-validation.spec.ts:106:1 › Enter on category budget (last field) submits the form
[317/828] tests\e2e\16-form-validation.spec.ts:122:1 › Enter on expense amount (last visible text/number field) submits the form
[318/828] tests\e2e\16-form-validation.spec.ts:138:1 › Enter on income amount (last visible text/number field) submits the form
[319/828] tests\e2e\16-form-validation.spec.ts:157:1 › category form: single missing field shows a singular required message
[320/828] tests\e2e\16-form-validation.spec.ts:169:1 › income source form: two missing required fields are both named in the error
[321/828] tests\e2e\16-form-validation.spec.ts:183:1 › expense form: three missing required fields are all named in the error
[322/828] tests\e2e\16-form-validation.spec.ts:199:1 › debt charge form: three missing required fields are all named in the error
[323/828] tests\e2e\16-form-validation.spec.ts:226:1 › set up: add Groceries category for duplicate-name tests
[324/828] tests\e2e\16-form-validation.spec.ts:238:1 › duplicate category name (same case) is rejected with a clear error
[325/828] tests\e2e\16-form-validation.spec.ts:252:1 › duplicate category name (all lowercase) is rejected — error echoes original casing
[326/828] tests\e2e\16-form-validation.spec.ts:267:1 › duplicate category name (all uppercase) is rejected — error echoes original casing
[327/828] tests\e2e\16-form-validation.spec.ts:281:1 › a genuinely new category name is accepted after duplicates were rejected
[328/828] tests\e2e\16-form-validation.spec.ts:296:1 › submitting an empty debt form lists all required fields in a single error
[329/828] tests\e2e\16-form-validation.spec.ts:314:1 › debt form stays open after a validation failure
[330/828] tests\e2e\16-form-validation.spec.ts:321:1 › submitting an empty account form shows a required-field error for Name
[331/828] tests\e2e\17-expense-card-link.spec.ts:58:1 › set up: add Visa Card debt account
[332/828] tests\e2e\17-expense-card-link.spec.ts:69:1 › set up: add Mastercard debt account
[333/828] tests\e2e\17-expense-card-link.spec.ts:79:1 › set up: add Utilities category with Visa Card as default
[334/828] tests\e2e\17-expense-card-link.spec.ts:93:1 › set up: add Groceries category with no default card
[335/828] tests\e2e\17-expense-card-link.spec.ts:107:1 › opening expense form with Utilities category pre-selects Visa Card
[336/828] tests\e2e\17-expense-card-link.spec.ts:130:1 › logging an expense linked to Visa Card creates an auto-charge on the card
[337/828] tests\e2e\17-expense-card-link.spec.ts:145:1 › the auto-charge appears in Visa Card charges panel with the Auto badge
[338/828] tests\e2e\17-expense-card-link.spec.ts:156:1 › the expense row shows the card badge linking it to Visa Card
[339/828] tests\e2e\17-expense-card-link.spec.ts:165:1 › editing the expense amount updates the auto-charge amount on Visa Card
[340/828] tests\e2e\17-expense-card-link.spec.ts:187:1 › swapping the card to Mastercard removes charge from Visa Card and creates it on Mastercard
[341/828] tests\e2e\17-expense-card-link.spec.ts:212:1 › removing the card link from an expense deletes the auto-charge from Mastercard
[342/828] tests\e2e\17-expense-card-link.spec.ts:235:1 › set up: add a second linked expense for deletion test
[343/828] tests\e2e\17-expense-card-link.spec.ts:252:1 › deleting the expense also removes its auto-charge from Visa Card
[344/828] tests\e2e\17-expense-card-link.spec.ts:267:1 › an expense in Groceries (no default card) with no card selected creates no charge
[345/828] tests\e2e\17-expense-card-link.spec.ts:290:1 › switching category updates card select to the new category default
[346/828] tests\e2e\17-expense-card-link.spec.ts:308:1 › manually selecting a card prevents category-change from overriding it
[347/828] tests\e2e\18-category-edit.spec.ts:70:1 › set up: add Utilities category with $200 budget
[348/828] tests\e2e\18-category-edit.spec.ts:84:1 › set up: add Groceries category with no budget
[349/828] tests\e2e\18-category-edit.spec.ts:98:1 › clicking a category pill opens the Edit Category modal
[350/828] tests\e2e\18-category-edit.spec.ts:108:1 › edit modal pre-fills the category name
[351/828] tests\e2e\18-category-edit.spec.ts:117:1 › edit modal pre-fills the monthly budget
[352/828] tests\e2e\18-category-edit.spec.ts:126:1 › edit modal marks the current color as selected
[353/828] tests\e2e\18-category-edit.spec.ts:138:1 › renaming a category updates the pill and the filter chip
[354/828] tests\e2e\18-category-edit.spec.ts:162:1 › changing the color updates the pill dot color
[355/828] tests\e2e\18-category-edit.spec.ts:185:1 › changing the budget persists — re-opening the form shows the new value
[356/828] tests\e2e\18-category-edit.spec.ts:200:1 › clearing the budget removes it — re-opening shows an empty budget field
[357/828] tests\e2e\18-category-edit.spec.ts:215:1 › description textarea is visible in the New Category form
[358/828] tests\e2e\18-category-edit.spec.ts:222:1 › description textarea is visible in the Edit Category form
[359/828] tests\e2e\18-category-edit.spec.ts:228:1 › saving a description persists it — re-opening the form shows the saved value
[360/828] tests\e2e\18-category-edit.spec.ts:240:1 › clearing the description removes it — re-opening shows empty description field
[361/828] tests\e2e\18-category-edit.spec.ts:252:1 › category can be saved without a description (description is optional)
[362/828] tests\e2e\18-category-edit.spec.ts:273:1 › renaming to an existing category name (same case) shows a duplicate error
[363/828] tests\e2e\18-category-edit.spec.ts:289:1 › renaming to an existing name (case-insensitive) still shows the duplicate error
[364/828] tests\e2e\18-category-edit.spec.ts:305:1 › saving a category without changing its name does not trigger a duplicate error
[365/828] tests\e2e\18-category-edit.spec.ts:320:1 › clicking the ✕ delete button removes the category and does not open the edit modal
[366/828] tests\e2e\18-category-edit.spec.ts:346:1 › pressing Enter on a focused category pill opens the edit modal
[367/828] tests\e2e\19-expense-payments.spec.ts:85:1 › setup: adds a credit card account
[368/828] tests\e2e\19-expense-payments.spec.ts:103:1 › setup: adds Utilities category
[369/828] tests\e2e\19-expense-payments.spec.ts:114:1 › setup: adds Electric Bill (variable, no flags)
[370/828] tests\e2e\19-expense-payments.spec.ts:132:1 › setup: adds Cable Bill (isFixedAmount = true)
[371/828] tests\e2e\19-expense-payments.spec.ts:152:1 › setup: adds Netflix (isAutoPay = true)
[372/828] tests\e2e\19-expense-payments.spec.ts:172:1 › setup: adds Vet Bill one-time expense this month
[373/828] tests\e2e\19-expense-payments.spec.ts:188:1 › expense form amount label is "Estimated Amount" by default and "Monthly Threshold" when recurring is checked
[374/828] tests\e2e\19-expense-payments.spec.ts:205:1 › fixed-amount and auto-pay checkboxes are hidden before recurring is checked
[375/828] tests\e2e\19-expense-payments.spec.ts:219:1 › fixed-amount and auto-pay checkboxes appear after checking recurring
[376/828] tests\e2e\19-expense-payments.spec.ts:234:1 › Electric Bill row shows a Record Payment button
[377/828] tests\e2e\19-expense-payments.spec.ts:242:1 › Netflix shows the auto-pay badge
[378/828] tests\e2e\19-expense-payments.spec.ts:251:1 › Netflix row has no Record Payment button
[379/828] tests\e2e\19-expense-payments.spec.ts:256:1 › Netflix row shows a Log Actual button
[380/828] tests\e2e\19-expense-payments.spec.ts:263:1 › clicking Log Actual on Netflix opens a dialog with amount and date fields
[381/828] tests\e2e\19-expense-payments.spec.ts:273:1 › submitting Log Actual for Netflix shows the actual amount on the row
[382/828] tests\e2e\19-expense-payments.spec.ts:283:1 › Netflix row shows Update Actual button after a record exists
[383/828] tests\e2e\19-expense-payments.spec.ts:290:1 › clicking Record Payment on Electric Bill opens the dialog
[384/828] tests\e2e\19-expense-payments.spec.ts:297:1 › Record Payment dialog pre-fills the actual amount with the estimated amount
[385/828] tests\e2e\19-expense-payments.spec.ts:302:1 › Record Payment dialog shows the monthly threshold as a hint
[386/828] tests\e2e\19-expense-payments.spec.ts:306:1 › Record Payment dialog has a date picker
[387/828] tests\e2e\19-expense-payments.spec.ts:313:1 › Record Payment dialog shows a card dropdown because a card account exists
[388/828] tests\e2e\19-expense-payments.spec.ts:320:1 › closing dialog and opening Record Payment on Cable Bill
[389/828] tests\e2e\19-expense-payments.spec.ts:329:1 › Cable Bill Record Payment dialog has a readonly amount field
[390/828] tests\e2e\19-expense-payments.spec.ts:340:1 › Cable Bill Record Payment dialog shows fixed-amount hint text
[391/828] tests\e2e\19-expense-payments.spec.ts:346:1 › submitting Cable Bill Record Payment marks it paid
[392/828] tests\e2e\19-expense-payments.spec.ts:357:1 › paid bill no longer shows the Record Payment button
[393/828] tests\e2e\19-expense-payments.spec.ts:364:1 › Vet Bill one-time expense appears on the calendar on its date
[394/828] tests\e2e\19-expense-payments.spec.ts:379:1 › one-time expense chip shows category name
[395/828] tests\e2e\19-expense-payments.spec.ts:386:1 › Netflix auto-pay bill appears on the calendar
[396/828] tests\e2e\19-expense-payments.spec.ts:392:1 › Netflix calendar chip shows Auto-pay label
[397/828] tests\e2e\19-expense-payments.spec.ts:397:1 › Netflix calendar chip has no Record Payment button
[398/828] tests\e2e\19-expense-payments.spec.ts:408:1 › dashboard reminders do not include the auto-pay Netflix bill
[399/828] tests\e2e\19-expense-payments.spec.ts:436:1 › new recurring bill with a next-month due date is NOT auto-marked paid
[400/828] tests\e2e\19-expense-payments.spec.ts:468:1 › auto-pay bill with an overdue date shows no Past Due or Due-soon badge
[401/828] tests\e2e\19-expense-payments.spec.ts:494:1 › Record Payment dialog shows overage warning when amount exceeds the monthly threshold
[402/828] tests\e2e\19-expense-payments.spec.ts:509:1 › Record Payment overage warning disappears when amount drops back below the threshold
[403/828] tests\e2e\19-expense-payments.spec.ts:526:1 › Update Actual dialog pre-fills the amount with the previously logged value
[404/828] tests\e2e\19-expense-payments.spec.ts:543:1 › Log Actual dialog shows overage warning when amount exceeds the monthly threshold
[405/828] tests\e2e\20-accounts.spec.ts:75:1 › fixture: adds household member Alex
[406/828] tests\e2e\20-accounts.spec.ts:84:1 › Accounts nav link exists in the sidebar
[407/828] tests\e2e\20-accounts.spec.ts:88:1 › Accounts nav link is positioned between Income and Expenses
[408/828] tests\e2e\20-accounts.spec.ts:103:1 › Accounts page loads with empty state
[409/828] tests\e2e\20-accounts.spec.ts:112:1 › clicking Add account opens the form modal
[410/828] tests\e2e\20-accounts.spec.ts:121:1 › account form has a chart color picker
[411/828] tests\e2e\20-accounts.spec.ts:129:1 › selecting Individual ownership reveals a member dropdown
[412/828] tests\e2e\20-accounts.spec.ts:140:1 › adds Chase Checking as a household checking account
[413/828] tests\e2e\20-accounts.spec.ts:153:1 › Chase Checking row shows "Checking" type badge
[414/828] tests\e2e\20-accounts.spec.ts:158:1 › Chase Checking row shows "Household" ownership badge
[415/828] tests\e2e\20-accounts.spec.ts:163:1 › Chase Checking row shows the balance before the action buttons
[416/828] tests\e2e\20-accounts.spec.ts:171:1 › Chase Checking row shows a color swatch dot
[417/828] tests\e2e\20-accounts.spec.ts:178:1 › adds Savings Fund as an individual account for Alex
[418/828] tests\e2e\20-accounts.spec.ts:196:1 › Savings Fund row shows Alex as the owner badge
[419/828] tests\e2e\20-accounts.spec.ts:203:1 › editing Chase Checking renames it to Main Checking
[420/828] tests\e2e\20-accounts.spec.ts:218:1 › editing Main Checking to add a URL shows a portal link
[421/828] tests\e2e\20-accounts.spec.ts:236:1 › deleting Savings Fund removes it from the list
[422/828] tests\e2e\20-accounts.spec.ts:248:1 › no deposits chart shown when no income is linked to any account
[423/828] tests\e2e\20-accounts.spec.ts:255:1 › income source form shows Deposit to account dropdown after accounts exist
[424/828] tests\e2e\20-accounts.spec.ts:263:1 › Deposit to account dropdown contains Main Checking
[425/828] tests\e2e\20-accounts.spec.ts:267:1 › income source can be linked to Main Checking and saved
[426/828] tests\e2e\20-accounts.spec.ts:281:1 › expense form shows Pay from account dropdown after accounts exist
[427/828] tests\e2e\20-accounts.spec.ts:289:1 › Pay from account dropdown contains Main Checking
[428/828] tests\e2e\20-accounts.spec.ts:293:1 › expense can be linked to Main Checking and saved
[429/828] tests\e2e\20-accounts.spec.ts:307:1 › dashboard shows Income by Account card after income is linked to an account
[430/828] tests\e2e\20-accounts.spec.ts:313:1 › Income by Account card has a row for Main Checking
[431/828] tests\e2e\20-accounts.spec.ts:319:1 › Income by Account row shows the monthly income amount
[432/828] tests\e2e\20-accounts.spec.ts:326:1 › Income by Account card has a Manage link that navigates to Accounts
[433/828] tests\e2e\20-accounts.spec.ts:335:1 › deposits chart is visible on Accounts page after income is linked
[434/828] tests\e2e\20-accounts.spec.ts:341:1 › deposits chart subtitle says "as of when they were added" (no retroactive projection)
[435/828] tests\e2e\20-accounts.spec.ts:346:1 › Main Checking row shows current balance before the action buttons
[436/828] (retries) tests\e2e\20-accounts.spec.ts:346:1 › Main Checking row shows current balance before the action buttons (retry #1)
  3) tests\e2e\20-accounts.spec.ts:346:1 › Main Checking row shows current balance before the action buttons 

    Error: expect(locator).toBeVisible() failed

    Locator: locator('[data-testid="account-row"]').filter({ hasText: 'Main Checking' }).locator('[data-testid="account-balance"]')
    Expected: visible
    Timeout: 15000ms
    Error: element(s) not found

    Call log:
      - Expect "toBeVisible" with timeout 15000ms
      - waiting for locator('[data-testid="account-row"]').filter({ hasText: 'Main Checking' }).locator('[data-testid="account-balance"]')


      348 |   const row = page.locator('[data-testid="account-row"]').filter({ hasText: 'Main Checking' });
      349 |   const balance = row.locator('[data-testid="account-balance"]');
    > 350 |   await expect(balance).toBeVisible();
          |                         ^
      351 |   // startingBalance($3,200.50) + Day Job recurring income($4,000/mo) = $7,200.50
      352 |   // Internet expense is non-recurring so it is not subtracted
      353 |   await expect(balance).toContainText('$7,200.50');
        at K:\code\finance-finger\tests\e2e\20-accounts.spec.ts:350:25

    attachment #1: screenshot (image/png) ──────────────────────────────────────────────────────────
    test-results\20-accounts-Main-Checking--8db3e-e-before-the-action-buttons\test-failed-1.png
    ────────────────────────────────────────────────────────────────────────────────────────────────

    attachment #2: screenshot (image/png) ──────────────────────────────────────────────────────────
    test-results\20-accounts-Main-Checking--8db3e-e-before-the-action-buttons\test-failed-2.png
    ────────────────────────────────────────────────────────────────────────────────────────────────

    Error Context: test-results\20-accounts-Main-Checking--8db3e-e-before-the-action-buttons\error-context.md

    Error Context: test-results\20-accounts-Main-Checking--8db3e-e-before-the-action-buttons\error-context.md

    attachment #5: trace (application/zip) ─────────────────────────────────────────────────────────
    test-results\20-accounts-Main-Checking--8db3e-e-before-the-action-buttons\trace.zip
    Usage:

        npx playwright show-trace test-results\20-accounts-Main-Checking--8db3e-e-before-the-action-buttons\trace.zip

    ────────────────────────────────────────────────────────────────────────────────────────────────

    Retry #1 ───────────────────────────────────────────────────────────────────────────────────────

    Error: expect(locator).toBeVisible() failed

    Locator: locator('[data-testid="account-row"]').filter({ hasText: 'Main Checking' }).locator('[data-testid="account-balance"]')
    Expected: visible
    Timeout: 15000ms
    Error: element(s) not found

    Call log:
      - Expect "toBeVisible" with timeout 15000ms
      - waiting for locator('[data-testid="account-row"]').filter({ hasText: 'Main Checking' }).locator('[data-testid="account-balance"]')


      348 |   const row = page.locator('[data-testid="account-row"]').filter({ hasText: 'Main Checking' });
      349 |   const balance = row.locator('[data-testid="account-balance"]');
    > 350 |   await expect(balance).toBeVisible();
          |                         ^
      351 |   // startingBalance($3,200.50) + Day Job recurring income($4,000/mo) = $7,200.50
      352 |   // Internet expense is non-recurring so it is not subtracted
      353 |   await expect(balance).toContainText('$7,200.50');
        at K:\code\finance-finger\tests\e2e\20-accounts.spec.ts:350:25

    attachment #1: screenshot (image/png) ──────────────────────────────────────────────────────────
    test-results\20-accounts-Main-Checking--8db3e-e-before-the-action-buttons-retry1\test-finished-2.png
    ────────────────────────────────────────────────────────────────────────────────────────────────

    attachment #2: screenshot (image/png) ──────────────────────────────────────────────────────────
    test-results\20-accounts-Main-Checking--8db3e-e-before-the-action-buttons-retry1\test-finished-1.png
    ────────────────────────────────────────────────────────────────────────────────────────────────

    Error Context: test-results\20-accounts-Main-Checking--8db3e-e-before-the-action-buttons-retry1\error-context.md

    Error Context: test-results\20-accounts-Main-Checking--8db3e-e-before-the-action-buttons-retry1\error-context.md

    attachment #5: trace (application/zip) ─────────────────────────────────────────────────────────
    test-results\20-accounts-Main-Checking--8db3e-e-before-the-action-buttons-retry1\trace.zip
    Usage:

        npx playwright show-trace test-results\20-accounts-Main-Checking--8db3e-e-before-the-action-buttons-retry1\trace.zip

    ────────────────────────────────────────────────────────────────────────────────────────────────


[437/828] tests\e2e\20-accounts.spec.ts:356:1 › Main Checking row shows monthly deposit income below the balance
[438/828] (retries) tests\e2e\20-accounts.spec.ts:356:1 › Main Checking row shows monthly deposit income below the balance (retry #1)
  4) tests\e2e\20-accounts.spec.ts:356:1 › Main Checking row shows monthly deposit income below the balance 

    Error: expect(locator).toBeVisible() failed

    Locator: locator('[data-testid="account-row"]').filter({ hasText: 'Main Checking' }).locator('[data-testid="account-monthly-income"]')
    Expected: visible
    Timeout: 15000ms
    Error: element(s) not found

    Call log:
      - Expect "toBeVisible" with timeout 15000ms
      - waiting for locator('[data-testid="account-row"]').filter({ hasText: 'Main Checking' }).locator('[data-testid="account-monthly-income"]')


      357 |   const row = page.locator('[data-testid="account-row"]').filter({ hasText: 'Main Checking' });
      358 |   const income = row.locator('[data-testid="account-monthly-income"]');
    > 359 |   await expect(income).toBeVisible();
          |                        ^
      360 |   await expect(income).toContainText('4,000');
      361 | });
      362 |
        at K:\code\finance-finger\tests\e2e\20-accounts.spec.ts:359:24

    attachment #1: screenshot (image/png) ──────────────────────────────────────────────────────────
    test-results\20-accounts-Main-Checking--0a41e-it-income-below-the-balance\test-finished-2.png
    ────────────────────────────────────────────────────────────────────────────────────────────────

    attachment #2: screenshot (image/png) ──────────────────────────────────────────────────────────
    test-results\20-accounts-Main-Checking--0a41e-it-income-below-the-balance\test-finished-1.png
    ────────────────────────────────────────────────────────────────────────────────────────────────

    Error Context: test-results\20-accounts-Main-Checking--0a41e-it-income-below-the-balance\error-context.md

    Error Context: test-results\20-accounts-Main-Checking--0a41e-it-income-below-the-balance\error-context.md

    attachment #5: trace (application/zip) ─────────────────────────────────────────────────────────
    test-results\20-accounts-Main-Checking--0a41e-it-income-below-the-balance\trace.zip
    Usage:

        npx playwright show-trace test-results\20-accounts-Main-Checking--0a41e-it-income-below-the-balance\trace.zip

    ────────────────────────────────────────────────────────────────────────────────────────────────

    Retry #1 ───────────────────────────────────────────────────────────────────────────────────────

    Error: expect(locator).toBeVisible() failed

    Locator: locator('[data-testid="account-row"]').filter({ hasText: 'Main Checking' }).locator('[data-testid="account-monthly-income"]')
    Expected: visible
    Timeout: 15000ms
    Error: element(s) not found

    Call log:
      - Expect "toBeVisible" with timeout 15000ms
      - waiting for locator('[data-testid="account-row"]').filter({ hasText: 'Main Checking' }).locator('[data-testid="account-monthly-income"]')


      357 |   const row = page.locator('[data-testid="account-row"]').filter({ hasText: 'Main Checking' });
      358 |   const income = row.locator('[data-testid="account-monthly-income"]');
    > 359 |   await expect(income).toBeVisible();
          |                        ^
      360 |   await expect(income).toContainText('4,000');
      361 | });
      362 |
        at K:\code\finance-finger\tests\e2e\20-accounts.spec.ts:359:24

    attachment #1: screenshot (image/png) ──────────────────────────────────────────────────────────
    test-results\20-accounts-Main-Checking--0a41e-it-income-below-the-balance-retry1\test-finished-2.png
    ────────────────────────────────────────────────────────────────────────────────────────────────

    attachment #2: screenshot (image/png) ──────────────────────────────────────────────────────────
    test-results\20-accounts-Main-Checking--0a41e-it-income-below-the-balance-retry1\test-finished-1.png
    ────────────────────────────────────────────────────────────────────────────────────────────────

    Error Context: test-results\20-accounts-Main-Checking--0a41e-it-income-below-the-balance-retry1\error-context.md

    Error Context: test-results\20-accounts-Main-Checking--0a41e-it-income-below-the-balance-retry1\error-context.md

    attachment #5: trace (application/zip) ─────────────────────────────────────────────────────────
    test-results\20-accounts-Main-Checking--0a41e-it-income-below-the-balance-retry1\trace.zip
    Usage:

        npx playwright show-trace test-results\20-accounts-Main-Checking--0a41e-it-income-below-the-balance-retry1\trace.zip

    ────────────────────────────────────────────────────────────────────────────────────────────────


[439/828] tests\e2e\20-accounts.spec.ts:365:1 › account added without a balance shows no balance figure in the row
[440/828] (retries) tests\e2e\20-accounts.spec.ts:365:1 › account added without a balance shows no balance figure in the row (retry #1)
  5) tests\e2e\20-accounts.spec.ts:365:1 › account added without a balance shows no balance figure in the row 

    TimeoutError: page.click: Timeout 15000ms exceeded.
    Call log:
      - waiting for locator('[data-testid="add-account-btn"]')


      365 | test('account added without a balance shows no balance figure in the row', async () => {
      366 |   // Already on the Accounts page from the Manage → link click above
    > 367 |   await page.click('[data-testid="add-account-btn"]');
          |              ^
      368 |   await expect(page.locator('[data-testid="modal-dialog"]')).toBeVisible();
      369 |
      370 |   await page.fill('#ba-name', 'Emergency Fund');
        at K:\code\finance-finger\tests\e2e\20-accounts.spec.ts:367:14

    Error: ENOENT: no such file or directory, open 'K:\code\finance-finger\test-results\.playwright-artifacts-8\cd45d5d2f61a6510f5588ce702fe1916.zip'

    attachment #1: screenshot (image/png) ──────────────────────────────────────────────────────────
    test-results\20-accounts-account-added--f7c92-o-balance-figure-in-the-row\test-finished-2.png
    ────────────────────────────────────────────────────────────────────────────────────────────────

    attachment #2: screenshot (image/png) ──────────────────────────────────────────────────────────
    test-results\20-accounts-account-added--f7c92-o-balance-figure-in-the-row\test-finished-1.png
    ────────────────────────────────────────────────────────────────────────────────────────────────

    Error Context: test-results\20-accounts-account-added--f7c92-o-balance-figure-in-the-row\error-context.md

    Error Context: test-results\20-accounts-account-added--f7c92-o-balance-figure-in-the-row\error-context.md

    Retry #1 ───────────────────────────────────────────────────────────────────────────────────────

    TimeoutError: page.click: Timeout 15000ms exceeded.
    Call log:
      - waiting for locator('[data-testid="add-account-btn"]')


      365 | test('account added without a balance shows no balance figure in the row', async () => {
      366 |   // Already on the Accounts page from the Manage → link click above
    > 367 |   await page.click('[data-testid="add-account-btn"]');
          |              ^
      368 |   await expect(page.locator('[data-testid="modal-dialog"]')).toBeVisible();
      369 |
      370 |   await page.fill('#ba-name', 'Emergency Fund');
        at K:\code\finance-finger\tests\e2e\20-accounts.spec.ts:367:14

    Test timeout of 90000ms exceeded.

    attachment #1: screenshot (image/png) ──────────────────────────────────────────────────────────
    test-results\20-accounts-account-added--f7c92-o-balance-figure-in-the-row-retry1\test-finished-2.png
    ────────────────────────────────────────────────────────────────────────────────────────────────

    attachment #2: screenshot (image/png) ──────────────────────────────────────────────────────────
    test-results\20-accounts-account-added--f7c92-o-balance-figure-in-the-row-retry1\test-finished-1.png
    ────────────────────────────────────────────────────────────────────────────────────────────────

    Error Context: test-results\20-accounts-account-added--f7c92-o-balance-figure-in-the-row-retry1\error-context.md

    Error Context: test-results\20-accounts-account-added--f7c92-o-balance-figure-in-the-row-retry1\error-context.md


[441/828] tests\e2e\20-accounts.spec.ts:386:1 › saving a custom account color is persisted and shown in the edit form
[442/828] (retries) tests\e2e\20-accounts.spec.ts:386:1 › saving a custom account color is persisted and shown in the edit form (retry #1)
  6) tests\e2e\20-accounts.spec.ts:386:1 › saving a custom account color is persisted and shown in the edit form 

    TimeoutError: locator.click: Timeout 15000ms exceeded.
    Call log:
      - waiting for locator('[data-testid="account-row"]').filter({ hasText: 'Emergency Fund' }).locator('[data-testid="account-edit"]')


      386 | test('saving a custom account color is persisted and shown in the edit form', async () => {
      387 |   const row = page.locator('[data-testid="account-row"]').filter({ hasText: 'Emergency Fund' });
    > 388 |   await row.locator('[data-testid="account-edit"]').click();
          |                                                     ^
      389 |   await expect(page.locator('[data-testid="modal-dialog"]')).toBeVisible();
      390 |
      391 |   await page.locator('#ba-color').fill('#cc3399');
        at K:\code\finance-finger\tests\e2e\20-accounts.spec.ts:388:53

    attachment #1: screenshot (image/png) ──────────────────────────────────────────────────────────
    test-results\20-accounts-saving-a-custo-192d0--and-shown-in-the-edit-form\test-finished-1.png
    ────────────────────────────────────────────────────────────────────────────────────────────────

    attachment #2: screenshot (image/png) ──────────────────────────────────────────────────────────
    test-results\20-accounts-saving-a-custo-192d0--and-shown-in-the-edit-form\test-finished-2.png
    ────────────────────────────────────────────────────────────────────────────────────────────────

    Error Context: test-results\20-accounts-saving-a-custo-192d0--and-shown-in-the-edit-form\error-context.md

    Error Context: test-results\20-accounts-saving-a-custo-192d0--and-shown-in-the-edit-form\error-context.md

    attachment #5: trace (application/zip) ─────────────────────────────────────────────────────────
    test-results\20-accounts-saving-a-custo-192d0--and-shown-in-the-edit-form\trace.zip
    Usage:

        npx playwright show-trace test-results\20-accounts-saving-a-custo-192d0--and-shown-in-the-edit-form\trace.zip

    ────────────────────────────────────────────────────────────────────────────────────────────────

    Retry #1 ───────────────────────────────────────────────────────────────────────────────────────

    TimeoutError: locator.click: Timeout 15000ms exceeded.
    Call log:
      - waiting for locator('[data-testid="account-row"]').filter({ hasText: 'Emergency Fund' }).locator('[data-testid="account-edit"]')


      386 | test('saving a custom account color is persisted and shown in the edit form', async () => {
      387 |   const row = page.locator('[data-testid="account-row"]').filter({ hasText: 'Emergency Fund' });
    > 388 |   await row.locator('[data-testid="account-edit"]').click();
          |                                                     ^
      389 |   await expect(page.locator('[data-testid="modal-dialog"]')).toBeVisible();
      390 |
      391 |   await page.locator('#ba-color').fill('#cc3399');
        at K:\code\finance-finger\tests\e2e\20-accounts.spec.ts:388:53

    attachment #1: screenshot (image/png) ──────────────────────────────────────────────────────────
    test-results\20-accounts-saving-a-custo-192d0--and-shown-in-the-edit-form-retry1\test-finished-2.png
    ────────────────────────────────────────────────────────────────────────────────────────────────

    attachment #2: screenshot (image/png) ──────────────────────────────────────────────────────────
    test-results\20-accounts-saving-a-custo-192d0--and-shown-in-the-edit-form-retry1\test-finished-1.png
    ────────────────────────────────────────────────────────────────────────────────────────────────

    Error Context: test-results\20-accounts-saving-a-custo-192d0--and-shown-in-the-edit-form-retry1\error-context.md

    Error Context: test-results\20-accounts-saving-a-custo-192d0--and-shown-in-the-edit-form-retry1\error-context.md

    attachment #5: trace (application/zip) ─────────────────────────────────────────────────────────
    test-results\20-accounts-saving-a-custo-192d0--and-shown-in-the-edit-form-retry1\trace.zip
    Usage:

        npx playwright show-trace test-results\20-accounts-saving-a-custo-192d0--and-shown-in-the-edit-form-retry1\trace.zip

    ────────────────────────────────────────────────────────────────────────────────────────────────


[443/828] tests\e2e\21-no-accounts-hints.spec.ts:39:1 › fixture: adds a household member so the income form is accessible
[444/828] tests\e2e\21-no-accounts-hints.spec.ts:48:1 › income source form shows "No bank accounts" hint when no accounts exist
[445/828] tests\e2e\21-no-accounts-hints.spec.ts:58:1 › income form "No bank accounts" hint has an "Add one in Accounts" link
[446/828] tests\e2e\21-no-accounts-hints.spec.ts:63:1 › clicking income form "No bank accounts" link closes the modal and navigates to Accounts
[447/828] tests\e2e\21-no-accounts-hints.spec.ts:73:1 › expense form shows "No bank accounts" hint when no accounts exist
[448/828] tests\e2e\21-no-accounts-hints.spec.ts:90:1 › expense form "No bank accounts" hint has an "Add one in Accounts" link
[449/828] tests\e2e\21-no-accounts-hints.spec.ts:96:1 › clicking expense form "No bank accounts" link closes the modal and navigates to Accounts
[450/828] tests\e2e\21-no-accounts-hints.spec.ts:106:1 › expense form shows "No credit cards" hint when no card debt accounts exist
[451/828] tests\e2e\21-no-accounts-hints.spec.ts:117:1 › expense form "No credit cards" hint has an "Add one in the Debt section" link
[452/828] tests\e2e\21-no-accounts-hints.spec.ts:122:1 › clicking expense form "No credit cards" link closes the modal and navigates to Debt
[453/828] tests\e2e\22-dashboard-card-conditions.spec.ts:37:3 › Income by Account card: absent when no accounts exist › Income by Account card is NOT shown when no bank accounts exist
[454/828] tests\e2e\22-dashboard-card-conditions.spec.ts:64:3 › Income by Account card: absent when account has no linked income › fixture: adds a savings account (without linking any income)
[455/828] tests\e2e\22-dashboard-card-conditions.spec.ts:75:3 › Income by Account card: absent when account has no linked income › Income by Account card is NOT shown when account has no linked income source
[456/828] tests\e2e\23-income-pay-type.spec.ts:68:1 › pay type row is hidden when frequency is once
[457/828] tests\e2e\23-income-pay-type.spec.ts:76:1 › pay type row is visible for monthly frequency
[458/828] tests\e2e\23-income-pay-type.spec.ts:83:1 › salary radio (default) shows salary row and hides hourly row
[459/828] tests\e2e\23-income-pay-type.spec.ts:97:1 › switching to hourly hides salary row and shows hourly row
[460/828] tests\e2e\23-income-pay-type.spec.ts:110:1 › filling rate and hours shows a computed per-period preview
[461/828] tests\e2e\23-income-pay-type.spec.ts:127:1 › saves an hourly source and list row shows rate · hours format
[462/828] tests\e2e\23-income-pay-type.spec.ts:147:1 › editing an hourly source pre-fills rate and hours fields
[463/828] tests\e2e\23-income-pay-type.spec.ts:161:1 › semimonthly frequency shows the payday schedule dropdown
[464/828] tests\e2e\23-income-pay-type.spec.ts:168:1 › payday reference date row is hidden for semimonthly
[465/828] tests\e2e\23-income-pay-type.spec.ts:175:1 › schedule dropdown has both "1st and 15th" and "15th and last day" options
[466/828] tests\e2e\23-income-pay-type.spec.ts:186:1 › salary semimonthly shows the unequal paychecks checkbox
[467/828] tests\e2e\23-income-pay-type.spec.ts:194:1 › hourly semimonthly hides the unequal paychecks checkbox
[468/828] tests\e2e\23-income-pay-type.spec.ts:203:1 › checking "Paychecks are different amounts" reveals the 2nd paycheck field
[469/828] tests\e2e\23-income-pay-type.spec.ts:214:1 › saves semimonthly with unequal paychecks; row shows both amounts
[470/828] tests\e2e\24-calendar-income.spec.ts:50:1 › setup: add member Casey
[471/828] tests\e2e\24-calendar-income.spec.ts:57:1 › setup: add one-time income "Bonus Payout" of $2,500 on the 5th of this month
[472/828] tests\e2e\24-calendar-income.spec.ts:74:1 › calendar shows a 💵 chip on day 5 for the one-time income
[473/828] tests\e2e\24-calendar-income.spec.ts:87:1 › one-time chip contains the source name
[474/828] tests\e2e\24-calendar-income.spec.ts:92:1 › one-time chip contains the income amount
[475/828] tests\e2e\24-calendar-income.spec.ts:97:1 › day 5 does not have a regular payday chip for the one-time source
[476/828] tests\e2e\24-calendar-income.spec.ts:107:1 › setup: add semimonthly income with unequal paychecks ($3,000 / $2,400)
[477/828] tests\e2e\24-calendar-income.spec.ts:131:1 › calendar shows a payday chip on day 1 for the 1-15 semimonthly source
[478/828] tests\e2e\24-calendar-income.spec.ts:141:1 › day 1 chip (first payday) shows the first amount $3,000
[479/828] tests\e2e\24-calendar-income.spec.ts:147:1 › calendar shows a payday chip on day 15 for the 1-15 semimonthly source
[480/828] tests\e2e\24-calendar-income.spec.ts:153:1 › day 15 chip (second payday) shows amount2 $2,400, not the first amount
[481/828] tests\e2e\25-accounts-balance.spec.ts:60:1 › account form labels the balance field "Starting balance"
[482/828] tests\e2e\25-accounts-balance.spec.ts:77:1 › adds River Bank with no starting balance and no linked income
[483/828] tests\e2e\25-accounts-balance.spec.ts:91:1 › account with no data shows a placeholder hint, not a number
[484/828] tests\e2e\25-accounts-balance.spec.ts:100:1 › setup: add member Taylor with $3,000/mo income linked to River Bank
[485/828] tests\e2e\25-accounts-balance.spec.ts:120:1 › River Bank balance is $3,000 when no starting balance and $3,000/mo income
[486/828] (retries) tests\e2e\25-accounts-balance.spec.ts:120:1 › River Bank balance is $3,000 when no starting balance and $3,000/mo income (retry #1)
  7) tests\e2e\25-accounts-balance.spec.ts:120:1 › River Bank balance is $3,000 when no starting balance and $3,000/mo income 

    Error: expect(locator).toBeVisible() failed

    Locator: locator('[data-testid="account-row"]').filter({ hasText: 'River Bank' }).locator('[data-testid="account-balance"]')
    Expected: visible
    Timeout: 15000ms
    Error: element(s) not found

    Call log:
      - Expect "toBeVisible" with timeout 15000ms
      - waiting for locator('[data-testid="account-row"]').filter({ hasText: 'River Bank' }).locator('[data-testid="account-balance"]')


      122 |   const row = page.locator('[data-testid="account-row"]').filter({ hasText: 'River Bank' });
      123 |   const balance = row.locator('[data-testid="account-balance"]');
    > 124 |   await expect(balance).toBeVisible();
          |                         ^
      125 |   // (null ?? 0) + 3000 = $3,000.00 — full cents displayed
      126 |   await expect(balance).toContainText('$3,000.00');
      127 |   // Hint should no longer be visible now that there is linked data
        at K:\code\finance-finger\tests\e2e\25-accounts-balance.spec.ts:124:25

    attachment #1: screenshot (image/png) ──────────────────────────────────────────────────────────
    test-results\25-accounts-balance-River--bb0da-balance-and-3-000-mo-income\test-failed-1.png
    ────────────────────────────────────────────────────────────────────────────────────────────────

    attachment #2: screenshot (image/png) ──────────────────────────────────────────────────────────
    test-results\25-accounts-balance-River--bb0da-balance-and-3-000-mo-income\test-failed-2.png
    ────────────────────────────────────────────────────────────────────────────────────────────────

    Error Context: test-results\25-accounts-balance-River--bb0da-balance-and-3-000-mo-income\error-context.md

    Error Context: test-results\25-accounts-balance-River--bb0da-balance-and-3-000-mo-income\error-context.md

    attachment #5: trace (application/zip) ─────────────────────────────────────────────────────────
    test-results\25-accounts-balance-River--bb0da-balance-and-3-000-mo-income\trace.zip
    Usage:

        npx playwright show-trace test-results\25-accounts-balance-River--bb0da-balance-and-3-000-mo-income\trace.zip

    ────────────────────────────────────────────────────────────────────────────────────────────────

    Retry #1 ───────────────────────────────────────────────────────────────────────────────────────

    Error: expect(locator).toBeVisible() failed

    Locator: locator('[data-testid="account-row"]').filter({ hasText: 'River Bank' }).locator('[data-testid="account-balance"]')
    Expected: visible
    Timeout: 15000ms
    Error: element(s) not found

    Call log:
      - Expect "toBeVisible" with timeout 15000ms
      - waiting for locator('[data-testid="account-row"]').filter({ hasText: 'River Bank' }).locator('[data-testid="account-balance"]')


      122 |   const row = page.locator('[data-testid="account-row"]').filter({ hasText: 'River Bank' });
      123 |   const balance = row.locator('[data-testid="account-balance"]');
    > 124 |   await expect(balance).toBeVisible();
          |                         ^
      125 |   // (null ?? 0) + 3000 = $3,000.00 — full cents displayed
      126 |   await expect(balance).toContainText('$3,000.00');
      127 |   // Hint should no longer be visible now that there is linked data
        at K:\code\finance-finger\tests\e2e\25-accounts-balance.spec.ts:124:25

    attachment #1: screenshot (image/png) ──────────────────────────────────────────────────────────
    test-results\25-accounts-balance-River--bb0da-balance-and-3-000-mo-income-retry1\test-finished-2.png
    ────────────────────────────────────────────────────────────────────────────────────────────────

    attachment #2: screenshot (image/png) ──────────────────────────────────────────────────────────
    test-results\25-accounts-balance-River--bb0da-balance-and-3-000-mo-income-retry1\test-finished-1.png
    ────────────────────────────────────────────────────────────────────────────────────────────────

    Error Context: test-results\25-accounts-balance-River--bb0da-balance-and-3-000-mo-income-retry1\error-context.md

    Error Context: test-results\25-accounts-balance-River--bb0da-balance-and-3-000-mo-income-retry1\error-context.md

    attachment #5: trace (application/zip) ─────────────────────────────────────────────────────────
    test-results\25-accounts-balance-River--bb0da-balance-and-3-000-mo-income-retry1\trace.zip
    Usage:

        npx playwright show-trace test-results\25-accounts-balance-River--bb0da-balance-and-3-000-mo-income-retry1\trace.zip

    ────────────────────────────────────────────────────────────────────────────────────────────────


[487/828] tests\e2e\25-accounts-balance.spec.ts:134:1 › setting a starting balance of $5,000 updates the displayed balance to $8,000
[488/828] (retries) tests\e2e\25-accounts-balance.spec.ts:134:1 › setting a starting balance of $5,000 updates the displayed balance to $8,000 (retry #1)
  8) tests\e2e\25-accounts-balance.spec.ts:134:1 › setting a starting balance of $5,000 updates the displayed balance to $8,000 

    TimeoutError: locator.click: Timeout 15000ms exceeded.
    Call log:
      - waiting for locator('[data-testid="account-row"]').filter({ hasText: 'River Bank' }).locator('[data-testid="account-edit"]')


      135 |   // Already on accounts page
      136 |   const row = page.locator('[data-testid="account-row"]').filter({ hasText: 'River Bank' });
    > 137 |   await row.locator('[data-testid="account-edit"]').click();
          |                                                     ^
      138 |   await expect(page.locator('[data-testid="modal-dialog"]')).toBeVisible();
      139 |
      140 |   await page.fill('#ba-balance', '5000.50');
        at K:\code\finance-finger\tests\e2e\25-accounts-balance.spec.ts:137:53

    attachment #1: screenshot (image/png) ──────────────────────────────────────────────────────────
    test-results\25-accounts-balance-settin-0dd7e--displayed-balance-to-8-000\test-finished-1.png
    ────────────────────────────────────────────────────────────────────────────────────────────────

    attachment #2: screenshot (image/png) ──────────────────────────────────────────────────────────
    test-results\25-accounts-balance-settin-0dd7e--displayed-balance-to-8-000\test-finished-2.png
    ────────────────────────────────────────────────────────────────────────────────────────────────

    Error Context: test-results\25-accounts-balance-settin-0dd7e--displayed-balance-to-8-000\error-context.md

    Error Context: test-results\25-accounts-balance-settin-0dd7e--displayed-balance-to-8-000\error-context.md

    attachment #5: trace (application/zip) ─────────────────────────────────────────────────────────
    test-results\25-accounts-balance-settin-0dd7e--displayed-balance-to-8-000\trace.zip
    Usage:

        npx playwright show-trace test-results\25-accounts-balance-settin-0dd7e--displayed-balance-to-8-000\trace.zip

    ────────────────────────────────────────────────────────────────────────────────────────────────

    Retry #1 ───────────────────────────────────────────────────────────────────────────────────────

    TimeoutError: locator.click: Timeout 15000ms exceeded.
    Call log:
      - waiting for locator('[data-testid="account-row"]').filter({ hasText: 'River Bank' }).locator('[data-testid="account-edit"]')


      135 |   // Already on accounts page
      136 |   const row = page.locator('[data-testid="account-row"]').filter({ hasText: 'River Bank' });
    > 137 |   await row.locator('[data-testid="account-edit"]').click();
          |                                                     ^
      138 |   await expect(page.locator('[data-testid="modal-dialog"]')).toBeVisible();
      139 |
      140 |   await page.fill('#ba-balance', '5000.50');
        at K:\code\finance-finger\tests\e2e\25-accounts-balance.spec.ts:137:53

    attachment #1: screenshot (image/png) ──────────────────────────────────────────────────────────
    test-results\25-accounts-balance-settin-0dd7e--displayed-balance-to-8-000-retry1\test-finished-1.png
    ────────────────────────────────────────────────────────────────────────────────────────────────

    attachment #2: screenshot (image/png) ──────────────────────────────────────────────────────────
    test-results\25-accounts-balance-settin-0dd7e--displayed-balance-to-8-000-retry1\test-finished-2.png
    ────────────────────────────────────────────────────────────────────────────────────────────────

    Error Context: test-results\25-accounts-balance-settin-0dd7e--displayed-balance-to-8-000-retry1\error-context.md

    Error Context: test-results\25-accounts-balance-settin-0dd7e--displayed-balance-to-8-000-retry1\error-context.md

    attachment #5: trace (application/zip) ─────────────────────────────────────────────────────────
    test-results\25-accounts-balance-settin-0dd7e--displayed-balance-to-8-000-retry1\trace.zip
    Usage:

        npx playwright show-trace test-results\25-accounts-balance-settin-0dd7e--displayed-balance-to-8-000-retry1\trace.zip

    ────────────────────────────────────────────────────────────────────────────────────────────────


[489/828] tests\e2e\25-accounts-balance.spec.ts:152:1 › month navigation shows the current month label
[490/828] tests\e2e\25-accounts-balance.spec.ts:159:1 › next month button is disabled when viewing the current month
[491/828] tests\e2e\25-accounts-balance.spec.ts:164:1 › clicking previous month changes the label to the prior month
[492/828] tests\e2e\25-accounts-balance.spec.ts:171:1 › clicking next month returns the label to the current month
[493/828] tests\e2e\25-accounts-balance.spec.ts:179:1 › setup: add one-time income $1,000 for today linked to River Bank
[494/828] (retries) tests\e2e\25-accounts-balance.spec.ts:179:1 › setup: add one-time income $1,000 for today linked to River Bank (retry #1)
  9) tests\e2e\25-accounts-balance.spec.ts:179:1 › setup: add one-time income $1,000 for today linked to River Bank 

    TimeoutError: page.selectOption: Timeout 15000ms exceeded.
    Call log:
      - waiting for locator('[data-testid="income-sf-account-select"]')


      187 |   await page.selectOption('#sf-freq', 'once');
      188 |   await page.fill('#sf-date', TODAY);
    > 189 |   await page.selectOption('[data-testid="income-sf-account-select"]', { label: 'River Bank' });
          |              ^
      190 |
      191 |   await page.click('[data-testid="modal-submit"]');
      192 |   await expect(page.locator('[data-testid="modal-dialog"]')).not.toBeVisible();
        at K:\code\finance-finger\tests\e2e\25-accounts-balance.spec.ts:189:14

    attachment #1: screenshot (image/png) ──────────────────────────────────────────────────────────
    test-results\25-accounts-balance-setup--90667--today-linked-to-River-Bank\test-failed-2.png
    ────────────────────────────────────────────────────────────────────────────────────────────────

    attachment #2: screenshot (image/png) ──────────────────────────────────────────────────────────
    test-results\25-accounts-balance-setup--90667--today-linked-to-River-Bank\test-failed-1.png
    ────────────────────────────────────────────────────────────────────────────────────────────────

    Error Context: test-results\25-accounts-balance-setup--90667--today-linked-to-River-Bank\error-context.md

    Error Context: test-results\25-accounts-balance-setup--90667--today-linked-to-River-Bank\error-context.md

    attachment #5: trace (application/zip) ─────────────────────────────────────────────────────────
    test-results\25-accounts-balance-setup--90667--today-linked-to-River-Bank\trace.zip
    Usage:

        npx playwright show-trace test-results\25-accounts-balance-setup--90667--today-linked-to-River-Bank\trace.zip

    ────────────────────────────────────────────────────────────────────────────────────────────────

    Retry #1 ───────────────────────────────────────────────────────────────────────────────────────

    TimeoutError: page.selectOption: Timeout 15000ms exceeded.
    Call log:
      - waiting for locator('[data-testid="income-sf-account-select"]')


      187 |   await page.selectOption('#sf-freq', 'once');
      188 |   await page.fill('#sf-date', TODAY);
    > 189 |   await page.selectOption('[data-testid="income-sf-account-select"]', { label: 'River Bank' });
          |              ^
      190 |
      191 |   await page.click('[data-testid="modal-submit"]');
      192 |   await expect(page.locator('[data-testid="modal-dialog"]')).not.toBeVisible();
        at K:\code\finance-finger\tests\e2e\25-accounts-balance.spec.ts:189:14

    attachment #1: screenshot (image/png) ──────────────────────────────────────────────────────────
    test-results\25-accounts-balance-setup--90667--today-linked-to-River-Bank-retry1\test-finished-1.png
    ────────────────────────────────────────────────────────────────────────────────────────────────

    attachment #2: screenshot (image/png) ──────────────────────────────────────────────────────────
    test-results\25-accounts-balance-setup--90667--today-linked-to-River-Bank-retry1\test-finished-2.png
    ────────────────────────────────────────────────────────────────────────────────────────────────

    Error Context: test-results\25-accounts-balance-setup--90667--today-linked-to-River-Bank-retry1\error-context.md

    Error Context: test-results\25-accounts-balance-setup--90667--today-linked-to-River-Bank-retry1\error-context.md

    attachment #5: trace (application/zip) ─────────────────────────────────────────────────────────
    test-results\25-accounts-balance-setup--90667--today-linked-to-River-Bank-retry1\trace.zip
    Usage:

        npx playwright show-trace test-results\25-accounts-balance-setup--90667--today-linked-to-River-Bank-retry1\trace.zip

    ────────────────────────────────────────────────────────────────────────────────────────────────


[495/828] tests\e2e\25-accounts-balance.spec.ts:197:1 › current month balance includes the one-time income ($9,000)
[496/828] (retries) tests\e2e\25-accounts-balance.spec.ts:197:1 › current month balance includes the one-time income ($9,000) (retry #1)
  10) tests\e2e\25-accounts-balance.spec.ts:197:1 › current month balance includes the one-time income ($9,000) 

    Error: expect(locator).toContainText(expected) failed

    Locator: locator('[data-testid="account-row"]').filter({ hasText: 'River Bank' }).locator('[data-testid="account-balance"]')
    Expected substring: "$9,000.50"
    Timeout: 15000ms
    Error: element(s) not found

    Call log:
      - Expect "toContainText" with timeout 15000ms
      - waiting for locator('[data-testid="account-row"]').filter({ hasText: 'River Bank' }).locator('[data-testid="account-balance"]')


      201 |   const balance = row.locator('[data-testid="account-balance"]');
      202 |   // 5000.50 + 3000 + 1000 = $9,000.50
    > 203 |   await expect(balance).toContainText('$9,000.50');
          |                         ^
      204 |   await page.screenshot({ path: 'tests/screenshots/accounts-bal-09-onetime-current.png' });
      205 | });
      206 |
        at K:\code\finance-finger\tests\e2e\25-accounts-balance.spec.ts:203:25

    attachment #1: screenshot (image/png) ──────────────────────────────────────────────────────────
    test-results\25-accounts-balance-curren-ee581--the-one-time-income-9-000-\test-finished-1.png
    ────────────────────────────────────────────────────────────────────────────────────────────────

    attachment #2: screenshot (image/png) ──────────────────────────────────────────────────────────
    test-results\25-accounts-balance-curren-ee581--the-one-time-income-9-000-\test-finished-2.png
    ────────────────────────────────────────────────────────────────────────────────────────────────

    Error Context: test-results\25-accounts-balance-curren-ee581--the-one-time-income-9-000-\error-context.md

    Error Context: test-results\25-accounts-balance-curren-ee581--the-one-time-income-9-000-\error-context.md

    attachment #5: trace (application/zip) ─────────────────────────────────────────────────────────
    test-results\25-accounts-balance-curren-ee581--the-one-time-income-9-000-\trace.zip
    Usage:

        npx playwright show-trace test-results\25-accounts-balance-curren-ee581--the-one-time-income-9-000-\trace.zip

    ────────────────────────────────────────────────────────────────────────────────────────────────

    Retry #1 ───────────────────────────────────────────────────────────────────────────────────────

    Error: expect(locator).toContainText(expected) failed

    Locator: locator('[data-testid="account-row"]').filter({ hasText: 'River Bank' }).locator('[data-testid="account-balance"]')
    Expected substring: "$9,000.50"
    Timeout: 15000ms
    Error: element(s) not found

    Call log:
      - Expect "toContainText" with timeout 15000ms
      - waiting for locator('[data-testid="account-row"]').filter({ hasText: 'River Bank' }).locator('[data-testid="account-balance"]')


      201 |   const balance = row.locator('[data-testid="account-balance"]');
      202 |   // 5000.50 + 3000 + 1000 = $9,000.50
    > 203 |   await expect(balance).toContainText('$9,000.50');
          |                         ^
      204 |   await page.screenshot({ path: 'tests/screenshots/accounts-bal-09-onetime-current.png' });
      205 | });
      206 |
        at K:\code\finance-finger\tests\e2e\25-accounts-balance.spec.ts:203:25

    attachment #1: screenshot (image/png) ──────────────────────────────────────────────────────────
    test-results\25-accounts-balance-curren-ee581--the-one-time-income-9-000--retry1\test-finished-2.png
    ────────────────────────────────────────────────────────────────────────────────────────────────

    attachment #2: screenshot (image/png) ──────────────────────────────────────────────────────────
    test-results\25-accounts-balance-curren-ee581--the-one-time-income-9-000--retry1\test-finished-1.png
    ────────────────────────────────────────────────────────────────────────────────────────────────

    Error Context: test-results\25-accounts-balance-curren-ee581--the-one-time-income-9-000--retry1\error-context.md

    Error Context: test-results\25-accounts-balance-curren-ee581--the-one-time-income-9-000--retry1\error-context.md

    attachment #5: trace (application/zip) ─────────────────────────────────────────────────────────
    test-results\25-accounts-balance-curren-ee581--the-one-time-income-9-000--retry1\trace.zip
    Usage:

        npx playwright show-trace test-results\25-accounts-balance-curren-ee581--the-one-time-income-9-000--retry1\trace.zip

    ────────────────────────────────────────────────────────────────────────────────────────────────


[497/828] tests\e2e\25-accounts-balance.spec.ts:207:1 › previous month balance excludes the one-time income (back to $8,000)
[498/828] (retries) tests\e2e\25-accounts-balance.spec.ts:207:1 › previous month balance excludes the one-time income (back to $8,000) (retry #1)
  11) tests\e2e\25-accounts-balance.spec.ts:207:1 › previous month balance excludes the one-time income (back to $8,000) 

    Error: expect(locator).toContainText(expected) failed

    Locator: locator('[data-testid="account-row"]').filter({ hasText: 'River Bank' }).locator('[data-testid="account-balance"]')
    Expected substring: "$8,000.50"
    Timeout: 15000ms
    Error: element(s) not found

    Call log:
      - Expect "toContainText" with timeout 15000ms
      - waiting for locator('[data-testid="account-row"]').filter({ hasText: 'River Bank' }).locator('[data-testid="account-balance"]')


      211 |   const balance = row.locator('[data-testid="account-balance"]');
      212 |   // One-time income is dated this month, so previous month gets 5000.50 + 3000 + 0 = $8,000.50
    > 213 |   await expect(balance).toContainText('$8,000.50');
          |                         ^
      214 |   await expect(balance).not.toContainText('9,000');
      215 |   await page.screenshot({ path: 'tests/screenshots/accounts-bal-10-onetime-prev-month.png' });
      216 | });
        at K:\code\finance-finger\tests\e2e\25-accounts-balance.spec.ts:213:25

    attachment #1: screenshot (image/png) ──────────────────────────────────────────────────────────
    test-results\25-accounts-balance-previo-a6316--time-income-back-to-8-000-\test-finished-2.png
    ────────────────────────────────────────────────────────────────────────────────────────────────

    attachment #2: screenshot (image/png) ──────────────────────────────────────────────────────────
    test-results\25-accounts-balance-previo-a6316--time-income-back-to-8-000-\test-finished-1.png
    ────────────────────────────────────────────────────────────────────────────────────────────────

    Error Context: test-results\25-accounts-balance-previo-a6316--time-income-back-to-8-000-\error-context.md

    Error Context: test-results\25-accounts-balance-previo-a6316--time-income-back-to-8-000-\error-context.md

    attachment #5: trace (application/zip) ─────────────────────────────────────────────────────────
    test-results\25-accounts-balance-previo-a6316--time-income-back-to-8-000-\trace.zip
    Usage:

        npx playwright show-trace test-results\25-accounts-balance-previo-a6316--time-income-back-to-8-000-\trace.zip

    ────────────────────────────────────────────────────────────────────────────────────────────────

    Retry #1 ───────────────────────────────────────────────────────────────────────────────────────

    Error: expect(locator).toContainText(expected) failed

    Locator: locator('[data-testid="account-row"]').filter({ hasText: 'River Bank' }).locator('[data-testid="account-balance"]')
    Expected substring: "$8,000.50"
    Timeout: 15000ms
    Error: element(s) not found

    Call log:
      - Expect "toContainText" with timeout 15000ms
      - waiting for locator('[data-testid="account-row"]').filter({ hasText: 'River Bank' }).locator('[data-testid="account-balance"]')


      211 |   const balance = row.locator('[data-testid="account-balance"]');
      212 |   // One-time income is dated this month, so previous month gets 5000.50 + 3000 + 0 = $8,000.50
    > 213 |   await expect(balance).toContainText('$8,000.50');
          |                         ^
      214 |   await expect(balance).not.toContainText('9,000');
      215 |   await page.screenshot({ path: 'tests/screenshots/accounts-bal-10-onetime-prev-month.png' });
      216 | });
        at K:\code\finance-finger\tests\e2e\25-accounts-balance.spec.ts:213:25

    attachment #1: screenshot (image/png) ──────────────────────────────────────────────────────────
    test-results\25-accounts-balance-previo-a6316--time-income-back-to-8-000--retry1\test-finished-2.png
    ────────────────────────────────────────────────────────────────────────────────────────────────

    Error Context: test-results\25-accounts-balance-previo-a6316--time-income-back-to-8-000--retry1\error-context.md

    Error Context: test-results\25-accounts-balance-previo-a6316--time-income-back-to-8-000--retry1\error-context.md

    attachment #4: trace (application/zip) ─────────────────────────────────────────────────────────
    test-results\25-accounts-balance-previo-a6316--time-income-back-to-8-000--retry1\trace.zip
    Usage:

        npx playwright show-trace test-results\25-accounts-balance-previo-a6316--time-income-back-to-8-000--retry1\trace.zip

    ────────────────────────────────────────────────────────────────────────────────────────────────


[499/828] tests\e2e\25-accounts-balance.spec.ts:218:1 › navigating back to current month restores the one-time income in the balance
[500/828] (retries) tests\e2e\25-accounts-balance.spec.ts:218:1 › navigating back to current month restores the one-time income in the balance (retry #1)
  12) tests\e2e\25-accounts-balance.spec.ts:218:1 › navigating back to current month restores the one-time income in the balance 

    TimeoutError: page.click: Timeout 15000ms exceeded.
    Call log:
      - waiting for locator('.month-nav-btn[aria-label="Next month"]')
        - locator resolved to <button disabled class="month-nav-btn" aria-label="Next month" data-testid="dash-next">›</button>
      - attempting click action
        2 × waiting for element to be visible, enabled and stable
          - element is not enabled
        - retrying click action
        - waiting 20ms
        2 × waiting for element to be visible, enabled and stable
          - element is not enabled
        - retrying click action
          - waiting 100ms
        28 × waiting for element to be visible, enabled and stable
           - element is not enabled
         - retrying click action
           - waiting 500ms


      217 |
      218 | test('navigating back to current month restores the one-time income in the balance', async () => {
    > 219 |   await page.click('.month-nav-btn[aria-label="Next month"]');
          |              ^
      220 |
      221 |   const row = page.locator('[data-testid="account-row"]').filter({ hasText: 'River Bank' });
      222 |   const balance = row.locator('[data-testid="account-balance"]');
        at K:\code\finance-finger\tests\e2e\25-accounts-balance.spec.ts:219:14

    attachment #1: screenshot (image/png) ──────────────────────────────────────────────────────────
    test-results\25-accounts-balance-naviga-66d18--time-income-in-the-balance\test-finished-2.png
    ────────────────────────────────────────────────────────────────────────────────────────────────

    attachment #2: screenshot (image/png) ──────────────────────────────────────────────────────────
    test-results\25-accounts-balance-naviga-66d18--time-income-in-the-balance\test-finished-1.png
    ────────────────────────────────────────────────────────────────────────────────────────────────

    Error Context: test-results\25-accounts-balance-naviga-66d18--time-income-in-the-balance\error-context.md

    Error Context: test-results\25-accounts-balance-naviga-66d18--time-income-in-the-balance\error-context.md

    attachment #5: trace (application/zip) ─────────────────────────────────────────────────────────
    test-results\25-accounts-balance-naviga-66d18--time-income-in-the-balance\trace.zip
    Usage:

        npx playwright show-trace test-results\25-accounts-balance-naviga-66d18--time-income-in-the-balance\trace.zip

    ────────────────────────────────────────────────────────────────────────────────────────────────

    Retry #1 ───────────────────────────────────────────────────────────────────────────────────────

    TimeoutError: page.click: Timeout 15000ms exceeded.
    Call log:
      - waiting for locator('.month-nav-btn[aria-label="Next month"]')
        - locator resolved to <button disabled class="month-nav-btn" aria-label="Next month" data-testid="dash-next">›</button>
      - attempting click action
        2 × waiting for element to be visible, enabled and stable
          - element is not enabled
        - retrying click action
        - waiting 20ms
        2 × waiting for element to be visible, enabled and stable
          - element is not enabled
        - retrying click action
          - waiting 100ms
        28 × waiting for element to be visible, enabled and stable
           - element is not enabled
         - retrying click action
           - waiting 500ms


      217 |
      218 | test('navigating back to current month restores the one-time income in the balance', async () => {
    > 219 |   await page.click('.month-nav-btn[aria-label="Next month"]');
          |              ^
      220 |
      221 |   const row = page.locator('[data-testid="account-row"]').filter({ hasText: 'River Bank' });
      222 |   const balance = row.locator('[data-testid="account-balance"]');
        at K:\code\finance-finger\tests\e2e\25-accounts-balance.spec.ts:219:14

    attachment #1: screenshot (image/png) ──────────────────────────────────────────────────────────
    test-results\25-accounts-balance-naviga-66d18--time-income-in-the-balance-retry1\test-finished-2.png
    ────────────────────────────────────────────────────────────────────────────────────────────────

    attachment #2: screenshot (image/png) ──────────────────────────────────────────────────────────
    test-results\25-accounts-balance-naviga-66d18--time-income-in-the-balance-retry1\test-finished-1.png
    ────────────────────────────────────────────────────────────────────────────────────────────────

    Error Context: test-results\25-accounts-balance-naviga-66d18--time-income-in-the-balance-retry1\error-context.md

    Error Context: test-results\25-accounts-balance-naviga-66d18--time-income-in-the-balance-retry1\error-context.md

    attachment #5: trace (application/zip) ─────────────────────────────────────────────────────────
    test-results\25-accounts-balance-naviga-66d18--time-income-in-the-balance-retry1\trace.zip
    Usage:

        npx playwright show-trace test-results\25-accounts-balance-naviga-66d18--time-income-in-the-balance-retry1\trace.zip

    ────────────────────────────────────────────────────────────────────────────────────────────────


[501/828] tests\e2e\26-expense-payment-display.spec.ts:80:1 › setup: add Bills category
[502/828] tests\e2e\26-expense-payment-display.spec.ts:90:1 › setup: add Power Bill ($100, variable, non-auto-pay)
[503/828] tests\e2e\26-expense-payment-display.spec.ts:107:1 › setup: add Broadband ($60, auto-pay)
[504/828] tests\e2e\26-expense-payment-display.spec.ts:126:1 › unpaid expense does not show the actual-amount element
[505/828] tests\e2e\26-expense-payment-display.spec.ts:132:1 › clicking Record Payment on Power Bill opens the dialog
[506/828] tests\e2e\26-expense-payment-display.spec.ts:138:1 › record payment of $80 (under $100 threshold) and submit
[507/828] tests\e2e\26-expense-payment-display.spec.ts:144:1 › after payment, actual amount element is visible on the row
[508/828] tests\e2e\26-expense-payment-display.spec.ts:149:1 › actual amount under threshold shows estimated sub-label with "est."
[509/828] tests\e2e\26-expense-payment-display.spec.ts:154:1 › actual amount under threshold is coloured green
[510/828] tests\e2e\26-expense-payment-display.spec.ts:163:1 › paid non-auto-pay expense shows an Edit Payment button
[511/828] tests\e2e\26-expense-payment-display.spec.ts:168:1 › paid expense no longer shows the original Record Payment button
[512/828] tests\e2e\26-expense-payment-display.spec.ts:174:1 › auto-pay expense (Broadband) does not show an Edit Payment button
[513/828] tests\e2e\26-expense-payment-display.spec.ts:181:1 › Edit Payment dialog title reads "Edit Payment —…"
[514/828] tests\e2e\26-expense-payment-display.spec.ts:189:1 › Edit Payment dialog pre-fills the previously recorded amount
[515/828] tests\e2e\26-expense-payment-display.spec.ts:197:1 › Edit Payment dialog pre-fills the previously recorded date
[516/828] tests\e2e\26-expense-payment-display.spec.ts:207:1 › overage warning fires in Edit Payment dialog when amount exceeds $100 threshold
[517/828] tests\e2e\26-expense-payment-display.spec.ts:218:1 › edit payment to $105 (5% over) → amount updates and shows light red
[518/828] tests\e2e\26-expense-payment-display.spec.ts:232:1 › edit payment to $115 (15% over) → amount shows medium red
[519/828] tests\e2e\26-expense-payment-display.spec.ts:244:1 › edit payment to $130 (30% over) → amount shows full danger red
[520/828] tests\e2e\26-expense-payment-display.spec.ts:256:1 › edit payment back to $90 (under threshold) → amount returns to green
[521/828] tests\e2e\27-break-glass.spec.ts:79:1 › fixture: add BG Member via Settings
[522/828] tests\e2e\27-break-glass.spec.ts:90:1 › fixture: add BG Salary income source
[523/828] tests\e2e\27-break-glass.spec.ts:104:1 › Open Break Glass button is visible in Settings
[524/828] tests\e2e\27-break-glass.spec.ts:110:1 › clicking Open Break Glass shows the warning overlay
[525/828] tests\e2e\27-break-glass.spec.ts:117:1 › confirm button is disabled until the phrase is typed
[526/828] tests\e2e\27-break-glass.spec.ts:136:1 › clicking outside the warning card does not dismiss it
[527/828] tests\e2e\27-break-glass.spec.ts:142:1 › confirming the warning navigates to the Break Glass page
[528/828] tests\e2e\27-break-glass.spec.ts:150:1 › Data Browser and Orphan Scanner tabs are both visible
[529/828] tests\e2e\27-break-glass.spec.ts:155:1 › Data Browser tab is active by default
[530/828] tests\e2e\27-break-glass.spec.ts:160:1 › store dropdown and record list are visible
[531/828] tests\e2e\27-break-glass.spec.ts:165:1 › back button returns to Settings
[532/828] tests\e2e\27-break-glass.spec.ts:172:1 › Members store lists the seeded member
[533/828] tests\e2e\27-break-glass.spec.ts:181:1 › clicking BG Member opens the columnar detail view
[534/828] tests\e2e\27-break-glass.spec.ts:190:1 › detail view shows field labels in human-readable form
[535/828] tests\e2e\27-break-glass.spec.ts:197:1 › Created At field shows a formatted date, not a raw epoch number
[536/828] tests\e2e\27-break-glass.spec.ts:209:1 › clicking Edit shows the field editor
[537/828] tests\e2e\27-break-glass.spec.ts:218:1 › name input in field editor is pre-filled with current value
[538/828] tests\e2e\27-break-glass.spec.ts:226:1 › can change the name and save
[539/828] tests\e2e\27-break-glass.spec.ts:240:1 › Cancel discards changes and returns to view mode
[540/828] tests\e2e\27-break-glass.spec.ts:254:1 › Edit Raw JSON button shows a textarea with JSON content
[541/828] tests\e2e\27-break-glass.spec.ts:265:1 › mode toggle switches from raw JSON back to field editor
[542/828] tests\e2e\27-break-glass.spec.ts:275:1 › switching store to Expenses shows empty list (no expenses seeded)
[543/828] tests\e2e\27-break-glass.spec.ts:281:1 › switching back to Members shows the record again
[544/828] tests\e2e\27-break-glass.spec.ts:288:1 › Income Sources store shows the seeded BG Salary record
[545/828] tests\e2e\27-break-glass.spec.ts:294:1 › BG Salary detail shows a clickable FK link for Member
[546/828] tests\e2e\27-break-glass.spec.ts:304:1 › clicking the Member FK link navigates to the referenced member record
[547/828] tests\e2e\27-break-glass.spec.ts:318:1 › Orphan Scanner tab switches view and shows Run Scan button
[548/828] tests\e2e\27-break-glass.spec.ts:325:1 › Run Scan on clean data reports no orphans
[549/828] tests\e2e\27-break-glass.spec.ts:334:1 › fixture: corrupt BG Salary memberId to create a dangling FK
[550/828] (retries) tests\e2e\27-break-glass.spec.ts:334:1 › fixture: corrupt BG Salary memberId to create a dangling FK (retry #1)
  13) tests\e2e\27-break-glass.spec.ts:334:1 › fixture: corrupt BG Salary memberId to create a dangling FK 

    Error: UNKNOWN: unknown error, open 'K:\code\finance-finger\tests\screenshots\bg-14-orphan-created.png'

      346 |   await page.click('[data-testid="bg-save-btn"]');
      347 |   await expect(page.locator('[data-testid="bg-edit-btn"]')).toBeVisible();
    > 348 |   await page.screenshot({ path: 'tests/screenshots/bg-14-orphan-created.png' });
          |   ^
      349 | });
      350 |
      351 | test('Run Scan detects the dangling FK on BG Salary', async () => {
        at K:\code\finance-finger\tests\e2e\27-break-glass.spec.ts:348:3

    attachment #1: screenshot (image/png) ──────────────────────────────────────────────────────────
    test-results\27-break-glass-fixture-cor-56986-rId-to-create-a-dangling-FK\test-failed-2.png
    ────────────────────────────────────────────────────────────────────────────────────────────────

    attachment #2: screenshot (image/png) ──────────────────────────────────────────────────────────
    test-results\27-break-glass-fixture-cor-56986-rId-to-create-a-dangling-FK\test-failed-1.png
    ────────────────────────────────────────────────────────────────────────────────────────────────

    Error Context: test-results\27-break-glass-fixture-cor-56986-rId-to-create-a-dangling-FK\error-context.md

    Error Context: test-results\27-break-glass-fixture-cor-56986-rId-to-create-a-dangling-FK\error-context.md

    attachment #5: trace (application/zip) ─────────────────────────────────────────────────────────
    test-results\27-break-glass-fixture-cor-56986-rId-to-create-a-dangling-FK\trace.zip
    Usage:

        npx playwright show-trace test-results\27-break-glass-fixture-cor-56986-rId-to-create-a-dangling-FK\trace.zip

    ────────────────────────────────────────────────────────────────────────────────────────────────

    Retry #1 ───────────────────────────────────────────────────────────────────────────────────────

    TimeoutError: page.click: Timeout 15000ms exceeded.
    Call log:
      - waiting for locator('[data-testid="bg-tab-browser"]')


      334 | test('fixture: corrupt BG Salary memberId to create a dangling FK', async () => {
      335 |   // Navigate to income sources in the data browser
    > 336 |   await page.click('[data-testid="bg-tab-browser"]');
          |              ^
      337 |   await selectStore('income_sources');
      338 |   await clickRecord('BG Salary');
      339 |
        at K:\code\finance-finger\tests\e2e\27-break-glass.spec.ts:336:14

    attachment #1: screenshot (image/png) ──────────────────────────────────────────────────────────
    test-results\27-break-glass-fixture-cor-56986-rId-to-create-a-dangling-FK-retry1\test-finished-1.png
    ────────────────────────────────────────────────────────────────────────────────────────────────

    attachment #2: screenshot (image/png) ──────────────────────────────────────────────────────────
    test-results\27-break-glass-fixture-cor-56986-rId-to-create-a-dangling-FK-retry1\test-finished-2.png
    ────────────────────────────────────────────────────────────────────────────────────────────────

    Error Context: test-results\27-break-glass-fixture-cor-56986-rId-to-create-a-dangling-FK-retry1\error-context.md

    Error Context: test-results\27-break-glass-fixture-cor-56986-rId-to-create-a-dangling-FK-retry1\error-context.md

    attachment #5: trace (application/zip) ─────────────────────────────────────────────────────────
    test-results\27-break-glass-fixture-cor-56986-rId-to-create-a-dangling-FK-retry1\trace.zip
    Usage:

        npx playwright show-trace test-results\27-break-glass-fixture-cor-56986-rId-to-create-a-dangling-FK-retry1\trace.zip

    ────────────────────────────────────────────────────────────────────────────────────────────────


[551/828] tests\e2e\27-break-glass.spec.ts:351:1 › Run Scan detects the dangling FK on BG Salary
[552/828] (retries) tests\e2e\27-break-glass.spec.ts:351:1 › Run Scan detects the dangling FK on BG Salary (retry #1)
  14) tests\e2e\27-break-glass.spec.ts:351:1 › Run Scan detects the dangling FK on BG Salary ───────

    TimeoutError: page.click: Timeout 15000ms exceeded.
    Call log:
      - waiting for locator('[data-testid="bg-tab-scanner"]')


      350 |
      351 | test('Run Scan detects the dangling FK on BG Salary', async () => {
    > 352 |   await page.click('[data-testid="bg-tab-scanner"]');
          |              ^
      353 |   await page.click('[data-testid="bg-scan-btn"]');
      354 |   await expect(page.locator('[data-testid="bg-scan-status"]')).toContainText('issue', { timeout: 15_000 });
      355 |   await expect(page.locator('.bg-issue-badge--dangling')).toBeVisible();
        at K:\code\finance-finger\tests\e2e\27-break-glass.spec.ts:352:14

    Error: ENOENT: no such file or directory, unlink 'K:\code\finance-finger\test-results\.playwright-artifacts-26\5f88d23d5982b204b545ac8931a72d69.zip'

    attachment #1: screenshot (image/png) ──────────────────────────────────────────────────────────
    test-results\27-break-glass-Run-Scan-detects-the-dangling-FK-on-BG-Salary\test-finished-2.png
    ────────────────────────────────────────────────────────────────────────────────────────────────

    attachment #2: screenshot (image/png) ──────────────────────────────────────────────────────────
    test-results\27-break-glass-Run-Scan-detects-the-dangling-FK-on-BG-Salary\test-finished-1.png
    ────────────────────────────────────────────────────────────────────────────────────────────────

    Error Context: test-results\27-break-glass-Run-Scan-detects-the-dangling-FK-on-BG-Salary\error-context.md

    Error Context: test-results\27-break-glass-Run-Scan-detects-the-dangling-FK-on-BG-Salary\error-context.md

    Retry #1 ───────────────────────────────────────────────────────────────────────────────────────

    TimeoutError: page.click: Timeout 15000ms exceeded.
    Call log:
      - waiting for locator('[data-testid="bg-tab-scanner"]')


      350 |
      351 | test('Run Scan detects the dangling FK on BG Salary', async () => {
    > 352 |   await page.click('[data-testid="bg-tab-scanner"]');
          |              ^
      353 |   await page.click('[data-testid="bg-scan-btn"]');
      354 |   await expect(page.locator('[data-testid="bg-scan-status"]')).toContainText('issue', { timeout: 15_000 });
      355 |   await expect(page.locator('.bg-issue-badge--dangling')).toBeVisible();
        at K:\code\finance-finger\tests\e2e\27-break-glass.spec.ts:352:14

    attachment #1: screenshot (image/png) ──────────────────────────────────────────────────────────
    test-results\27-break-glass-Run-Scan-detects-the-dangling-FK-on-BG-Salary-retry1\test-finished-2.png
    ────────────────────────────────────────────────────────────────────────────────────────────────

    attachment #2: screenshot (image/png) ──────────────────────────────────────────────────────────
    test-results\27-break-glass-Run-Scan-detects-the-dangling-FK-on-BG-Salary-retry1\test-finished-1.png
    ────────────────────────────────────────────────────────────────────────────────────────────────

    Error Context: test-results\27-break-glass-Run-Scan-detects-the-dangling-FK-on-BG-Salary-retry1\error-context.md

    Error Context: test-results\27-break-glass-Run-Scan-detects-the-dangling-FK-on-BG-Salary-retry1\error-context.md

    attachment #5: trace (application/zip) ─────────────────────────────────────────────────────────
    test-results\27-break-glass-Run-Scan-detects-the-dangling-FK-on-BG-Salary-retry1\trace.zip
    Usage:

        npx playwright show-trace test-results\27-break-glass-Run-Scan-detects-the-dangling-FK-on-BG-Salary-retry1\trace.zip

    ────────────────────────────────────────────────────────────────────────────────────────────────


[553/828] tests\e2e\27-break-glass.spec.ts:361:1 › issue row shows the orphaned record name
[554/828] (retries) tests\e2e\27-break-glass.spec.ts:361:1 › issue row shows the orphaned record name (retry #1)
  15) tests\e2e\27-break-glass.spec.ts:361:1 › issue row shows the orphaned record name ────────────

    Error: expect(locator).toBeVisible() failed

    Locator: locator('.bg-issue-record').filter({ hasText: 'BG Salary' })
    Expected: visible
    Timeout: 15000ms
    Error: element(s) not found

    Call log:
      - Expect "toBeVisible" with timeout 15000ms
      - waiting for locator('.bg-issue-record').filter({ hasText: 'BG Salary' })


      360 |
      361 | test('issue row shows the orphaned record name', async () => {
    > 362 |   await expect(page.locator('.bg-issue-record').filter({ hasText: 'BG Salary' })).toBeVisible();
          |                                                                                   ^
      363 | });
      364 |
      365 | test('View in Browser button jumps to the orphaned income source record', async () => {
        at K:\code\finance-finger\tests\e2e\27-break-glass.spec.ts:362:83

    Error: ENOENT: no such file or directory, open 'K:\code\finance-finger\test-results\.playwright-artifacts-28\d1c8bbf63bf6d80ca6417a81d96f3e67.zip'

    attachment #1: screenshot (image/png) ──────────────────────────────────────────────────────────
    test-results\27-break-glass-issue-row-shows-the-orphaned-record-name\test-finished-2.png
    ────────────────────────────────────────────────────────────────────────────────────────────────

    attachment #2: screenshot (image/png) ──────────────────────────────────────────────────────────
    test-results\27-break-glass-issue-row-shows-the-orphaned-record-name\test-finished-1.png
    ────────────────────────────────────────────────────────────────────────────────────────────────

    Error Context: test-results\27-break-glass-issue-row-shows-the-orphaned-record-name\error-context.md

    Error Context: test-results\27-break-glass-issue-row-shows-the-orphaned-record-name\error-context.md

    Retry #1 ───────────────────────────────────────────────────────────────────────────────────────

    Error: expect(locator).toBeVisible() failed

    Locator: locator('.bg-issue-record').filter({ hasText: 'BG Salary' })
    Expected: visible
    Timeout: 15000ms
    Error: element(s) not found

    Call log:
      - Expect "toBeVisible" with timeout 15000ms
      - waiting for locator('.bg-issue-record').filter({ hasText: 'BG Salary' })


      360 |
      361 | test('issue row shows the orphaned record name', async () => {
    > 362 |   await expect(page.locator('.bg-issue-record').filter({ hasText: 'BG Salary' })).toBeVisible();
          |                                                                                   ^
      363 | });
      364 |
      365 | test('View in Browser button jumps to the orphaned income source record', async () => {
        at K:\code\finance-finger\tests\e2e\27-break-glass.spec.ts:362:83

    attachment #1: screenshot (image/png) ──────────────────────────────────────────────────────────
    test-results\27-break-glass-issue-row-shows-the-orphaned-record-name-retry1\test-finished-2.png
    ────────────────────────────────────────────────────────────────────────────────────────────────

    attachment #2: screenshot (image/png) ──────────────────────────────────────────────────────────
    test-results\27-break-glass-issue-row-shows-the-orphaned-record-name-retry1\test-finished-1.png
    ────────────────────────────────────────────────────────────────────────────────────────────────

    Error Context: test-results\27-break-glass-issue-row-shows-the-orphaned-record-name-retry1\error-context.md

    Error Context: test-results\27-break-glass-issue-row-shows-the-orphaned-record-name-retry1\error-context.md

    attachment #5: trace (application/zip) ─────────────────────────────────────────────────────────
    test-results\27-break-glass-issue-row-shows-the-orphaned-record-name-retry1\trace.zip
    Usage:

        npx playwright show-trace test-results\27-break-glass-issue-row-shows-the-orphaned-record-name-retry1\trace.zip

    ────────────────────────────────────────────────────────────────────────────────────────────────


[555/828] tests\e2e\27-break-glass.spec.ts:365:1 › View in Browser button jumps to the orphaned income source record
[556/828] (retries) tests\e2e\27-break-glass.spec.ts:365:1 › View in Browser button jumps to the orphaned income source record (retry #1)
  16) tests\e2e\27-break-glass.spec.ts:365:1 › View in Browser button jumps to the orphaned income source record 

    TimeoutError: locator.click: Timeout 15000ms exceeded.
    Call log:
      - waiting for locator('.bg-issue-view-btn').first()


      364 |
      365 | test('View in Browser button jumps to the orphaned income source record', async () => {
    > 366 |   await page.locator('.bg-issue-view-btn').first().click();
          |                                                    ^
      367 |   // Tab should switch to Data Browser
      368 |   await expect(page.locator('[data-testid="bg-tab-browser"]')).toHaveClass(/bg-tab-btn--active/);
      369 |   // Store should be income_sources
        at K:\code\finance-finger\tests\e2e\27-break-glass.spec.ts:366:52

    attachment #1: screenshot (image/png) ──────────────────────────────────────────────────────────
    test-results\27-break-glass-View-in-Bro-15402-phaned-income-source-record\test-finished-2.png
    ────────────────────────────────────────────────────────────────────────────────────────────────

    attachment #2: screenshot (image/png) ──────────────────────────────────────────────────────────
    test-results\27-break-glass-View-in-Bro-15402-phaned-income-source-record\test-finished-1.png
    ────────────────────────────────────────────────────────────────────────────────────────────────

    Error Context: test-results\27-break-glass-View-in-Bro-15402-phaned-income-source-record\error-context.md

    Error Context: test-results\27-break-glass-View-in-Bro-15402-phaned-income-source-record\error-context.md

    attachment #5: trace (application/zip) ─────────────────────────────────────────────────────────
    test-results\27-break-glass-View-in-Bro-15402-phaned-income-source-record\trace.zip
    Usage:

        npx playwright show-trace test-results\27-break-glass-View-in-Bro-15402-phaned-income-source-record\trace.zip

    ────────────────────────────────────────────────────────────────────────────────────────────────

    Retry #1 ───────────────────────────────────────────────────────────────────────────────────────

    TimeoutError: locator.click: Timeout 15000ms exceeded.
    Call log:
      - waiting for locator('.bg-issue-view-btn').first()


      364 |
      365 | test('View in Browser button jumps to the orphaned income source record', async () => {
    > 366 |   await page.locator('.bg-issue-view-btn').first().click();
          |                                                    ^
      367 |   // Tab should switch to Data Browser
      368 |   await expect(page.locator('[data-testid="bg-tab-browser"]')).toHaveClass(/bg-tab-btn--active/);
      369 |   // Store should be income_sources
        at K:\code\finance-finger\tests\e2e\27-break-glass.spec.ts:366:52

    Error: ENOENT: no such file or directory, open 'K:\code\finance-finger\test-results\.playwright-artifacts-31\d7fc122da75a276de3a80ea62feeff7c.zip'

    attachment #1: screenshot (image/png) ──────────────────────────────────────────────────────────
    test-results\27-break-glass-View-in-Bro-15402-phaned-income-source-record-retry1\test-finished-2.png
    ────────────────────────────────────────────────────────────────────────────────────────────────

    attachment #2: screenshot (image/png) ──────────────────────────────────────────────────────────
    test-results\27-break-glass-View-in-Bro-15402-phaned-income-source-record-retry1\test-finished-1.png
    ────────────────────────────────────────────────────────────────────────────────────────────────

    Error Context: test-results\27-break-glass-View-in-Bro-15402-phaned-income-source-record-retry1\error-context.md

    Error Context: test-results\27-break-glass-View-in-Bro-15402-phaned-income-source-record-retry1\error-context.md


[557/828] tests\e2e\27-break-glass.spec.ts:378:1 › fixture: restore BG Salary memberId to a valid member
[558/828] (retries) tests\e2e\27-break-glass.spec.ts:378:1 › fixture: restore BG Salary memberId to a valid member (retry #1)
  17) tests\e2e\27-break-glass.spec.ts:378:1 › fixture: restore BG Salary memberId to a valid member 

    TimeoutError: page.click: Timeout 15000ms exceeded.
    Call log:
      - waiting for locator('[data-testid="bg-edit-btn"]')


      378 | test('fixture: restore BG Salary memberId to a valid member', async () => {
      379 |   // The income source detail is already open from the previous test
    > 380 |   await page.click('[data-testid="bg-edit-btn"]');
          |              ^
      381 |   // Switch to raw JSON to set the memberId back to the real member's ID
      382 |   // We can find the member ID by navigating to Members and reading it
      383 |   // Easier: use Edit Raw JSON, grab the id from the Members store first
        at K:\code\finance-finger\tests\e2e\27-break-glass.spec.ts:380:14

    attachment #1: screenshot (image/png) ──────────────────────────────────────────────────────────
    test-results\27-break-glass-fixture-res-0642e--memberId-to-a-valid-member\test-finished-2.png
    ────────────────────────────────────────────────────────────────────────────────────────────────

    attachment #2: screenshot (image/png) ──────────────────────────────────────────────────────────
    test-results\27-break-glass-fixture-res-0642e--memberId-to-a-valid-member\test-finished-1.png
    ────────────────────────────────────────────────────────────────────────────────────────────────

    Error Context: test-results\27-break-glass-fixture-res-0642e--memberId-to-a-valid-member\error-context.md

    Error Context: test-results\27-break-glass-fixture-res-0642e--memberId-to-a-valid-member\error-context.md

    attachment #5: trace (application/zip) ─────────────────────────────────────────────────────────
    test-results\27-break-glass-fixture-res-0642e--memberId-to-a-valid-member\trace.zip
    Usage:

        npx playwright show-trace test-results\27-break-glass-fixture-res-0642e--memberId-to-a-valid-member\trace.zip

    ────────────────────────────────────────────────────────────────────────────────────────────────

    Retry #1 ───────────────────────────────────────────────────────────────────────────────────────

    TimeoutError: page.click: Timeout 15000ms exceeded.
    Call log:
      - waiting for locator('[data-testid="bg-edit-btn"]')


      378 | test('fixture: restore BG Salary memberId to a valid member', async () => {
      379 |   // The income source detail is already open from the previous test
    > 380 |   await page.click('[data-testid="bg-edit-btn"]');
          |              ^
      381 |   // Switch to raw JSON to set the memberId back to the real member's ID
      382 |   // We can find the member ID by navigating to Members and reading it
      383 |   // Easier: use Edit Raw JSON, grab the id from the Members store first
        at K:\code\finance-finger\tests\e2e\27-break-glass.spec.ts:380:14

    Test timeout of 90000ms exceeded.

    attachment #1: screenshot (image/png) ──────────────────────────────────────────────────────────
    test-results\27-break-glass-fixture-res-0642e--memberId-to-a-valid-member-retry1\test-finished-1.png
    ────────────────────────────────────────────────────────────────────────────────────────────────

    attachment #2: screenshot (image/png) ──────────────────────────────────────────────────────────
    test-results\27-break-glass-fixture-res-0642e--memberId-to-a-valid-member-retry1\test-finished-2.png
    ────────────────────────────────────────────────────────────────────────────────────────────────

    Error Context: test-results\27-break-glass-fixture-res-0642e--memberId-to-a-valid-member-retry1\error-context.md

    Error Context: test-results\27-break-glass-fixture-res-0642e--memberId-to-a-valid-member-retry1\error-context.md


[559/828] tests\e2e\27-break-glass.spec.ts:414:1 › fixture: add a throwaway member to test deletion
[560/828] (retries) tests\e2e\27-break-glass.spec.ts:414:1 › fixture: add a throwaway member to test deletion (retry #1)
  18) tests\e2e\27-break-glass.spec.ts:414:1 › fixture: add a throwaway member to test deletion ────

    TimeoutError: page.click: Timeout 15000ms exceeded.
    Call log:
      - waiting for locator('[data-testid="bg-tab-browser"]')


      413 |
      414 | test('fixture: add a throwaway member to test deletion', async () => {
    > 415 |   await page.click('[data-testid="bg-tab-browser"]');
          |              ^
      416 |   // Add via Settings so we have a clean record with no FK relationships
      417 |   await navigateTo(page, 'settings');
      418 |   await page.click('[data-testid="settings-add-member-btn"]');
        at K:\code\finance-finger\tests\e2e\27-break-glass.spec.ts:415:14

    attachment #1: screenshot (image/png) ──────────────────────────────────────────────────────────
    test-results\27-break-glass-fixture-add-ab9e0-way-member-to-test-deletion\test-finished-2.png
    ────────────────────────────────────────────────────────────────────────────────────────────────

    Error Context: test-results\27-break-glass-fixture-add-ab9e0-way-member-to-test-deletion\error-context.md

    Error Context: test-results\27-break-glass-fixture-add-ab9e0-way-member-to-test-deletion\error-context.md

    attachment #4: trace (application/zip) ─────────────────────────────────────────────────────────
    test-results\27-break-glass-fixture-add-ab9e0-way-member-to-test-deletion\trace.zip
    Usage:

        npx playwright show-trace test-results\27-break-glass-fixture-add-ab9e0-way-member-to-test-deletion\trace.zip

    ────────────────────────────────────────────────────────────────────────────────────────────────

    Retry #1 ───────────────────────────────────────────────────────────────────────────────────────

    TimeoutError: page.click: Timeout 15000ms exceeded.
    Call log:
      - waiting for locator('[data-testid="bg-tab-browser"]')


      413 |
      414 | test('fixture: add a throwaway member to test deletion', async () => {
    > 415 |   await page.click('[data-testid="bg-tab-browser"]');
          |              ^
      416 |   // Add via Settings so we have a clean record with no FK relationships
      417 |   await navigateTo(page, 'settings');
      418 |   await page.click('[data-testid="settings-add-member-btn"]');
        at K:\code\finance-finger\tests\e2e\27-break-glass.spec.ts:415:14

    attachment #1: screenshot (image/png) ──────────────────────────────────────────────────────────
    test-results\27-break-glass-fixture-add-ab9e0-way-member-to-test-deletion-retry1\test-finished-2.png
    ────────────────────────────────────────────────────────────────────────────────────────────────

    attachment #2: screenshot (image/png) ──────────────────────────────────────────────────────────
    test-results\27-break-glass-fixture-add-ab9e0-way-member-to-test-deletion-retry1\test-finished-1.png
    ────────────────────────────────────────────────────────────────────────────────────────────────

    Error Context: test-results\27-break-glass-fixture-add-ab9e0-way-member-to-test-deletion-retry1\error-context.md

    Error Context: test-results\27-break-glass-fixture-add-ab9e0-way-member-to-test-deletion-retry1\error-context.md

    attachment #5: trace (application/zip) ─────────────────────────────────────────────────────────
    test-results\27-break-glass-fixture-add-ab9e0-way-member-to-test-deletion-retry1\trace.zip
    Usage:

        npx playwright show-trace test-results\27-break-glass-fixture-add-ab9e0-way-member-to-test-deletion-retry1\trace.zip

    ────────────────────────────────────────────────────────────────────────────────────────────────


[561/828] tests\e2e\27-break-glass.spec.ts:426:1 › Delete button with confirmation removes the record from the list
[562/828] (retries) tests\e2e\27-break-glass.spec.ts:426:1 › Delete button with confirmation removes the record from the list (retry #1)
  19) tests\e2e\27-break-glass.spec.ts:426:1 › Delete button with confirmation removes the record from the list 

    TimeoutError: locator.click: Timeout 15000ms exceeded.
    Call log:
      - waiting for locator('.bg-list-item').filter({ hasText: 'Delete Me' })


      71 | /** Click a record in the list by its display name text. */
      72 | async function clickRecord(name: string): Promise<void> {
    > 73 |   await page.locator('.bg-list-item').filter({ hasText: name }).click();
         |                                                                 ^
      74 |   await expect(page.locator('[data-testid="bg-edit-btn"]')).toBeVisible();
      75 | }
      76 |
        at clickRecord (K:\code\finance-finger\tests\e2e\27-break-glass.spec.ts:73:65)
        at K:\code\finance-finger\tests\e2e\27-break-glass.spec.ts:429:9

    attachment #1: screenshot (image/png) ──────────────────────────────────────────────────────────
    test-results\27-break-glass-Delete-butt-3dc29-es-the-record-from-the-list\test-finished-2.png
    ────────────────────────────────────────────────────────────────────────────────────────────────

    attachment #2: screenshot (image/png) ──────────────────────────────────────────────────────────
    test-results\27-break-glass-Delete-butt-3dc29-es-the-record-from-the-list\test-finished-1.png
    ────────────────────────────────────────────────────────────────────────────────────────────────

    Error Context: test-results\27-break-glass-Delete-butt-3dc29-es-the-record-from-the-list\error-context.md

    Error Context: test-results\27-break-glass-Delete-butt-3dc29-es-the-record-from-the-list\error-context.md

    attachment #5: trace (application/zip) ─────────────────────────────────────────────────────────
    test-results\27-break-glass-Delete-butt-3dc29-es-the-record-from-the-list\trace.zip
    Usage:

        npx playwright show-trace test-results\27-break-glass-Delete-butt-3dc29-es-the-record-from-the-list\trace.zip

    ────────────────────────────────────────────────────────────────────────────────────────────────

    Retry #1 ───────────────────────────────────────────────────────────────────────────────────────

    TimeoutError: locator.click: Timeout 15000ms exceeded.
    Call log:
      - waiting for locator('.bg-list-item').filter({ hasText: 'Delete Me' })


      71 | /** Click a record in the list by its display name text. */
      72 | async function clickRecord(name: string): Promise<void> {
    > 73 |   await page.locator('.bg-list-item').filter({ hasText: name }).click();
         |                                                                 ^
      74 |   await expect(page.locator('[data-testid="bg-edit-btn"]')).toBeVisible();
      75 | }
      76 |
        at clickRecord (K:\code\finance-finger\tests\e2e\27-break-glass.spec.ts:73:65)
        at K:\code\finance-finger\tests\e2e\27-break-glass.spec.ts:429:9

    attachment #1: screenshot (image/png) ──────────────────────────────────────────────────────────
    test-results\27-break-glass-Delete-butt-3dc29-es-the-record-from-the-list-retry1\test-finished-2.png
    ────────────────────────────────────────────────────────────────────────────────────────────────

    Error Context: test-results\27-break-glass-Delete-butt-3dc29-es-the-record-from-the-list-retry1\error-context.md

    Error Context: test-results\27-break-glass-Delete-butt-3dc29-es-the-record-from-the-list-retry1\error-context.md

    attachment #4: trace (application/zip) ─────────────────────────────────────────────────────────
    test-results\27-break-glass-Delete-butt-3dc29-es-the-record-from-the-list-retry1\trace.zip
    Usage:

        npx playwright show-trace test-results\27-break-glass-Delete-butt-3dc29-es-the-record-from-the-list-retry1\trace.zip

    ────────────────────────────────────────────────────────────────────────────────────────────────


[563/828] tests\e2e\27-break-glass.spec.ts:444:1 › refresh button reloads the current store records
[564/828] (retries) tests\e2e\27-break-glass.spec.ts:444:1 › refresh button reloads the current store records (retry #1)
  20) tests\e2e\27-break-glass.spec.ts:444:1 › refresh button reloads the current store records ────

    TimeoutError: locator.innerText: Timeout 15000ms exceeded.
    Call log:
      - waiting for locator('[data-testid="bg-record-count"]')


      443 |
      444 | test('refresh button reloads the current store records', async () => {
    > 445 |   const countBefore = await page.locator('[data-testid="bg-record-count"]').innerText();
          |                                                                             ^
      446 |   await page.click('[data-testid="bg-refresh-btn"]');
      447 |   // Count should reload and still show (same value since we haven't changed anything)
      448 |   await expect(page.locator('[data-testid="bg-record-count"]')).toContainText('record');
        at K:\code\finance-finger\tests\e2e\27-break-glass.spec.ts:445:77

    Error: ENOENT: no such file or directory, open 'K:\code\finance-finger\test-results\.playwright-artifacts-38\c829facbc8568ddb6858d9909006d933.zip'

    attachment #1: screenshot (image/png) ──────────────────────────────────────────────────────────
    test-results\27-break-glass-refresh-but-77391-s-the-current-store-records\test-finished-2.png
    ────────────────────────────────────────────────────────────────────────────────────────────────

    attachment #2: screenshot (image/png) ──────────────────────────────────────────────────────────
    test-results\27-break-glass-refresh-but-77391-s-the-current-store-records\test-finished-1.png
    ────────────────────────────────────────────────────────────────────────────────────────────────

    Error Context: test-results\27-break-glass-refresh-but-77391-s-the-current-store-records\error-context.md

    Error Context: test-results\27-break-glass-refresh-but-77391-s-the-current-store-records\error-context.md

    Retry #1 ───────────────────────────────────────────────────────────────────────────────────────

    TimeoutError: locator.innerText: Timeout 15000ms exceeded.
    Call log:
      - waiting for locator('[data-testid="bg-record-count"]')


      443 |
      444 | test('refresh button reloads the current store records', async () => {
    > 445 |   const countBefore = await page.locator('[data-testid="bg-record-count"]').innerText();
          |                                                                             ^
      446 |   await page.click('[data-testid="bg-refresh-btn"]');
      447 |   // Count should reload and still show (same value since we haven't changed anything)
      448 |   await expect(page.locator('[data-testid="bg-record-count"]')).toContainText('record');
        at K:\code\finance-finger\tests\e2e\27-break-glass.spec.ts:445:77

    Error: ENOENT: no such file or directory, open 'K:\code\finance-finger\test-results\.playwright-artifacts-39\7d5a9cb6a5a8d62ff3490e66a627dc24.zip'

    attachment #1: screenshot (image/png) ──────────────────────────────────────────────────────────
    test-results\27-break-glass-refresh-but-77391-s-the-current-store-records-retry1\test-finished-2.png
    ────────────────────────────────────────────────────────────────────────────────────────────────

    attachment #2: screenshot (image/png) ──────────────────────────────────────────────────────────
    test-results\27-break-glass-refresh-but-77391-s-the-current-store-records-retry1\test-finished-1.png
    ────────────────────────────────────────────────────────────────────────────────────────────────

    Error Context: test-results\27-break-glass-refresh-but-77391-s-the-current-store-records-retry1\error-context.md

    Error Context: test-results\27-break-glass-refresh-but-77391-s-the-current-store-records-retry1\error-context.md


[565/828] tests\e2e\28-custom-reminders.spec.ts:32:1 › setup: add household member for income tests
[566/828] tests\e2e\28-custom-reminders.spec.ts:41:1 › income create form shows Reminders section
[567/828] tests\e2e\28-custom-reminders.spec.ts:51:1 › income create form: add reminder then save source — reminder persists in Settings
[568/828] tests\e2e\28-custom-reminders.spec.ts:87:1 › expenses create form shows Reminders section
[569/828] tests\e2e\28-custom-reminders.spec.ts:106:1 › expenses create form: add reminder then save expense — reminder persists in Settings
[570/828] tests\e2e\28-custom-reminders.spec.ts:139:1 › debt create form shows Reminders section
[571/828] tests\e2e\28-custom-reminders.spec.ts:149:1 › debt create form: add reminder then save — reminder persists in Settings
[572/828] tests\e2e\28-custom-reminders.spec.ts:179:1 › accounts create form shows Reminders section
[573/828] tests\e2e\28-custom-reminders.spec.ts:190:1 › accounts create form: add reminder then save — reminder persists in Settings
[574/828] tests\e2e\28-custom-reminders.spec.ts:219:1 › income edit form shows Reminders section with linked reminder
[575/828] tests\e2e\28-custom-reminders.spec.ts:237:1 › expense edit form shows Reminders section with linked reminder
[576/828] tests\e2e\29-bill-ledger-and-stale.spec.ts:54:1 › setup: add Utilities category
[577/828] tests\e2e\29-bill-ledger-and-stale.spec.ts:62:1 › setup: add Gas Bill (past-due recurring bill)
[578/828] tests\e2e\29-bill-ledger-and-stale.spec.ts:81:1 › Mark Paid dialog opens for a tracked bill
[579/828] tests\e2e\29-bill-ledger-and-stale.spec.ts:89:1 › Mark Paid dialog amount field is pre-filled
[580/828] tests\e2e\29-bill-ledger-and-stale.spec.ts:94:1 › Mark Paid dialog can be submitted without interaction
[581/828] tests\e2e\29-bill-ledger-and-stale.spec.ts:99:1 › submitting the Mark Paid dialog marks the Gas Bill as paid
[582/828] tests\e2e\29-bill-ledger-and-stale.spec.ts:112:1 › ledger button shows payment count after paying
[583/828] tests\e2e\29-bill-ledger-and-stale.spec.ts:117:1 › opening ledger shows the $72 payment
[584/828] tests\e2e\29-bill-ledger-and-stale.spec.ts:125:1 › ledger row has an edit (✏️) button
[585/828] tests\e2e\29-bill-ledger-and-stale.spec.ts:129:1 › clicking the edit button opens the Edit Payment dialog
[586/828] tests\e2e\29-bill-ledger-and-stale.spec.ts:136:1 › Edit Payment dialog shows the amount field
[587/828] tests\e2e\29-bill-ledger-and-stale.spec.ts:140:1 › Edit Payment dialog pre-fills the existing amount
[588/828] tests\e2e\29-bill-ledger-and-stale.spec.ts:145:1 › editing the amount to $68 and saving updates the ledger
[589/828] tests\e2e\29-bill-ledger-and-stale.spec.ts:157:1 › deleting the payment record removes it from the ledger
[590/828] tests\e2e\29-bill-ledger-and-stale.spec.ts:170:1 › after payment deletion the bill badge is either Sync issue or a status badge
[591/828] tests\e2e\29-bill-ledger-and-stale.spec.ts:190:1 › if stale, the reset-status button is visible
[592/828] tests\e2e\29-bill-ledger-and-stale.spec.ts:204:1 › clicking reset-status clears the stale badge
[593/828] tests\e2e\29-bill-ledger-and-stale.spec.ts:219:1 › payment dialog can be opened again after payment deletion
[594/828] tests\e2e\29-bill-ledger-and-stale.spec.ts:239:1 › setup: navigate to Break Glass page
[595/828] tests\e2e\29-bill-ledger-and-stale.spec.ts:253:1 › switching to Orphan Scanner tab auto-runs the scan without clicking Run Scan
[596/828] tests\e2e\29-bill-ledger-and-stale.spec.ts:260:1 › auto-run scan result is either Clean or reports issues
[597/828] tests\e2e\29-bill-ledger-and-stale.spec.ts:265:1 › manual Run Scan button also works after auto-run
[598/828] tests\e2e\29-bill-ledger-and-stale.spec.ts:273:1 › switching away and back to scanner tab re-runs the scan automatically
[599/828] tests\e2e\30-accounts-ledger.spec.ts:47:1 › setup: add Test Checking bank account
[600/828] tests\e2e\30-accounts-ledger.spec.ts:59:1 › setup: add one-time income "Bonus Pay" linked to Test Checking
[601/828] tests\e2e\30-accounts-ledger.spec.ts:88:1 › setup: add expense category
[602/828] tests\e2e\30-accounts-ledger.spec.ts:96:1 › setup: add Electric Bill expense and mark it paid from Test Checking
[603/828] tests\e2e\30-accounts-ledger.spec.ts:121:1 › setup: add a credit card debt and record a payment from Test Checking
[604/828] tests\e2e\30-accounts-ledger.spec.ts:147:1 › account row has a ledger button
[605/828] tests\e2e\30-accounts-ledger.spec.ts:154:1 › ledger button shows count = 3 (one-time income + expense payment + debt payment)
[606/828] tests\e2e\30-accounts-ledger.spec.ts:162:1 › clicking ledger button opens the transaction panel
[607/828] tests\e2e\30-accounts-ledger.spec.ts:171:1 › ledger panel shows income deposit entry with + prefix and correct amount
[608/828] tests\e2e\30-accounts-ledger.spec.ts:189:1 › ledger panel shows expense payment entry with − prefix
[609/828] tests\e2e\30-accounts-ledger.spec.ts:202:1 › ledger panel shows debt payment entry with amount
[610/828] tests\e2e\30-accounts-ledger.spec.ts:217:1 › ledger panel Date / Time column header is visible
[611/828] tests\e2e\30-accounts-ledger.spec.ts:229:1 › ledger panel each entry shows a timestamp line
[612/828] tests\e2e\30-accounts-ledger.spec.ts:248:1 › clicking ledger button again closes the panel
[613/828] tests\e2e\31-debt-form-validation.spec.ts:42:1 › submitting empty debt form shows error listing Name, Balance, and APR
[614/828] tests\e2e\31-debt-form-validation.spec.ts:56:1 › debt form stays open after validation failure
[615/828] tests\e2e\31-debt-form-validation.spec.ts:63:1 › vehicle debt type can be added
[616/828] tests\e2e\31-debt-form-validation.spec.ts:80:1 › add a past-due credit card for status regression test
[617/828] tests\e2e\31-debt-form-validation.spec.ts:100:1 › past-due card shows ⚠ Past Due badge
[618/828] tests\e2e\31-debt-form-validation.spec.ts:106:1 › recording a payment changes badge to Paid
[619/828] tests\e2e\31-debt-form-validation.spec.ts:119:1 › deleting the payment reverts card to past-due
[620/828] tests\e2e\31-debt-form-validation.spec.ts:139:1 › navigate to debt milestones section
[621/828] tests\e2e\31-debt-form-validation.spec.ts:151:1 › entering an extra monthly payment moves the debt-free date earlier
[622/828] tests\e2e\32-category-lifecycle.spec.ts:34:1 › add Groceries category
[623/828] tests\e2e\32-category-lifecycle.spec.ts:41:1 › add a recurring expense in the Groceries category
[624/828] tests\e2e\32-category-lifecycle.spec.ts:54:1 › add a second expense in the Groceries category
[625/828] tests\e2e\32-category-lifecycle.spec.ts:66:1 › clicking ✕ on Groceries (with linked expenses) triggers a confirm dialog
[626/828] tests\e2e\32-category-lifecycle.spec.ts:78:1 › after dismissing, Groceries category pill still exists
[627/828] tests\e2e\32-category-lifecycle.spec.ts:82:1 › after dismissing, linked expenses are unchanged
[628/828] tests\e2e\32-category-lifecycle.spec.ts:87:1 › accepting the confirm dialog removes the category pill
[629/828] tests\e2e\32-category-lifecycle.spec.ts:101:1 › expenses remain visible after their category is deleted
[630/828] tests\e2e\32-category-lifecycle.spec.ts:107:1 › deleted category no longer appears as a filter chip
[631/828] tests\e2e\32-category-lifecycle.spec.ts:113:1 › navigate to income and add a small income source
[632/828] tests\e2e\32-category-lifecycle.spec.ts:126:1 › dashboard surplus card shows a negative value when expenses exceed income
[633/828] tests\e2e\32-category-lifecycle.spec.ts:139:1 › expenses summary card shows the recurring expense total
[634/828] tests\e2e\33-setup-import-key.spec.ts:48:1 › welcome step is shown on first launch
[635/828] tests\e2e\33-setup-import-key.spec.ts:52:1 › advance past welcome step
[636/828] tests\e2e\33-setup-import-key.spec.ts:59:1 › advance past mascot step
[637/828] tests\e2e\33-setup-import-key.spec.ts:67:1 › import tab is accessible and switching to it shows the import form
[638/828] tests\e2e\33-setup-import-key.spec.ts:77:1 › pasting public and private keys into the import form
[639/828] tests\e2e\33-setup-import-key.spec.ts:84:1 › submitting with empty passphrase shows an error
[640/828] tests\e2e\33-setup-import-key.spec.ts:97:1 › clicking Import & Continue with valid keys advances to the save-key step
[641/828] tests\e2e\33-setup-import-key.spec.ts:108:1 › save-key step says key is already backed up (no download button)
[642/828] tests\e2e\33-setup-import-key.spec.ts:116:1 › Next button is not disabled on the save-key step for imported keys
[643/828] tests\e2e\33-setup-import-key.spec.ts:123:1 › advance past save-key step to profile
[644/828] tests\e2e\33-setup-import-key.spec.ts:130:1 › fill in household name and advance to done
[645/828] tests\e2e\33-setup-import-key.spec.ts:136:1 › entering the app via import path lands on dashboard
[646/828] tests\e2e\34-calendar-memos.spec.ts:57:1 › calendar page loads with the grid
[647/828] tests\e2e\34-calendar-memos.spec.ts:63:1 › day 15 cell is present
[648/828] tests\e2e\34-calendar-memos.spec.ts:69:1 › hovering a day cell reveals the memo + button
[649/828] tests\e2e\34-calendar-memos.spec.ts:79:1 › clicking the + button opens the memo modal
[650/828] tests\e2e\34-calendar-memos.spec.ts:87:1 › typing a note and clicking Add Note saves it
[651/828] tests\e2e\34-calendar-memos.spec.ts:98:1 › closing the modal shows the pencil icon on day 15
[652/828] tests\e2e\34-calendar-memos.spec.ts:110:1 › clicking the pencil opens the viewer showing Note 1 of 1
[653/828] tests\e2e\34-calendar-memos.spec.ts:117:1 › adding a second note updates the pager to Note 2 of 2
[654/828] tests\e2e\34-calendar-memos.spec.ts:125:1 › prev button navigates to Note 1 of 2
[655/828] tests\e2e\34-calendar-memos.spec.ts:132:1 › next button navigates back to Note 2 of 2
[656/828] tests\e2e\34-calendar-memos.spec.ts:137:1 › prev button is disabled at note 1 and next is disabled at note 2
[657/828] tests\e2e\34-calendar-memos.spec.ts:148:1 › closing modal shows stacked sticky note widget with data-stacked="2"
[658/828] tests\e2e\34-calendar-memos.spec.ts:158:1 › deleting the current note reduces the count
[659/828] tests\e2e\34-calendar-memos.spec.ts:169:1 › deleting the last note hides the pager and resets to write state
[660/828] tests\e2e\34-calendar-memos.spec.ts:177:1 › closing modal after all notes deleted restores the + empty button
[661/828] tests\e2e\34-calendar-memos.spec.ts:187:1 › adding a memo then navigating to next month shows no memo widget on that day
[662/828] tests\e2e\34-calendar-memos.spec.ts:212:1 › navigating back to current month restores the memo widget
[663/828] tests\e2e\35-afford.spec.ts:62:1 › afford page loads with heading
[664/828] tests\e2e\35-afford.spec.ts:66:1 › reality panel shows baseline income and expenses
[665/828] tests\e2e\35-afford.spec.ts:76:1 › scenario shelf shows empty state with no films
[666/828] tests\e2e\35-afford.spec.ts:81:1 › + New Film button is visible
[667/828] tests\e2e\35-afford.spec.ts:87:1 › clicking + New Film opens modal
[668/828] tests\e2e\35-afford.spec.ts:93:1 › creating a scenario film adds it to the shelf
[669/828] tests\e2e\35-afford.spec.ts:101:1 › empty state is gone after creating a film
[670/828] tests\e2e\35-afford.spec.ts:107:1 › newly created scenario is expanded (shows Add Income / Expense buttons)
[671/828] tests\e2e\35-afford.spec.ts:113:1 › clicking + Income opens the inline add-item form
[672/828] tests\e2e\35-afford.spec.ts:120:1 › adding a monthly income item saves and shows in items list
[673/828] tests\e2e\35-afford.spec.ts:130:1 › adding a monthly expense item saves and shows in items list
[674/828] tests\e2e\35-afford.spec.ts:141:1 › net effect row reflects combined items (income − expense = +$450/mo)
[675/828] tests\e2e\35-afford.spec.ts:149:1 › clicking scenario header collapses the expanded card
[676/828] tests\e2e\35-afford.spec.ts:154:1 › clicking scenario header again re-expands it
[677/828] tests\e2e\35-afford.spec.ts:161:1 › toggle activates the scenario and shows projection panel
[678/828] tests\e2e\35-afford.spec.ts:167:1 › projection panel shows adjusted income with scenario overlay
[679/828] tests\e2e\35-afford.spec.ts:174:1 › projection panel shows adjusted expenses with scenario overlay
[680/828] tests\e2e\35-afford.spec.ts:181:1 › projection panel shows a can-afford verdict (surplus ≥ $200)
[681/828] tests\e2e\35-afford.spec.ts:190:1 › toggling the scenario off hides the projection panel
[682/828] tests\e2e\35-afford.spec.ts:198:1 › create a second scenario with a large expense to hit tight verdict
[683/828] tests\e2e\35-afford.spec.ts:207:1 › add a large recurring expense to the second scenario
[684/828] tests\e2e\35-afford.spec.ts:219:1 › activating the high-expense scenario shows a cannot-afford verdict
[685/828] tests\e2e\35-afford.spec.ts:230:1 › deleting the second scenario removes it from the shelf
[686/828] tests\e2e\35-afford.spec.ts:241:1 › deleting the only remaining scenario restores empty state
[687/828] tests\e2e\36-insights.spec.ts:33:1 › insights page loads with Education heading
[688/828] tests\e2e\36-insights.spec.ts:37:1 › all five topic tabs are visible
[689/828] tests\e2e\36-insights.spec.ts:45:1 › Debt Basics tab is active by default
[690/828] tests\e2e\36-insights.spec.ts:50:1 › debt content cards are shown by default (APR, Minimum Payment, Avalanche)
[691/828] tests\e2e\36-insights.spec.ts:57:1 › clicking Budgeting tab shows budgeting content
[692/828] tests\e2e\36-insights.spec.ts:64:1 › Budgeting tab is now active and Debt tab is no longer active
[693/828] tests\e2e\36-insights.spec.ts:69:1 › clicking Credit tab shows credit content
[694/828] tests\e2e\36-insights.spec.ts:76:1 › clicking Saving & Investing tab shows savings content
[695/828] tests\e2e\36-insights.spec.ts:82:1 › clicking Privacy & Security tab shows security content
[696/828] tests\e2e\36-insights.spec.ts:89:1 › clicking back to Debt Basics restores debt content
[697/828] tests\e2e\37-help.spec.ts:34:1 › help page loads with Help heading
[698/828] tests\e2e\37-help.spec.ts:38:1 › all section tabs are visible
[699/828] tests\e2e\37-help.spec.ts:49:1 › Setup & Security section is active by default and shows setup content
[700/828] tests\e2e\37-help.spec.ts:56:1 › clicking the Income tab shows income content
[701/828] tests\e2e\37-help.spec.ts:64:1 › clicking the Expenses & Bills tab shows expense content
[702/828] tests\e2e\37-help.spec.ts:71:1 › clicking the Debt tab shows debt content
[703/828] tests\e2e\37-help.spec.ts:79:1 › clicking the Dashboard tab shows dashboard content
[704/828] tests\e2e\37-help.spec.ts:87:1 › ? button on Income page navigates to Help with Income section active
[705/828] tests\e2e\38-account-transfers.spec.ts:58:1 › both accounts are visible
[706/828] tests\e2e\38-account-transfers.spec.ts:62:1 › transfer button is visible on each account row (multiple accounts exist)
[707/828] tests\e2e\38-account-transfers.spec.ts:70:1 › clicking transfer on Main Checking opens the Transfer Funds modal
[708/828] tests\e2e\38-account-transfers.spec.ts:77:1 › modal shows source account name and required fields
[709/828] tests\e2e\38-account-transfers.spec.ts:86:1 › destination select contains Cash Fund
[710/828] tests\e2e\38-account-transfers.spec.ts:93:1 › filling and submitting the transfer records it
[711/828] tests\e2e\38-account-transfers.spec.ts:105:1 › Main Checking ledger shows the transfer as a debit
[712/828] tests\e2e\38-account-transfers.spec.ts:122:1 › Cash Fund ledger shows the transfer as a credit
[713/828] tests\e2e\38-account-transfers.spec.ts:137:1 › Main Checking balance reflects the $500 transfer out
[714/828] tests\e2e\38-account-transfers.spec.ts:143:1 › Cash Fund balance reflects the $500 transfer in
  21) tests\e2e\38-account-transfers.spec.ts:143:1 › Cash Fund balance reflects the $500 transfer in 

    Error: expect(locator).toContainText(expected) failed

    Locator: locator('[data-testid="account-row"]').filter({ hasText: 'Cash Fund' }).locator('[data-testid="account-actual-balance"]')
    Expected substring: "500"
    Received string:    ""


      144 |   // Starting balance was $0; received $500 → $500
      145 |   const cashRow = page.locator('[data-testid="account-row"]').filter({ hasText: 'Cash Fund' });
    > 146 |   await expect(cashRow.locator('[data-testid="account-actual-balance"]')).toContainText('500');
          |                                                                           ^
      147 | });
      148 |
      149 | // ── Second transfer ───────────────────────────────────────────────────────────
        at K:\code\finance-finger\tests\e2e\38-account-transfers.spec.ts:146:75

    Error Context: test-results\38-account-transfers-Cash--24c11-eflects-the-500-transfer-in\error-context.md

    Error Context: test-results\38-account-transfers-Cash--24c11-eflects-the-500-transfer-in\error-context.md

    attachment #3: trace (application/zip) ─────────────────────────────────────────────────────────
    test-results\38-account-transfers-Cash--24c11-eflects-the-500-transfer-in\trace.zip
    Usage:

        npx playwright show-trace test-results\38-account-transfers-Cash--24c11-eflects-the-500-transfer-in\trace.zip

    ────────────────────────────────────────────────────────────────────────────────────────────────


[715/828] tests\e2e\38-account-transfers.spec.ts:151:1 › a second transfer from Cash Fund back to Main Checking works
[716/828] tests\e2e\38-account-transfers.spec.ts:167:1 › after second transfer Cash Fund balance is $300
  22) tests\e2e\38-account-transfers.spec.ts:167:1 › after second transfer Cash Fund balance is $300 

    Error: expect(locator).toContainText(expected) failed

    Locator: locator('[data-testid="account-row"]').filter({ hasText: 'Cash Fund' }).locator('[data-testid="account-actual-balance"]')
    Expected substring: "300"
    Received string:    "-$200.00"
    Timeout: 15000ms

    Call log:
      - Expect "toContainText" with timeout 15000ms
      - waiting for locator('[data-testid="account-row"]').filter({ hasText: 'Cash Fund' }).locator('[data-testid="account-actual-balance"]')
        33 × locator resolved to <span data-testid="account-actual-balance" class="account-row-balance account-row-balance--negative">-$200.00</span>
           - unexpected value "-$200.00"


      168 |   // $0 start + $500 in − $200 out = $300
      169 |   const cashRow = page.locator('[data-testid="account-row"]').filter({ hasText: 'Cash Fund' });
    > 170 |   await expect(cashRow.locator('[data-testid="account-actual-balance"]')).toContainText('300');
          |                                                                           ^
      171 | });
      172 |
      173 | test('after second transfer Main Checking balance is $1,700', async () => {
        at K:\code\finance-finger\tests\e2e\38-account-transfers.spec.ts:170:75

    attachment #1: screenshot (image/png) ──────────────────────────────────────────────────────────
    test-results\38-account-transfers-after-52cb1-er-Cash-Fund-balance-is-300\test-failed-2.png
    ────────────────────────────────────────────────────────────────────────────────────────────────

    attachment #2: screenshot (image/png) ──────────────────────────────────────────────────────────
    test-results\38-account-transfers-after-52cb1-er-Cash-Fund-balance-is-300\test-failed-1.png
    ────────────────────────────────────────────────────────────────────────────────────────────────

    Error Context: test-results\38-account-transfers-after-52cb1-er-Cash-Fund-balance-is-300\error-context.md

    Error Context: test-results\38-account-transfers-after-52cb1-er-Cash-Fund-balance-is-300\error-context.md

    attachment #5: trace (application/zip) ─────────────────────────────────────────────────────────
    test-results\38-account-transfers-after-52cb1-er-Cash-Fund-balance-is-300\trace.zip
    Usage:

        npx playwright show-trace test-results\38-account-transfers-after-52cb1-er-Cash-Fund-balance-is-300\trace.zip

    ────────────────────────────────────────────────────────────────────────────────────────────────


[717/828] tests\e2e\38-account-transfers.spec.ts:173:1 › after second transfer Main Checking balance is $1,700
  23) tests\e2e\38-account-transfers.spec.ts:173:1 › after second transfer Main Checking balance is $1,700 

    Error: expect(locator).toContainText(expected) failed

    Locator: locator('[data-testid="account-row"]').filter({ hasText: 'Main Checking' }).locator('[data-testid="account-actual-balance"]')
    Expected substring: "1,700"
    Received string:    "$2,000.00"
    Timeout: 15000ms

    Call log:
      - Expect "toContainText" with timeout 15000ms
      - waiting for locator('[data-testid="account-row"]').filter({ hasText: 'Main Checking' }).locator('[data-testid="account-actual-balance"]')
        33 × locator resolved to <span class="account-row-balance" data-testid="account-actual-balance">$2,000.00</span>
           - unexpected value "$2,000.00"


      174 |   // $2,000 start − $500 out + $200 in = $1,700
      175 |   const checkingRow = page.locator('[data-testid="account-row"]').filter({ hasText: 'Main Checking' });
    > 176 |   await expect(checkingRow.locator('[data-testid="account-actual-balance"]')).toContainText('1,700');
          |                                                                               ^
      177 | });
      178 |
        at K:\code\finance-finger\tests\e2e\38-account-transfers.spec.ts:176:79

    attachment #1: screenshot (image/png) ──────────────────────────────────────────────────────────
    test-results\38-account-transfers-after-11d84-n-Checking-balance-is-1-700\test-finished-2.png
    ────────────────────────────────────────────────────────────────────────────────────────────────

    attachment #2: screenshot (image/png) ──────────────────────────────────────────────────────────
    test-results\38-account-transfers-after-11d84-n-Checking-balance-is-1-700\test-finished-1.png
    ────────────────────────────────────────────────────────────────────────────────────────────────

    Error Context: test-results\38-account-transfers-after-11d84-n-Checking-balance-is-1-700\error-context.md

    Error Context: test-results\38-account-transfers-after-11d84-n-Checking-balance-is-1-700\error-context.md

    attachment #5: trace (application/zip) ─────────────────────────────────────────────────────────
    test-results\38-account-transfers-after-11d84-n-Checking-balance-is-1-700\trace.zip
    Usage:

        npx playwright show-trace test-results\38-account-transfers-after-11d84-n-Checking-balance-is-1-700\trace.zip

    ────────────────────────────────────────────────────────────────────────────────────────────────


[718/828] tests\e2e\39-snapshots.spec.ts:34:1 › snapshot section is visible in Settings
[719/828] tests\e2e\39-snapshots.spec.ts:40:1 › snapshot list is empty before any snapshot is taken
[720/828] tests\e2e\39-snapshots.spec.ts:46:1 › snapshot now button creates a snapshot and it appears in the list
[721/828] tests\e2e\39-snapshots.spec.ts:55:1 › snapshot row shows label and a restore button
[722/828] tests\e2e\39-snapshots.spec.ts:63:1 › adds a household member that will be captured in a second snapshot
[723/828] tests\e2e\39-snapshots.spec.ts:75:1 › takes a second snapshot that captures the new member
[724/828] tests\e2e\39-snapshots.spec.ts:82:1 › deletes the member so we can verify restore brings it back
[725/828] tests\e2e\39-snapshots.spec.ts:91:1 › restoring the snapshot brings back the deleted member
[726/828] tests\e2e\39-snapshots.spec.ts:120:1 › deleting a snapshot removes it from the list
[727/828] tests\e2e\40-import.spec.ts:130:1 › import button appears on bank account row
[728/828] tests\e2e\40-import.spec.ts:137:1 › clicking import opens the wizard Step 1
[729/828] tests\e2e\40-import.spec.ts:146:1 › loading a CSV file enables the Preview button
[730/828] tests\e2e\40-import.spec.ts:153:1 › backdrop click does NOT close the import wizard
[731/828] tests\e2e\40-import.spec.ts:168:1 › delimiter buttons are visible
[732/828] tests\e2e\40-import.spec.ts:172:1 › Step 2 shows the full preview table with column mapping
[733/828] tests\e2e\40-import.spec.ts:181:1 › preview table contains all data rows
[734/828] tests\e2e\40-import.spec.ts:187:1 › auto-detected column roles map date, description, and amount
[735/828] tests\e2e\40-import.spec.ts:198:1 › Step 3 — review shows progress label for first row
[736/828] tests\e2e\40-import.spec.ts:205:1 › Step 3 — transaction card shows date, description, amount
[737/828] tests\e2e\40-import.spec.ts:213:1 › Step 3 — Prev button is disabled on first row
[738/828] tests\e2e\40-import.spec.ts:217:1 › Step 3 — Skip → button advances to next row
[739/828] tests\e2e\40-import.spec.ts:223:1 › Step 3 — Prev button goes back to the previous row
[740/828] tests\e2e\40-import.spec.ts:229:1 › Step 3 — Confirm → button saves decision and advances
[741/828] tests\e2e\40-import.spec.ts:237:1 › Step 3 — keyword inference pre-selects Income radio for credit transaction
[742/828] tests\e2e\40-import.spec.ts:245:1 › Step 3 — edit toggle shows inline form; Apply changes updates the card
[743/828] tests\e2e\40-import.spec.ts:262:1 › Step 3 — note field accepts input
[744/828] tests\e2e\40-import.spec.ts:271:1 › Step 4 shows snapshot callout and import summary
[745/828] tests\e2e\40-import.spec.ts:279:1 › confirms import and wizard closes
[746/828] tests\e2e\40-import.spec.ts:285:1 › imported transactions appear in the account ledger
[747/828] tests\e2e\40-import.spec.ts:293:1 › import snapshot appears in Settings under Import snapshots
[748/828] tests\e2e\40-import.spec.ts:300:1 › importing the same file again shows a duplicate warning
[749/828] tests\e2e\40-import.spec.ts:322:1 › Re-map columns button navigates back to Step 2
[750/828] tests\e2e\40-import.spec.ts:353:1 › Import CSV button appears in credit card charges panel
[751/828] tests\e2e\40-import.spec.ts:365:1 › completing the card import wizard imports charges
[752/828] tests\e2e\41-import-review.spec.ts:45:1 › repeat detection section is visible in settings
[753/828] tests\e2e\41-import-review.spec.ts:51:1 › enable toggle is checked by default
[754/828] tests\e2e\41-import-review.spec.ts:58:1 › threshold input shows default value of 5
[755/828] tests\e2e\41-import-review.spec.ts:66:1 › rules list shows empty state before any imports
[756/828] tests\e2e\41-import-review.spec.ts:74:1 › can change threshold and save shows toast
[757/828] tests\e2e\42-expense-card-balance-sync.spec.ts:83:1 › setup: add Card Alpha ($1,000)
[758/828] tests\e2e\42-expense-card-balance-sync.spec.ts:96:1 › setup: add Card Beta ($500)
[759/828] tests\e2e\42-expense-card-balance-sync.spec.ts:107:1 › setup: add Bills category
[760/828] tests\e2e\42-expense-card-balance-sync.spec.ts:116:1 › setup: add Internet Service ($80, recurring, past-due)
[761/828] tests\e2e\42-expense-card-balance-sync.spec.ts:131:1 › recording a payment to Card Alpha increases its balance by the payment amount
[762/828] tests\e2e\42-expense-card-balance-sync.spec.ts:149:1 › the auto-created charge appears on Card Alpha with the Auto badge
[763/828] tests\e2e\42-expense-card-balance-sync.spec.ts:161:1 › editing the payment amount from $80 to $100 applies the $20 delta to Card Alpha
[764/828] tests\e2e\42-expense-card-balance-sync.spec.ts:178:1 › the auto-charge on Card Alpha updates to $100 after edit
[765/828] tests\e2e\42-expense-card-balance-sync.spec.ts:186:1 › switching payment from Card Alpha to Card Beta decrements Alpha and increments Beta
[766/828] tests\e2e\42-expense-card-balance-sync.spec.ts:208:1 › auto-charge moved from Card Alpha to Card Beta after card switch
[767/828] tests\e2e\42-expense-card-balance-sync.spec.ts:221:1 › clearing the card from the payment decrements Card Beta back to $500
[768/828] tests\e2e\42-expense-card-balance-sync.spec.ts:239:1 › charge removed from Card Beta after clearing card on payment
[769/828] tests\e2e\42-expense-card-balance-sync.spec.ts:247:1 › setup for ledger delete: re-record Internet Service payment ($80) to Card Alpha
[770/828] tests\e2e\42-expense-card-balance-sync.spec.ts:264:1 › deleting the paid record from the ledger decrements Card Alpha back to $1,000
[771/828] tests\e2e\42-expense-card-balance-sync.spec.ts:285:1 › after ledger delete, Internet Service reverts to unpaid (Record Payment button visible)
[772/828] tests\e2e\42-expense-card-balance-sync.spec.ts:294:1 › setup: add Phone Bill ($60, recurring) and pay it to Card Beta
[773/828] tests\e2e\42-expense-card-balance-sync.spec.ts:320:1 › deleting Phone Bill (with linked charge) decrements Card Beta back to $500
[774/828] tests\e2e\42-expense-card-balance-sync.spec.ts:340:1 › setup: re-record Internet Service payment ($80) to Card Alpha for debt-side delete test
[775/828] tests\e2e\42-expense-card-balance-sync.spec.ts:356:1 › deleting the Auto charge from the debt page decrements Card Alpha back to $1,000
[776/828] tests\e2e\42-expense-card-balance-sync.spec.ts:377:1 › after debt-side charge delete, Internet Service reverts to unpaid on the expenses page
[777/828] tests\e2e\43-break-glass-query.spec.ts:75:1 › fixture: add BQ Member via Settings
[778/828] tests\e2e\43-break-glass-query.spec.ts:85:1 › fixture: add BQ Income source at $2,750 linked to BQ Member
[779/828] tests\e2e\43-break-glass-query.spec.ts:101:1 › Query tab is visible alongside Data Browser and Orphan Scanner
[780/828] tests\e2e\43-break-glass-query.spec.ts:109:1 › clicking Query tab makes it active and shows search form
[781/828] tests\e2e\43-break-glass-query.spec.ts:122:1 › submitting with both inputs empty shows a validation message
[782/828] tests\e2e\43-break-glass-query.spec.ts:133:1 › text search "BQ Member" finds exactly the member record
[783/828] tests\e2e\43-break-glass-query.spec.ts:144:1 › result row shows matched field label
[784/828] tests\e2e\43-break-glass-query.spec.ts:148:1 › text search "BQ" finds records in both Members and Income Sources
[785/828] tests\e2e\43-break-glass-query.spec.ts:158:1 › BQ Income record appears in the Income Sources group
[786/828] tests\e2e\43-break-glass-query.spec.ts:167:1 › amount search $2750 finds BQ Income in Income Sources
[787/828] tests\e2e\43-break-glass-query.spec.ts:178:1 › amount result row shows the matched numeric field (Amount)
[788/828] tests\e2e\43-break-glass-query.spec.ts:187:1 › searching for a non-existent string shows the no-results state
[789/828] tests\e2e\43-break-glass-query.spec.ts:195:1 › searching for an amount that no record has also shows no-results state
[790/828] tests\e2e\43-break-glass-query.spec.ts:203:1 › amount search ±$15 wiggle room finds BQ Income when searching $2740 (10 away)
[791/828] tests\e2e\43-break-glass-query.spec.ts:216:1 › tight tolerance ±$5 does not find BQ Income when searching $2740 (10 away)
[792/828] tests\e2e\43-break-glass-query.spec.ts:226:1 › setup: run text search to get results before testing navigation
[793/828] tests\e2e\43-break-glass-query.spec.ts:232:1 › "View in Browser →" switches to Data Browser with the record open
[794/828] tests\e2e\43-break-glass-query.spec.ts:246:1 › setup: capture BQ Member UUID from Data Browser
[795/828] tests\e2e\43-break-glass-query.spec.ts:264:1 › searching the member UUID finds the income source that references it
[796/828] tests\e2e\44-ledger.spec.ts:45:1 › ledger nav link is visible and navigates to the page
[797/828] tests\e2e\44-ledger.spec.ts:54:1 › shows the opening reconciliation entry for the debt account
[798/828] tests\e2e\44-ledger.spec.ts:69:1 › entry count reflects all entries
[799/828] tests\e2e\44-ledger.spec.ts:75:1 › payment creates a new ledger entry
[800/828] (retries) tests\e2e\44-ledger.spec.ts:75:1 › payment creates a new ledger entry (retry #1)
  24) tests\e2e\44-ledger.spec.ts:75:1 › payment creates a new ledger entry ────────────────────────

    Error: expect(locator).toContainText(expected) failed

    Locator: locator('[data-testid="ledger-entry-row"]').first().locator('.ledger-coin-name')
    Expected substring: "Chase Freedom"
    Timeout: 15000ms
    Error: element(s) not found

    Call log:
      - Expect "toContainText" with timeout 15000ms
      - waiting for locator('[data-testid="ledger-entry-row"]').first().locator('.ledger-coin-name')


      89 |   const firstRow = page.locator('[data-testid="ledger-entry-row"]').first();
      90 |   // Coin shows account name
    > 91 |   await expect(firstRow.locator('.ledger-coin-name')).toContainText('Chase Freedom');
         |                                                       ^
      92 |   // Payment reduces balance: 3200 − 150 = 3050
      93 |   await expect(firstRow.locator('.ledger-coin-balance')).toContainText('$3,050.00');
      94 |   await page.screenshot({ path: 'tests/screenshots/ledger-03-after-payment.png' });
        at K:\code\finance-finger\tests\e2e\44-ledger.spec.ts:91:55

    attachment #1: screenshot (image/png) ──────────────────────────────────────────────────────────
    test-results\44-ledger-payment-creates-a-new-ledger-entry\test-failed-2.png
    ────────────────────────────────────────────────────────────────────────────────────────────────

    attachment #2: screenshot (image/png) ──────────────────────────────────────────────────────────
    test-results\44-ledger-payment-creates-a-new-ledger-entry\test-failed-1.png
    ────────────────────────────────────────────────────────────────────────────────────────────────

    Error Context: test-results\44-ledger-payment-creates-a-new-ledger-entry\error-context.md

    Error Context: test-results\44-ledger-payment-creates-a-new-ledger-entry\error-context.md

    attachment #5: trace (application/zip) ─────────────────────────────────────────────────────────
    test-results\44-ledger-payment-creates-a-new-ledger-entry\trace.zip
    Usage:

        npx playwright show-trace test-results\44-ledger-payment-creates-a-new-ledger-entry\trace.zip

    ────────────────────────────────────────────────────────────────────────────────────────────────

    Retry #1 ───────────────────────────────────────────────────────────────────────────────────────

    Error: expect(locator).toContainText(expected) failed

    Locator: locator('[data-testid="ledger-entry-row"]').first().locator('.ledger-coin-name')
    Expected substring: "Chase Freedom"
    Timeout: 15000ms
    Error: element(s) not found

    Call log:
      - Expect "toContainText" with timeout 15000ms
      - waiting for locator('[data-testid="ledger-entry-row"]').first().locator('.ledger-coin-name')


      89 |   const firstRow = page.locator('[data-testid="ledger-entry-row"]').first();
      90 |   // Coin shows account name
    > 91 |   await expect(firstRow.locator('.ledger-coin-name')).toContainText('Chase Freedom');
         |                                                       ^
      92 |   // Payment reduces balance: 3200 − 150 = 3050
      93 |   await expect(firstRow.locator('.ledger-coin-balance')).toContainText('$3,050.00');
      94 |   await page.screenshot({ path: 'tests/screenshots/ledger-03-after-payment.png' });
        at K:\code\finance-finger\tests\e2e\44-ledger.spec.ts:91:55

    attachment #1: screenshot (image/png) ──────────────────────────────────────────────────────────
    test-results\44-ledger-payment-creates-a-new-ledger-entry-retry1\test-finished-2.png
    ────────────────────────────────────────────────────────────────────────────────────────────────

    attachment #2: screenshot (image/png) ──────────────────────────────────────────────────────────
    test-results\44-ledger-payment-creates-a-new-ledger-entry-retry1\test-finished-1.png
    ────────────────────────────────────────────────────────────────────────────────────────────────

    Error Context: test-results\44-ledger-payment-creates-a-new-ledger-entry-retry1\error-context.md

    Error Context: test-results\44-ledger-payment-creates-a-new-ledger-entry-retry1\error-context.md

    attachment #5: trace (application/zip) ─────────────────────────────────────────────────────────
    test-results\44-ledger-payment-creates-a-new-ledger-entry-retry1\trace.zip
    Usage:

        npx playwright show-trace test-results\44-ledger-payment-creates-a-new-ledger-entry-retry1\trace.zip

    ────────────────────────────────────────────────────────────────────────────────────────────────


[801/828] tests\e2e\44-ledger.spec.ts:99:1 › type filter shows only reconciliation entries
[802/828] (retries) tests\e2e\44-ledger.spec.ts:99:1 › type filter shows only reconciliation entries (retry #1)
  25) tests\e2e\44-ledger.spec.ts:99:1 › type filter shows only reconciliation entries ─────────────

    TimeoutError: page.selectOption: Timeout 15000ms exceeded.
    Call log:
      - waiting for locator('[data-testid="ledger-filter-type"]')


       98 |
       99 | test('type filter shows only reconciliation entries', async () => {
    > 100 |   await page.selectOption('[data-testid="ledger-filter-type"]', 'reconciliation');
          |              ^
      101 |   await expect(page.locator('[data-testid="ledger-entry-count"]')).toContainText('1');
      102 |   const row = page.locator('[data-testid="ledger-entry-row"]').first();
      103 |   await expect(row.locator('.ledger-recon-value')).toContainText('$3,200.00');
        at K:\code\finance-finger\tests\e2e\44-ledger.spec.ts:100:14

    Test timeout of 90000ms exceeded.

    attachment #1: screenshot (image/png) ──────────────────────────────────────────────────────────
    test-results\44-ledger-type-filter-shows-only-reconciliation-entries\test-finished-1.png
    ────────────────────────────────────────────────────────────────────────────────────────────────

    attachment #2: screenshot (image/png) ──────────────────────────────────────────────────────────
    test-results\44-ledger-type-filter-shows-only-reconciliation-entries\test-finished-2.png
    ────────────────────────────────────────────────────────────────────────────────────────────────

    Error Context: test-results\44-ledger-type-filter-shows-only-reconciliation-entries\error-context.md

    Error Context: test-results\44-ledger-type-filter-shows-only-reconciliation-entries\error-context.md

    Retry #1 ───────────────────────────────────────────────────────────────────────────────────────

    TimeoutError: page.selectOption: Timeout 15000ms exceeded.
    Call log:
      - waiting for locator('[data-testid="ledger-filter-type"]')


       98 |
       99 | test('type filter shows only reconciliation entries', async () => {
    > 100 |   await page.selectOption('[data-testid="ledger-filter-type"]', 'reconciliation');
          |              ^
      101 |   await expect(page.locator('[data-testid="ledger-entry-count"]')).toContainText('1');
      102 |   const row = page.locator('[data-testid="ledger-entry-row"]').first();
      103 |   await expect(row.locator('.ledger-recon-value')).toContainText('$3,200.00');
        at K:\code\finance-finger\tests\e2e\44-ledger.spec.ts:100:14

    attachment #1: screenshot (image/png) ──────────────────────────────────────────────────────────
    test-results\44-ledger-type-filter-shows-only-reconciliation-entries-retry1\test-finished-2.png
    ────────────────────────────────────────────────────────────────────────────────────────────────

    attachment #2: screenshot (image/png) ──────────────────────────────────────────────────────────
    test-results\44-ledger-type-filter-shows-only-reconciliation-entries-retry1\test-finished-1.png
    ────────────────────────────────────────────────────────────────────────────────────────────────

    Error Context: test-results\44-ledger-type-filter-shows-only-reconciliation-entries-retry1\error-context.md

    Error Context: test-results\44-ledger-type-filter-shows-only-reconciliation-entries-retry1\error-context.md

    attachment #5: trace (application/zip) ─────────────────────────────────────────────────────────
    test-results\44-ledger-type-filter-shows-only-reconciliation-entries-retry1\trace.zip
    Usage:

        npx playwright show-trace test-results\44-ledger-type-filter-shows-only-reconciliation-entries-retry1\trace.zip

    ────────────────────────────────────────────────────────────────────────────────────────────────


[803/828] tests\e2e\44-ledger.spec.ts:107:1 › type filter shows only payment entries
[804/828] (retries) tests\e2e\44-ledger.spec.ts:107:1 › type filter shows only payment entries (retry #1)
  26) tests\e2e\44-ledger.spec.ts:107:1 › type filter shows only payment entries ───────────────────

    TimeoutError: page.selectOption: Timeout 15000ms exceeded.
    Call log:
      - waiting for locator('[data-testid="ledger-filter-type"]')


      106 |
      107 | test('type filter shows only payment entries', async () => {
    > 108 |   await page.selectOption('[data-testid="ledger-filter-type"]', 'payment');
          |              ^
      109 |   await expect(page.locator('[data-testid="ledger-entry-count"]')).toContainText('1');
      110 |   const row = page.locator('[data-testid="ledger-entry-row"]').first();
      111 |   await expect(row.locator('.ledger-coin-balance')).toContainText('$3,050.00');
        at K:\code\finance-finger\tests\e2e\44-ledger.spec.ts:108:14

    attachment #1: screenshot (image/png) ──────────────────────────────────────────────────────────
    test-results\44-ledger-type-filter-shows-only-payment-entries\test-finished-2.png
    ────────────────────────────────────────────────────────────────────────────────────────────────

    attachment #2: screenshot (image/png) ──────────────────────────────────────────────────────────
    test-results\44-ledger-type-filter-shows-only-payment-entries\test-finished-1.png
    ────────────────────────────────────────────────────────────────────────────────────────────────

    Error Context: test-results\44-ledger-type-filter-shows-only-payment-entries\error-context.md

    Error Context: test-results\44-ledger-type-filter-shows-only-payment-entries\error-context.md

    attachment #5: trace (application/zip) ─────────────────────────────────────────────────────────
    test-results\44-ledger-type-filter-shows-only-payment-entries\trace.zip
    Usage:

        npx playwright show-trace test-results\44-ledger-type-filter-shows-only-payment-entries\trace.zip

    ────────────────────────────────────────────────────────────────────────────────────────────────

    Retry #1 ───────────────────────────────────────────────────────────────────────────────────────

    TimeoutError: page.selectOption: Timeout 15000ms exceeded.
    Call log:
      - waiting for locator('[data-testid="ledger-filter-type"]')


      106 |
      107 | test('type filter shows only payment entries', async () => {
    > 108 |   await page.selectOption('[data-testid="ledger-filter-type"]', 'payment');
          |              ^
      109 |   await expect(page.locator('[data-testid="ledger-entry-count"]')).toContainText('1');
      110 |   const row = page.locator('[data-testid="ledger-entry-row"]').first();
      111 |   await expect(row.locator('.ledger-coin-balance')).toContainText('$3,050.00');
        at K:\code\finance-finger\tests\e2e\44-ledger.spec.ts:108:14

    attachment #1: screenshot (image/png) ──────────────────────────────────────────────────────────
    test-results\44-ledger-type-filter-shows-only-payment-entries-retry1\test-finished-2.png
    ────────────────────────────────────────────────────────────────────────────────────────────────

    attachment #2: screenshot (image/png) ──────────────────────────────────────────────────────────
    test-results\44-ledger-type-filter-shows-only-payment-entries-retry1\test-finished-1.png
    ────────────────────────────────────────────────────────────────────────────────────────────────

    Error Context: test-results\44-ledger-type-filter-shows-only-payment-entries-retry1\error-context.md

    Error Context: test-results\44-ledger-type-filter-shows-only-payment-entries-retry1\error-context.md

    attachment #5: trace (application/zip) ─────────────────────────────────────────────────────────
    test-results\44-ledger-type-filter-shows-only-payment-entries-retry1\trace.zip
    Usage:

        npx playwright show-trace test-results\44-ledger-type-filter-shows-only-payment-entries-retry1\trace.zip

    ────────────────────────────────────────────────────────────────────────────────────────────────


[805/828] tests\e2e\44-ledger.spec.ts:114:1 › filter reset restores all entries
[806/828] (retries) tests\e2e\44-ledger.spec.ts:114:1 › filter reset restores all entries (retry #1)
  27) tests\e2e\44-ledger.spec.ts:114:1 › filter reset restores all entries ────────────────────────

    TimeoutError: page.click: Timeout 15000ms exceeded.
    Call log:
      - waiting for locator('[data-testid="ledger-filter-reset"]')


      113 |
      114 | test('filter reset restores all entries', async () => {
    > 115 |   await page.click('[data-testid="ledger-filter-reset"]');
          |              ^
      116 |   await expect(page.locator('[data-testid="ledger-entry-count"]')).toContainText('2');
      117 | });
      118 |
        at K:\code\finance-finger\tests\e2e\44-ledger.spec.ts:115:14

    attachment #1: screenshot (image/png) ──────────────────────────────────────────────────────────
    test-results\44-ledger-filter-reset-restores-all-entries\test-finished-2.png
    ────────────────────────────────────────────────────────────────────────────────────────────────

    attachment #2: screenshot (image/png) ──────────────────────────────────────────────────────────
    test-results\44-ledger-filter-reset-restores-all-entries\test-finished-1.png
    ────────────────────────────────────────────────────────────────────────────────────────────────

    Error Context: test-results\44-ledger-filter-reset-restores-all-entries\error-context.md

    Error Context: test-results\44-ledger-filter-reset-restores-all-entries\error-context.md

    attachment #5: trace (application/zip) ─────────────────────────────────────────────────────────
    test-results\44-ledger-filter-reset-restores-all-entries\trace.zip
    Usage:

        npx playwright show-trace test-results\44-ledger-filter-reset-restores-all-entries\trace.zip

    ────────────────────────────────────────────────────────────────────────────────────────────────

    Retry #1 ───────────────────────────────────────────────────────────────────────────────────────

    TimeoutError: page.click: Timeout 15000ms exceeded.
    Call log:
      - waiting for locator('[data-testid="ledger-filter-reset"]')


      113 |
      114 | test('filter reset restores all entries', async () => {
    > 115 |   await page.click('[data-testid="ledger-filter-reset"]');
          |              ^
      116 |   await expect(page.locator('[data-testid="ledger-entry-count"]')).toContainText('2');
      117 | });
      118 |
        at K:\code\finance-finger\tests\e2e\44-ledger.spec.ts:115:14

    attachment #1: screenshot (image/png) ──────────────────────────────────────────────────────────
    test-results\44-ledger-filter-reset-restores-all-entries-retry1\test-finished-2.png
    ────────────────────────────────────────────────────────────────────────────────────────────────

    attachment #2: screenshot (image/png) ──────────────────────────────────────────────────────────
    test-results\44-ledger-filter-reset-restores-all-entries-retry1\test-finished-1.png
    ────────────────────────────────────────────────────────────────────────────────────────────────

    Error Context: test-results\44-ledger-filter-reset-restores-all-entries-retry1\error-context.md

    Error Context: test-results\44-ledger-filter-reset-restores-all-entries-retry1\error-context.md

    attachment #5: trace (application/zip) ─────────────────────────────────────────────────────────
    test-results\44-ledger-filter-reset-restores-all-entries-retry1\trace.zip
    Usage:

        npx playwright show-trace test-results\44-ledger-filter-reset-restores-all-entries-retry1\trace.zip

    ────────────────────────────────────────────────────────────────────────────────────────────────


[807/828] tests\e2e\44-ledger.spec.ts:119:1 › date filter by future date shows empty state
[808/828] (retries) tests\e2e\44-ledger.spec.ts:119:1 › date filter by future date shows empty state (retry #1)
  28) tests\e2e\44-ledger.spec.ts:119:1 › date filter by future date shows empty state ─────────────

    TimeoutError: page.fill: Timeout 15000ms exceeded.
    Call log:
      - waiting for locator('[data-testid="ledger-filter-from"]')


      118 |
      119 | test('date filter by future date shows empty state', async () => {
    > 120 |   await page.fill('[data-testid="ledger-filter-from"]', '2099-01-01');
          |              ^
      121 |   await expect(page.locator('[data-testid="ledger-empty-title"]')).toBeVisible();
      122 |   await expect(page.locator('[data-testid="ledger-entry-count"]')).toContainText('0');
      123 |   await page.fill('[data-testid="ledger-filter-from"]', '');
        at K:\code\finance-finger\tests\e2e\44-ledger.spec.ts:120:14

    attachment #1: screenshot (image/png) ──────────────────────────────────────────────────────────
    test-results\44-ledger-date-filter-by-future-date-shows-empty-state\test-finished-2.png
    ────────────────────────────────────────────────────────────────────────────────────────────────

    attachment #2: screenshot (image/png) ──────────────────────────────────────────────────────────
    test-results\44-ledger-date-filter-by-future-date-shows-empty-state\test-finished-1.png
    ────────────────────────────────────────────────────────────────────────────────────────────────

    Error Context: test-results\44-ledger-date-filter-by-future-date-shows-empty-state\error-context.md

    Error Context: test-results\44-ledger-date-filter-by-future-date-shows-empty-state\error-context.md

    attachment #5: trace (application/zip) ─────────────────────────────────────────────────────────
    test-results\44-ledger-date-filter-by-future-date-shows-empty-state\trace.zip
    Usage:

        npx playwright show-trace test-results\44-ledger-date-filter-by-future-date-shows-empty-state\trace.zip

    ────────────────────────────────────────────────────────────────────────────────────────────────

    Retry #1 ───────────────────────────────────────────────────────────────────────────────────────

    TimeoutError: page.fill: Timeout 15000ms exceeded.
    Call log:
      - waiting for locator('[data-testid="ledger-filter-from"]')


      118 |
      119 | test('date filter by future date shows empty state', async () => {
    > 120 |   await page.fill('[data-testid="ledger-filter-from"]', '2099-01-01');
          |              ^
      121 |   await expect(page.locator('[data-testid="ledger-empty-title"]')).toBeVisible();
      122 |   await expect(page.locator('[data-testid="ledger-entry-count"]')).toContainText('0');
      123 |   await page.fill('[data-testid="ledger-filter-from"]', '');
        at K:\code\finance-finger\tests\e2e\44-ledger.spec.ts:120:14

    attachment #1: screenshot (image/png) ──────────────────────────────────────────────────────────
    test-results\44-ledger-date-filter-by-future-date-shows-empty-state-retry1\test-finished-2.png
    ────────────────────────────────────────────────────────────────────────────────────────────────

    attachment #2: screenshot (image/png) ──────────────────────────────────────────────────────────
    test-results\44-ledger-date-filter-by-future-date-shows-empty-state-retry1\test-finished-1.png
    ────────────────────────────────────────────────────────────────────────────────────────────────

    Error Context: test-results\44-ledger-date-filter-by-future-date-shows-empty-state-retry1\error-context.md

    Error Context: test-results\44-ledger-date-filter-by-future-date-shows-empty-state-retry1\error-context.md

    attachment #5: trace (application/zip) ─────────────────────────────────────────────────────────
    test-results\44-ledger-date-filter-by-future-date-shows-empty-state-retry1\trace.zip
    Usage:

        npx playwright show-trace test-results\44-ledger-date-filter-by-future-date-shows-empty-state-retry1\trace.zip

    ────────────────────────────────────────────────────────────────────────────────────────────────


[809/828] tests\e2e\44-ledger.spec.ts:129:1 › adding a card charge creates a charge ledger entry
[810/828] (retries) tests\e2e\44-ledger.spec.ts:129:1 › adding a card charge creates a charge ledger entry (retry #1)
  29) tests\e2e\44-ledger.spec.ts:129:1 › adding a card charge creates a charge ledger entry ───────

    Error: expect(locator).toContainText(expected) failed

    Locator: locator('[data-testid="ledger-entry-count"]')
    Expected substring: "3"
    Received string:    "2"
    Timeout: 15000ms

    Call log:
      - Expect "toContainText" with timeout 15000ms
      - waiting for locator('[data-testid="ledger-entry-count"]')
        33 × locator resolved to <span class="ledger-summary-count" data-testid="ledger-entry-count">2</span>
           - unexpected value "2"


      147 |   // Ledger now has 3 entries
      148 |   await navigateTo(page, 'ledger');
    > 149 |   await expect(page.locator('[data-testid="ledger-entry-count"]')).toContainText('3');
          |                                                                    ^
      150 |
      151 |   // Newest-first: first row is the charge
      152 |   const firstRow = page.locator('[data-testid="ledger-entry-row"]').first();
        at K:\code\finance-finger\tests\e2e\44-ledger.spec.ts:149:68

    attachment #1: screenshot (image/png) ──────────────────────────────────────────────────────────
    test-results\44-ledger-adding-a-card-charge-creates-a-charge-ledger-entry\test-finished-2.png
    ────────────────────────────────────────────────────────────────────────────────────────────────

    attachment #2: screenshot (image/png) ──────────────────────────────────────────────────────────
    test-results\44-ledger-adding-a-card-charge-creates-a-charge-ledger-entry\test-finished-1.png
    ────────────────────────────────────────────────────────────────────────────────────────────────

    Error Context: test-results\44-ledger-adding-a-card-charge-creates-a-charge-ledger-entry\error-context.md

    Error Context: test-results\44-ledger-adding-a-card-charge-creates-a-charge-ledger-entry\error-context.md

    attachment #5: trace (application/zip) ─────────────────────────────────────────────────────────
    test-results\44-ledger-adding-a-card-charge-creates-a-charge-ledger-entry\trace.zip
    Usage:

        npx playwright show-trace test-results\44-ledger-adding-a-card-charge-creates-a-charge-ledger-entry\trace.zip

    ────────────────────────────────────────────────────────────────────────────────────────────────

    Retry #1 ───────────────────────────────────────────────────────────────────────────────────────

    Error: expect(locator).toContainText(expected) failed

    Locator: locator('[data-testid="ledger-entry-count"]')
    Expected substring: "3"
    Received string:    "2"
    Timeout: 15000ms

    Call log:
      - Expect "toContainText" with timeout 15000ms
      - waiting for locator('[data-testid="ledger-entry-count"]')
        32 × locator resolved to <span class="ledger-summary-count" data-testid="ledger-entry-count">2</span>
           - unexpected value "2"


      147 |   // Ledger now has 3 entries
      148 |   await navigateTo(page, 'ledger');
    > 149 |   await expect(page.locator('[data-testid="ledger-entry-count"]')).toContainText('3');
          |                                                                    ^
      150 |
      151 |   // Newest-first: first row is the charge
      152 |   const firstRow = page.locator('[data-testid="ledger-entry-row"]').first();
        at K:\code\finance-finger\tests\e2e\44-ledger.spec.ts:149:68

    attachment #1: screenshot (image/png) ──────────────────────────────────────────────────────────
    test-results\44-ledger-adding-a-card-charge-creates-a-charge-ledger-entry-retry1\test-finished-2.png
    ────────────────────────────────────────────────────────────────────────────────────────────────

    attachment #2: screenshot (image/png) ──────────────────────────────────────────────────────────
    test-results\44-ledger-adding-a-card-charge-creates-a-charge-ledger-entry-retry1\test-finished-1.png
    ────────────────────────────────────────────────────────────────────────────────────────────────

    Error Context: test-results\44-ledger-adding-a-card-charge-creates-a-charge-ledger-entry-retry1\error-context.md

    Error Context: test-results\44-ledger-adding-a-card-charge-creates-a-charge-ledger-entry-retry1\error-context.md

    attachment #5: trace (application/zip) ─────────────────────────────────────────────────────────
    test-results\44-ledger-adding-a-card-charge-creates-a-charge-ledger-entry-retry1\trace.zip
    Usage:

        npx playwright show-trace test-results\44-ledger-adding-a-card-charge-creates-a-charge-ledger-entry-retry1\trace.zip

    ────────────────────────────────────────────────────────────────────────────────────────────────


[811/828] tests\e2e\45-reconciliation.spec.ts:45:1 › Reconciliation section is visible in Settings
[812/828] tests\e2e\45-reconciliation.spec.ts:51:1 › Recon Card account row is visible with current balance
[813/828] tests\e2e\45-reconciliation.spec.ts:63:1 › clicking Set Balance without a memo shows a validation error
[814/828] tests\e2e\45-reconciliation.spec.ts:78:1 › setting a new balance with a memo updates the displayed current balance
[815/828] tests\e2e\45-reconciliation.spec.ts:91:1 › the Debt page reflects the new reconciled balance
[816/828] tests\e2e\45-reconciliation.spec.ts:98:1 › the Ledger shows the new reconciliation entry with memo as note
[817/828] (retries) tests\e2e\45-reconciliation.spec.ts:98:1 › the Ledger shows the new reconciliation entry with memo as note (retry #1)
  30) tests\e2e\45-reconciliation.spec.ts:98:1 › the Ledger shows the new reconciliation entry with memo as note 

    Error: expect(locator).toContainText(expected) failed

    Locator: locator('[data-testid="ledger-entry-row"]').first().locator('.ledger-recon-value')
    Expected substring: "$2,100.00"
    Received string:    "$2,500.00"
    Timeout: 15000ms

    Call log:
      - Expect "toContainText" with timeout 15000ms
      - waiting for locator('[data-testid="ledger-entry-row"]').first().locator('.ledger-recon-value')
        32 × locator resolved to <span class="ledger-recon-value">$2,500.00</span>
           - unexpected value "$2,500.00"


      107 |   // The most recent (top) reconciliation entry should show $2,100.00
      108 |   const firstRow = page.locator('[data-testid="ledger-entry-row"]').first();
    > 109 |   await expect(firstRow.locator('.ledger-recon-value')).toContainText('$2,100.00');
          |                                                         ^
      110 |   // The memo should appear as the note on the ledger entry
      111 |   await expect(firstRow.locator('.ledger-txn-note')).toContainText('Statement balance from bank portal');
      112 |   await page.screenshot({ path: 'tests/screenshots/recon-06-ledger-entry.png' });
        at K:\code\finance-finger\tests\e2e\45-reconciliation.spec.ts:109:57

    attachment #1: screenshot (image/png) ──────────────────────────────────────────────────────────
    test-results\45-reconciliation-the-Ledg-35410-ion-entry-with-memo-as-note\test-failed-2.png
    ────────────────────────────────────────────────────────────────────────────────────────────────

    attachment #2: screenshot (image/png) ──────────────────────────────────────────────────────────
    test-results\45-reconciliation-the-Ledg-35410-ion-entry-with-memo-as-note\test-failed-1.png
    ────────────────────────────────────────────────────────────────────────────────────────────────

    Error Context: test-results\45-reconciliation-the-Ledg-35410-ion-entry-with-memo-as-note\error-context.md

    Error Context: test-results\45-reconciliation-the-Ledg-35410-ion-entry-with-memo-as-note\error-context.md

    attachment #5: trace (application/zip) ─────────────────────────────────────────────────────────
    test-results\45-reconciliation-the-Ledg-35410-ion-entry-with-memo-as-note\trace.zip
    Usage:

        npx playwright show-trace test-results\45-reconciliation-the-Ledg-35410-ion-entry-with-memo-as-note\trace.zip

    ────────────────────────────────────────────────────────────────────────────────────────────────

    Retry #1 ───────────────────────────────────────────────────────────────────────────────────────

    Error: expect(locator).toContainText(expected) failed

    Locator: locator('[data-testid="ledger-entry-count"]')
    Expected substring: "2"
    Received string:    "1"
    Timeout: 15000ms

    Call log:
      - Expect "toContainText" with timeout 15000ms
      - waiting for locator('[data-testid="ledger-entry-count"]')
        32 × locator resolved to <span class="ledger-summary-count" data-testid="ledger-entry-count">1</span>
           - unexpected value "1"


      103 |
      104 |   // Should have 2 recon entries: opening balance ($2,500) + the manual one ($2,100)
    > 105 |   await expect(page.locator('[data-testid="ledger-entry-count"]')).toContainText('2');
          |                                                                    ^
      106 |
      107 |   // The most recent (top) reconciliation entry should show $2,100.00
      108 |   const firstRow = page.locator('[data-testid="ledger-entry-row"]').first();
        at K:\code\finance-finger\tests\e2e\45-reconciliation.spec.ts:105:68

    attachment #1: screenshot (image/png) ──────────────────────────────────────────────────────────
    test-results\45-reconciliation-the-Ledg-35410-ion-entry-with-memo-as-note-retry1\test-finished-2.png
    ────────────────────────────────────────────────────────────────────────────────────────────────

    attachment #2: screenshot (image/png) ──────────────────────────────────────────────────────────
    test-results\45-reconciliation-the-Ledg-35410-ion-entry-with-memo-as-note-retry1\test-finished-1.png
    ────────────────────────────────────────────────────────────────────────────────────────────────

    Error Context: test-results\45-reconciliation-the-Ledg-35410-ion-entry-with-memo-as-note-retry1\error-context.md

    Error Context: test-results\45-reconciliation-the-Ledg-35410-ion-entry-with-memo-as-note-retry1\error-context.md

    attachment #5: trace (application/zip) ─────────────────────────────────────────────────────────
    test-results\45-reconciliation-the-Ledg-35410-ion-entry-with-memo-as-note-retry1\trace.zip
    Usage:

        npx playwright show-trace test-results\45-reconciliation-the-Ledg-35410-ion-entry-with-memo-as-note-retry1\trace.zip

    ────────────────────────────────────────────────────────────────────────────────────────────────


[818/828] tests\e2e\45-reconciliation.spec.ts:117:1 › invalid (negative) input shows an error and does not save
